BL51 BANKED LINKER/LOCATER V6.22.2.0                                                    02/20/2019  18:47:09  PAGE 1


BL51 BANKED LINKER/LOCATER V6.22.2.0, INVOKED BY:
E:\KEIL_V5\C51\BIN\BL51.EXE .\OBJ\main.obj, .\OBJ\delay.obj, .\OBJ\led.obj, .\OBJ\DHT11.obj, .\OBJ\ds1302.obj, .\OBJ\key
>> .obj, .\OBJ\oled.obj, .\OBJ\usart.obj, .\OBJ\timer.obj, .\OBJ\gui.obj, .\OBJ\dlg_desktop.obj, .\OBJ\dlg_KeyDemo.obj, 
>> .\OBJ\dlg_LedDemo.obj, .\OBJ\dlg_mainmenu.obj, .\OBJ\oledfont.obj TO .\OBJ\OLED_GUI_DEMO_LED_OK PRINT (.\OLED_GUI_DEM
>> O_LED_OK.m51) RAMSIZE (256)


MEMORY MODEL: LARGE


INPUT MODULES INCLUDED:
  .\OBJ\main.obj (MAIN)
  .\OBJ\delay.obj (DELAY)
  .\OBJ\led.obj (LED)
  .\OBJ\DHT11.obj (DHT11)
  .\OBJ\ds1302.obj (DS1302)
  .\OBJ\key.obj (KEY)
  .\OBJ\oled.obj (OLED)
  .\OBJ\usart.obj (USART)
  .\OBJ\timer.obj (TIMER)
  .\OBJ\gui.obj (GUI)
  .\OBJ\dlg_desktop.obj (DLG_DESKTOP)
  .\OBJ\dlg_KeyDemo.obj (DLG_KEYDEMO)
  .\OBJ\dlg_LedDemo.obj (DLG_LEDDEMO)
  .\OBJ\dlg_mainmenu.obj (DLG_MAINMENU)
  .\OBJ\oledfont.obj (OLEDFONT)
  E:\KEIL_V5\C51\LIB\C51L.LIB (?C_STARTUP)
  E:\KEIL_V5\C51\LIB\C51L.LIB (?C?CLDPTR)
  E:\KEIL_V5\C51\LIB\C51L.LIB (?C?CLDOPTR)
  E:\KEIL_V5\C51\LIB\C51L.LIB (?C?CSTPTR)
  E:\KEIL_V5\C51\LIB\C51L.LIB (?C?IMUL)
  E:\KEIL_V5\C51\LIB\C51L.LIB (?C?UIDIV)
  E:\KEIL_V5\C51\LIB\C51L.LIB (?C?ILDIX)
  E:\KEIL_V5\C51\LIB\C51L.LIB (?C?ILDOPTR)
  E:\KEIL_V5\C51\LIB\C51L.LIB (?C?IILDOPTR)
  E:\KEIL_V5\C51\LIB\C51L.LIB (?C?ISTOPTR)
  E:\KEIL_V5\C51\LIB\C51L.LIB (?C?ULCMP)
  E:\KEIL_V5\C51\LIB\C51L.LIB (?C?LSTPTR)
  E:\KEIL_V5\C51\LIB\C51L.LIB (?C?LSTOPTR)
  E:\KEIL_V5\C51\LIB\C51L.LIB (?C?LLDIDATA)
  E:\KEIL_V5\C51\LIB\C51L.LIB (?C?LLDIDATA0)
  E:\KEIL_V5\C51\LIB\C51L.LIB (?C?LLDPTR0)
  E:\KEIL_V5\C51\LIB\C51L.LIB (?C?LSTIDATA)
  E:\KEIL_V5\C51\LIB\C51L.LIB (?C?LSTXDATA)
  E:\KEIL_V5\C51\LIB\C51L.LIB (?C?PLDOPTR)
  E:\KEIL_V5\C51\LIB\C51L.LIB (PRINTF)
  E:\KEIL_V5\C51\LIB\C51L.LIB (?C?MEMSET)
  E:\KEIL_V5\C51\LIB\C51L.LIB (?C_INIT)
  E:\KEIL_V5\C51\LIB\C51L.LIB (?C?IILDX)
  E:\KEIL_V5\C51\LIB\C51L.LIB (?C?LLDXDATA0)
  E:\KEIL_V5\C51\LIB\C51L.LIB (?C?LLDPDATA0)
  E:\KEIL_V5\C51\LIB\C51L.LIB (?C?LLDCODE0)
  E:\KEIL_V5\C51\LIB\C51L.LIB (?C?LSTPDATA)
  E:\KEIL_V5\C51\LIB\C51L.LIB (?C?PLDIDATA)
  E:\KEIL_V5\C51\LIB\C51L.LIB (?C?PLDXDATA)
  E:\KEIL_V5\C51\LIB\C51L.LIB (?C?PLDIXDATA)
  E:\KEIL_V5\C51\LIB\C51L.LIB (?C?PSTXDATA)
  E:\KEIL_V5\C51\LIB\C51L.LIB (?C?PLDPDATA)
BL51 BANKED LINKER/LOCATER V6.22.2.0                                                  02/20/2019  18:47:09  PAGE 2


  E:\KEIL_V5\C51\LIB\C51L.LIB (?C?PLDCODE)
  E:\KEIL_V5\C51\LIB\C51L.LIB (?C?CCASE)


LINK MAP OF MODULE:  .\OBJ\OLED_GUI_DEMO_LED_OK (MAIN)


            TYPE    BASE      LENGTH    RELOCATION   SEGMENT NAME
            -----------------------------------------------------

            * * * * * * *   D A T A   M E M O R Y   * * * * * * *
            REG     0000H     0008H     ABSOLUTE     "REG BANK 0"
            DATA    0008H     0005H     UNIT         _DATA_GROUP_
            IDATA   000DH     0010H     UNIT         ?ID?KEY
            IDATA   001DH     0001H     UNIT         ?ID?DLG_KEYDEMO
            IDATA   001EH     0001H     UNIT         ?ID?DLG_LEDDEMO
            IDATA   001FH     0001H     UNIT         ?ID?DLG_MAINMENU
            BIT     0020H.0   0001H.2   UNIT         _BIT_GROUP_
            BIT     0021H.2   0000H.2   UNIT         ?BI?USART
            BIT     0021H.4   0000H.1   UNIT         ?BI?_OLED_SHOWNUM?OLED
                    0021H.5   0000H.3                *** GAP ***
            IDATA   0022H     000BH     UNIT         ?ID?GUI
            IDATA   002DH     0004H     UNIT         ?ID?TIMER
            IDATA   0031H     0001H     UNIT         ?STACK

            * * * * * * *  X D A T A   M E M O R Y  * * * * * * *
            XDATA   0000H     004BH     UNIT         ?XD?OLEDFONT
            XDATA   004BH     0047H     UNIT         _XDATA_GROUP_
            XDATA   0092H     000DH     UNIT         ?XD?GUI
            XDATA   009FH     0009H     UNIT         ?XD?DHT11_RECEIVE?DHT11
            XDATA   00A8H     0009H     UNIT         ?XD?_OLED_SHOWNUM?OLED
            XDATA   00B1H     0007H     UNIT         ?XD?DS1302
            XDATA   00B8H     0006H     UNIT         ?XD?DLG_LEDDEMO
            XDATA   00BEH     0003H     UNIT         ?XD?_SENDSTRING?USART
            XDATA   00C1H     0002H     UNIT         ?XD?DHT11_REC_BYTE?DHT11
            XDATA   00C3H     0002H     UNIT         ?XD?DHT11
            XDATA   00C5H     0002H     UNIT         ?XD?_FILL_PICTURE?OLED
            XDATA   00C7H     0001H     UNIT         ?XD?OLED_ON?OLED
            XDATA   00C8H     0001H     UNIT         ?XD?_OLED_POW?OLED

            * * * * * * *   C O D E   M E M O R Y   * * * * * * *
            CODE    0000H     0003H     ABSOLUTE     
            CODE    0003H     001EH     UNIT         ?PR?_OLED_POW?OLED
            CODE    0021H     0001H     UNIT         ?PR?_GUI_DLGDEFAULTPROC?GUI
                    0022H     0001H                  *** GAP ***
            CODE    0023H     0003H     ABSOLUTE     
            CODE    0026H     0078H     UNIT         ?PR?_SENDSTRING?USART
            CODE    009EH     0005H     UNIT         ?PR?_GUI_DLGSETACTIVE?GUI
            CODE    00A3H     0003H     ABSOLUTE     
            CODE    00A6H     0AE2H     UNIT         ?CO?OLEDFONT
            CODE    0B88H     080FH     UNIT         ?CO?MAIN
            CODE    1397H     0365H     UNIT         ?PR?PRINTF?PRINTF
            CODE    16FCH     033BH     UNIT         ?C?LIB_CODE
            CODE    1A37H     0154H     UNIT         ?PR?KEY_TASK?KEY
            CODE    1B8BH     014BH     UNIT         ?PR?_OLED_SHOWCHAR?OLED
            CODE    1CD6H     0109H     UNIT         ?PR?_OLED_SHOWCHINESE?OLED
            CODE    1DDFH     00FEH     UNIT         ?PR?_OLED_SHOWCHINESE2?OLED
BL51 BANKED LINKER/LOCATER V6.22.2.0                                                  02/20/2019  18:47:09  PAGE 3


            CODE    1EDDH     00F5H     UNIT         ?PR?_GUI_DRAWCONTROL?GUI
            CODE    1FD2H     00E5H     UNIT         ?PR?_DUMPKEYINFO?DLG_KEYDEMO
            CODE    20B7H     00E1H     UNIT         ?PR?GUI_TASK?GUI
            CODE    2198H     00E0H     UNIT         ?PR?OLED_INIT?OLED
            CODE    2278H     00C3H     UNIT         ?PR?_OLED_SHOWNUM?OLED
            CODE    233BH     009CH     UNIT         ?PR?_GUI_SEARCHPREVCONTROL?GUI
            CODE    23D7H     0096H     UNIT         ?PR?DHT11_RECEIVE?DHT11
            CODE    246DH     0095H     UNIT         ?PR?_FLASH2?DLG_LEDDEMO
            CODE    2502H     008EH     UNIT         ?PR?_GUI_DLGKEYDEMOPROC?DLG_KEYDEMO
            CODE    2590H     008CH     UNIT         ?C_C51STARTUP
            CODE    261CH     008AH     UNIT         ?CO?GUI
            CODE    26A6H     0089H     UNIT         ?PR?_OLED_DRAWBMP?OLED
            CODE    272FH     0089H     UNIT         ?PR?_GUI_SEARCHNEXTCONTROL?GUI
            CODE    27B8H     0085H     UNIT         ?PR?_GUI_DLGLEDDEMOPROC?DLG_LEDDEMO
            CODE    283DH     007EH     UNIT         ?CO?DLG_MAINMENU
            CODE    28BBH     0078H     UNIT         ?PR?_GUI_DRAWALLCONTROLS?GUI
            CODE    2933H     0077H     UNIT         ?PR?_GUI_DLGMAINMENUPROC?DLG_MAINMENU
            CODE    29AAH     0075H     UNIT         ?C_INITSEG
            CODE    2A1FH     0069H     UNIT         ?PR?_KEY_GETKEYCODE?KEY
            CODE    2A88H     0068H     UNIT         ?PR?_OLED_SHOWSTRING?OLED
            CODE    2AF0H     0065H     UNIT         ?PR?_FIND_INDEX?OLED
            CODE    2B55H     005DH     UNIT         ?PR?_FLASH3?DLG_LEDDEMO
            CODE    2BB2H     005CH     UNIT         ?PR?_DS1302READ?DS1302
            CODE    2C0EH     0054H     UNIT         ?PR?_FLASH1?DLG_LEDDEMO
            CODE    2C62H     0053H     UNIT         ?PR?MAIN?MAIN
            CODE    2CB5H     004FH     UNIT         ?PR?GUI_DLGLEDDEMOOPEN?DLG_LEDDEMO
            CODE    2D04H     004DH     UNIT         ?CO?DLG_LEDDEMO
            CODE    2D51H     004AH     UNIT         ?PR?INITKEYDEMO?DLG_KEYDEMO
            CODE    2D9BH     0047H     UNIT         ?PR?_DS1302WRITE?DS1302
            CODE    2DE2H     0043H     UNIT         ?PR?_USART_INIT?USART
            CODE    2E25H     0043H     UNIT         ?PR?TIMER4_ISR?TIMER
            CODE    2E68H     0041H     UNIT         ?PR?_FILL_PICTURE?OLED
            CODE    2EA9H     0041H     UNIT         ?PR?SHOWLOGO?DLG_DESKTOP
            CODE    2EEAH     003EH     UNIT         ?PR?DHT11_REC_BYTE?DHT11
            CODE    2F28H     003CH     UNIT         ?PR?_GUI_GETMSGCODESTRING?GUI
            CODE    2F64H     003AH     UNIT         ?PR?_OLED_SET_POS?OLED
            CODE    2F9EH     003AH     UNIT         ?PR?GUI_DLGKEYDEMOOPEN?DLG_KEYDEMO
            CODE    2FD8H     0039H     UNIT         ?PR?GUI_DLGMAINMENUOPEN?DLG_MAINMENU
            CODE    3011H     0038H     UNIT         ?PR?OLED_ON?OLED
            CODE    3049H     0037H     UNIT         ?PR?OLED_CLEAR?OLED
            CODE    3080H     0033H     UNIT         ?PR?INITDESKTOP?DLG_DESKTOP
            CODE    30B3H     0032H     UNIT         ?PR?DS1302INIT?DS1302
            CODE    30E5H     0031H     UNIT         ?PR?_KEY_INSERTKEYCODE?KEY
            CODE    3116H     0031H     UNIT         ?PR?_GUI_GETMSGTYPESTRING?GUI
            CODE    3147H     0030H     UNIT         ?PR?_WRITE_IIC_BYTE?OLED
            CODE    3177H     002DH     UNIT         ?PR?_OLED_WR_BYTE?OLED
            CODE    31A4H     002DH     UNIT         ?PR?_LED_FLASH?DLG_LEDDEMO
            CODE    31D1H     0025H     UNIT         ?PR?DS1302READTIME?DS1302
            CODE    31F6H     0024H     UNIT         ?PR?_SENDDATA?USART
            CODE    321AH     0022H     UNIT         ?PR?PWMIO_INIT?MAIN
            CODE    323CH     001BH     UNIT         ?PR?DHT11_START?DHT11
            CODE    3257H     001BH     UNIT         ?PR?SCANKEYCODE?KEY
            CODE    3272H     0019H     UNIT         ?CO?DLG_KEYDEMO
            CODE    328BH     0018H     UNIT         ?PR?_DELAYXMS?DELAY
            CODE    32A3H     0017H     UNIT         ?PR?OLED_DISPLAY_ON?OLED
            CODE    32BAH     0017H     UNIT         ?PR?GUI_DLGDESKTOPOPEN?DLG_DESKTOP
            CODE    32D1H     0016H     UNIT         ?PR?_GUI_DLGDESKTOPPROC?DLG_DESKTOP
BL51 BANKED LINKER/LOCATER V6.22.2.0                                                  02/20/2019  18:47:09  PAGE 4


            CODE    32E7H     0013H     UNIT         ?PR?LED_INIT?LED
            CODE    32FAH     0010H     UNIT         ?PR?_DELAYXUS?DELAY
            CODE    330AH     0010H     UNIT         ?PR?IIC_WAIT_ACK?OLED
            CODE    331AH     0010H     UNIT         ?PR?UART1?USART
            CODE    332AH     0010H     UNIT         ?PR?TIMER4INIT?TIMER
            CODE    333AH     000EH     UNIT         ?CO?DS1302
            CODE    3348H     000EH     UNIT         ?PR?_WRITE_IIC_COMMAND?OLED
            CODE    3356H     000EH     UNIT         ?PR?_WRITE_IIC_DATA?OLED
            CODE    3364H     000EH     UNIT         ?PR?OLED_DISPLAY_OFF?OLED
            CODE    3372H     000AH     UNIT         ?CO?OLED
            CODE    337CH     000AH     UNIT         ?PR?TIME_GETTICKS?TIMER
            CODE    3386H     0009H     UNIT         ?PR?LED_ALL_ON?LED
            CODE    338FH     0009H     UNIT         ?PR?LED_ALL_OFF?LED
            CODE    3398H     0009H     UNIT         ?PR?KEY_INIT?KEY
            CODE    33A1H     0009H     UNIT         ?PR?IIC_START?OLED
            CODE    33AAH     0009H     UNIT         ?CO?DLG_DESKTOP
            CODE    33B3H     0007H     UNIT         ?PR?LED_R_ON?LED
            CODE    33BAH     0007H     UNIT         ?PR?LED_G_ON?LED
            CODE    33C1H     0007H     UNIT         ?PR?LED_B_ON?LED
            CODE    33C8H     0007H     UNIT         ?PR?LED_R_OFF?LED
            CODE    33CFH     0007H     UNIT         ?PR?LED_G_OFF?LED
            CODE    33D6H     0007H     UNIT         ?PR?LED_B_OFF?LED
            CODE    33DDH     0007H     UNIT         ?PR?IIC_STOP?OLED
            CODE    33E4H     0007H     UNIT         ?PR?_PUTCHAR?USART
            CODE    33EBH     0004H     UNIT         ?PR?INITLEDDEMO?DLG_LEDDEMO



OVERLAY MAP OF MODULE:   .\OBJ\OLED_GUI_DEMO_LED_OK (MAIN)


SEGMENT                                          BIT_GROUP          DATA_GROUP          XDATA_GROUP
  +--> CALLED SEGMENT                         START    LENGTH     START    LENGTH     START    LENGTH
-----------------------------------------------------------------------------------------------------
?C_C51STARTUP                                 -----    -----      -----    -----      -----    -----
  +--> ?PR?MAIN?MAIN
  +--> ?C_INITSEG

?PR?MAIN?MAIN                                 -----    -----      -----    -----      -----    -----
  +--> ?PR?PWMIO_INIT?MAIN
  +--> ?PR?_USART_INIT?USART
  +--> ?PR?LED_INIT?LED
  +--> ?PR?KEY_INIT?KEY
  +--> ?PR?_DELAYXMS?DELAY
  +--> ?PR?OLED_INIT?OLED
  +--> ?PR?OLED_CLEAR?OLED
  +--> ?PR?TIMER4INIT?TIMER
  +--> ?CO?MAIN
  +--> ?PR?PRINTF?PRINTF
  +--> ?PR?GUI_DLGDESKTOPOPEN?DLG_DESKTOP
  +--> ?PR?KEY_TASK?KEY
  +--> ?PR?GUI_TASK?GUI

?PR?OLED_INIT?OLED                            -----    -----      -----    -----      -----    -----
  +--> ?PR?_OLED_WR_BYTE?OLED

?PR?_OLED_WR_BYTE?OLED                        -----    -----      -----    -----      -----    -----
BL51 BANKED LINKER/LOCATER V6.22.2.0                                                  02/20/2019  18:47:09  PAGE 5


  +--> ?PR?_WRITE_IIC_DATA?OLED
  +--> ?PR?_WRITE_IIC_COMMAND?OLED

?PR?_WRITE_IIC_DATA?OLED                      -----    -----      -----    -----      -----    -----
  +--> ?PR?_WRITE_IIC_BYTE?OLED
  +--> ?PR?IIC_WAIT_ACK?OLED
  +--> ?PR?IIC_STOP?OLED

?PR?_WRITE_IIC_BYTE?OLED                      -----    -----      -----    -----      -----    -----
  +--> ?PR?IIC_START?OLED

?PR?IIC_WAIT_ACK?OLED                         -----    -----      -----    -----      -----    -----
  +--> ?PR?_WRITE_IIC_BYTE?OLED

?PR?_WRITE_IIC_COMMAND?OLED                   -----    -----      -----    -----      -----    -----
  +--> ?PR?_WRITE_IIC_BYTE?OLED
  +--> ?PR?IIC_WAIT_ACK?OLED
  +--> ?PR?IIC_STOP?OLED

?PR?OLED_CLEAR?OLED                           -----    -----      -----    -----      0057H    0001H
  +--> ?PR?_OLED_WR_BYTE?OLED

?PR?PRINTF?PRINTF                             0020H.1  0001H.1    0008H    0005H      006AH    0028H
  +--> ?PR?_PUTCHAR?USART

?PR?_PUTCHAR?USART                            -----    -----      -----    -----      -----    -----
  +--> ?PR?_SENDDATA?USART

?PR?GUI_DLGDESKTOPOPEN?DLG_DESKTOP            -----    -----      -----    -----      -----    -----
  +--> ?CO?DLG_DESKTOP
  +--> ?PR?_OLED_SHOWCHINESE2?OLED
  +--> ?PR?_GUI_DLGSETACTIVE?GUI
  +--> ?PR?INITDESKTOP?DLG_DESKTOP

?PR?_OLED_SHOWCHINESE2?OLED                   0020H.0  0000H.1    -----    -----      0060H    000AH
  +--> ?CO?OLED
  +--> ?PR?PRINTF?PRINTF
  +--> ?PR?_FIND_INDEX?OLED
  +--> ?PR?_OLED_SHOWCHINESE?OLED

?PR?_FIND_INDEX?OLED                          -----    -----      -----    -----      006AH    0002H

?PR?_OLED_SHOWCHINESE?OLED                    0020H.1  0000H.1    -----    -----      006AH    0005H
  +--> ?PR?_OLED_SET_POS?OLED
  +--> ?CO?OLEDFONT
  +--> ?PR?_OLED_WR_BYTE?OLED

?PR?_OLED_SET_POS?OLED                        -----    -----      -----    -----      -----    -----
  +--> ?PR?_OLED_WR_BYTE?OLED

?PR?INITDESKTOP?DLG_DESKTOP                   -----    -----      -----    -----      004BH    0003H
  +--> ?PR?TIME_GETTICKS?TIMER

?PR?KEY_TASK?KEY                              -----    -----      -----    -----      004BH    0005H
  +--> ?PR?TIME_GETTICKS?TIMER
  +--> ?PR?SCANKEYCODE?KEY
  +--> ?PR?_KEY_INSERTKEYCODE?KEY
BL51 BANKED LINKER/LOCATER V6.22.2.0                                                  02/20/2019  18:47:09  PAGE 6



?PR?GUI_TASK?GUI                              -----    -----      -----    -----      004BH    0008H
  +--> ?PR?TIME_GETTICKS?TIMER
  +--> ?PR?_KEY_GETKEYCODE?KEY
  +--> ?PR?_GUI_DLGDESKTOPPROC?DLG_DESKTOP
  +--> ?PR?_GUI_DLGMAINMENUPROC?DLG_MAINMENU
  +--> ?PR?_GUI_DLGKEYDEMOPROC?DLG_KEYDEMO
  +--> ?PR?_GUI_DLGLEDDEMOPROC?DLG_LEDDEMO
  +--> ?CO?GUI
  +--> ?PR?PRINTF?PRINTF

?PR?_KEY_GETKEYCODE?KEY                       -----    -----      -----    -----      0053H    0006H

?PR?_GUI_DLGDESKTOPPROC?DLG_DESKTOP           -----    -----      -----    -----      0053H    0001H
  +--> ?PR?GUI_DLGMAINMENUOPEN?DLG_MAINMENU
  +--> ?PR?SHOWLOGO?DLG_DESKTOP

?PR?GUI_DLGMAINMENUOPEN?DLG_MAINMENU          -----    -----      -----    -----      -----    -----
  +--> ?PR?OLED_CLEAR?OLED
  +--> ?PR?_GUI_DLGSETACTIVE?GUI
  +--> ?CO?DLG_MAINMENU
  +--> ?PR?_OLED_SHOWSTRING?OLED
  +--> ?PR?_GUI_DRAWALLCONTROLS?GUI

?CO?DLG_MAINMENU                              -----    -----      -----    -----      -----    -----
  +--> ?CO?OLEDFONT

?PR?_OLED_SHOWSTRING?OLED                     0020H.0  0000H.1    -----    -----      0060H    0007H
  +--> ?PR?_OLED_SHOWCHAR?OLED

?PR?_OLED_SHOWCHAR?OLED                       0020H.1  0000H.1    -----    -----      0067H    0005H
  +--> ?PR?_OLED_SET_POS?OLED
  +--> ?CO?OLEDFONT
  +--> ?PR?_OLED_WR_BYTE?OLED

?PR?_GUI_DRAWALLCONTROLS?GUI                  -----    -----      -----    -----      0057H    0005H
  +--> ?PR?_GUI_DRAWCONTROL?GUI

?PR?_GUI_DRAWCONTROL?GUI                      -----    -----      -----    -----      005CH    0004H
  +--> ?PR?_OLED_SHOWSTRING?OLED
  +--> ?PR?_OLED_DRAWBMP?OLED
  +--> ?PR?_OLED_SHOWCHINESE2?OLED

?PR?_OLED_DRAWBMP?OLED                        0020H.0  0000H.1    -----    -----      0060H    000BH
  +--> ?PR?_OLED_SET_POS?OLED
  +--> ?PR?_OLED_WR_BYTE?OLED

?PR?SHOWLOGO?DLG_DESKTOP                      -----    -----      -----    -----      0054H    0003H
  +--> ?PR?TIME_GETTICKS?TIMER
  +--> ?PR?GUI_DLGMAINMENUOPEN?DLG_MAINMENU

?PR?_GUI_DLGMAINMENUPROC?DLG_MAINMENU         -----    -----      -----    -----      0053H    0002H
  +--> ?CO?DLG_MAINMENU
  +--> ?PR?_GUI_SEARCHPREVCONTROL?GUI
  +--> ?PR?_GUI_SEARCHNEXTCONTROL?GUI
  +--> ?PR?GUI_DLGKEYDEMOOPEN?DLG_KEYDEMO
  +--> ?PR?GUI_DLGLEDDEMOOPEN?DLG_LEDDEMO
BL51 BANKED LINKER/LOCATER V6.22.2.0                                                  02/20/2019  18:47:09  PAGE 7


  +--> ?PR?_GUI_DLGDEFAULTPROC?GUI

?PR?_GUI_SEARCHPREVCONTROL?GUI                -----    -----      -----    -----      0055H    0007H
  +--> ?PR?_GUI_DRAWCONTROL?GUI

?PR?_GUI_SEARCHNEXTCONTROL?GUI                -----    -----      -----    -----      0055H    0007H
  +--> ?PR?_GUI_DRAWCONTROL?GUI

?PR?GUI_DLGKEYDEMOOPEN?DLG_KEYDEMO            -----    -----      -----    -----      -----    -----
  +--> ?PR?_GUI_DLGSETACTIVE?GUI
  +--> ?PR?OLED_CLEAR?OLED
  +--> ?CO?DLG_KEYDEMO
  +--> ?PR?_OLED_SHOWCHINESE2?OLED
  +--> ?PR?_GUI_DRAWALLCONTROLS?GUI
  +--> ?PR?INITKEYDEMO?DLG_KEYDEMO

?CO?DLG_KEYDEMO                               -----    -----      -----    -----      -----    -----
  +--> ?CO?OLEDFONT

?PR?INITKEYDEMO?DLG_KEYDEMO                   -----    -----      -----    -----      0055H    0003H
  +--> ?PR?TIME_GETTICKS?TIMER

?PR?GUI_DLGLEDDEMOOPEN?DLG_LEDDEMO            -----    -----      -----    -----      -----    -----
  +--> ?PR?_GUI_DLGSETACTIVE?GUI
  +--> ?PR?OLED_CLEAR?OLED
  +--> ?CO?DLG_LEDDEMO
  +--> ?PR?_OLED_SHOWSTRING?OLED
  +--> ?PR?_OLED_SHOWCHINESE2?OLED
  +--> ?PR?_GUI_DRAWALLCONTROLS?GUI
  +--> ?PR?INITLEDDEMO?DLG_LEDDEMO

?CO?DLG_LEDDEMO                               -----    -----      -----    -----      -----    -----
  +--> ?CO?OLEDFONT

?PR?INITLEDDEMO?DLG_LEDDEMO                   -----    -----      -----    -----      -----    -----
  +--> ?PR?LED_ALL_OFF?LED

?PR?LED_ALL_OFF?LED                           -----    -----      -----    -----      -----    -----
  +--> ?PR?LED_R_OFF?LED
  +--> ?PR?LED_G_OFF?LED
  +--> ?PR?LED_B_OFF?LED

?PR?_GUI_DLGKEYDEMOPROC?DLG_KEYDEMO           -----    -----      -----    -----      0053H    0002H
  +--> ?PR?_DUMPKEYINFO?DLG_KEYDEMO
  +--> ?CO?DLG_KEYDEMO
  +--> ?PR?_GUI_SEARCHPREVCONTROL?GUI
  +--> ?PR?_GUI_SEARCHNEXTCONTROL?GUI
  +--> ?PR?GUI_DLGMAINMENUOPEN?DLG_MAINMENU
  +--> ?PR?_GUI_DLGDEFAULTPROC?GUI

?PR?_DUMPKEYINFO?DLG_KEYDEMO                  -----    -----      -----    -----      0055H    0004H
  +--> ?PR?_GUI_GETMSGCODESTRING?GUI
  +--> ?PR?_OLED_SHOWSTRING?OLED
  +--> ?PR?_GUI_GETMSGTYPESTRING?GUI

?PR?_GUI_GETMSGCODESTRING?GUI                 -----    -----      -----    -----      -----    -----
  +--> ?CO?GUI
BL51 BANKED LINKER/LOCATER V6.22.2.0                                                  02/20/2019  18:47:09  PAGE 8



?PR?_GUI_GETMSGTYPESTRING?GUI                 -----    -----      -----    -----      -----    -----
  +--> ?CO?GUI

?PR?_GUI_DLGLEDDEMOPROC?DLG_LEDDEMO           -----    -----      -----    -----      0053H    0002H
  +--> ?PR?_LED_FLASH?DLG_LEDDEMO
  +--> ?PR?LED_ALL_OFF?LED
  +--> ?CO?DLG_LEDDEMO
  +--> ?PR?_GUI_SEARCHPREVCONTROL?GUI
  +--> ?PR?_GUI_SEARCHNEXTCONTROL?GUI
  +--> ?PR?GUI_DLGMAINMENUOPEN?DLG_MAINMENU
  +--> ?PR?INITLEDDEMO?DLG_LEDDEMO
  +--> ?PR?_GUI_DLGDEFAULTPROC?GUI

?PR?_LED_FLASH?DLG_LEDDEMO                    -----    -----      -----    -----      -----    -----
  +--> ?PR?LED_ALL_OFF?LED
  +--> ?PR?_FLASH1?DLG_LEDDEMO
  +--> ?PR?_FLASH2?DLG_LEDDEMO
  +--> ?PR?_FLASH3?DLG_LEDDEMO

?PR?_FLASH1?DLG_LEDDEMO                       -----    -----      -----    -----      -----    -----
  +--> ?PR?LED_R_ON?LED
  +--> ?PR?LED_R_OFF?LED
  +--> ?PR?LED_G_ON?LED
  +--> ?PR?LED_G_OFF?LED
  +--> ?PR?LED_B_ON?LED
  +--> ?PR?LED_B_OFF?LED
  +--> ?PR?LED_ALL_OFF?LED

?PR?_FLASH2?DLG_LEDDEMO                       -----    -----      -----    -----      -----    -----
  +--> ?PR?LED_R_OFF?LED
  +--> ?PR?LED_G_OFF?LED
  +--> ?PR?LED_B_OFF?LED
  +--> ?PR?LED_ALL_OFF?LED

?PR?_FLASH3?DLG_LEDDEMO                       -----    -----      -----    -----      -----    -----
  +--> ?PR?LED_ALL_OFF?LED



SYMBOL TABLE OF MODULE:  .\OBJ\OLED_GUI_DEMO_LED_OK (MAIN)

  VALUE           TYPE          NAME
  ----------------------------------

  -------         MODULE        MAIN
  C:0000H         SYMBOL        _ICE_DUMMY_
  D:0092H         PUBLIC        P1M0
  D:0093H         PUBLIC        P0M1
  D:0096H         PUBLIC        P2M0
  D:0091H         PUBLIC        P1M1
  D:0080H         PUBLIC        P0
  D:00B2H         PUBLIC        P3M0
  D:0095H         PUBLIC        P2M1
  D:0090H         PUBLIC        P1
  D:00B4H         PUBLIC        P4M0
  D:00B1H         PUBLIC        P3M1
BL51 BANKED LINKER/LOCATER V6.22.2.0                                                  02/20/2019  18:47:09  PAGE 9


  D:00A0H         PUBLIC        P2
  D:00CAH         PUBLIC        P5M0
  D:00B3H         PUBLIC        P4M1
  D:00B0H         PUBLIC        P3
  D:00CCH         PUBLIC        P6M0
  D:00C9H         PUBLIC        P5M1
  D:00C0H         PUBLIC        P4
  D:00E2H         PUBLIC        P7M0
  D:00CBH         PUBLIC        P6M1
  D:00C8H         PUBLIC        P5
  B:00A8H.7       PUBLIC        EA
  D:00E1H         PUBLIC        P7M1
  D:00E8H         PUBLIC        P6
  D:00F8H         PUBLIC        P7
  B:00B0H.2       PUBLIC        OLED_DC
  D:00A8H         PUBLIC        IE
  C:0B97H         PUBLIC        BMP1
  C:0F97H         PUBLIC        BMP2
  D:00B8H         PUBLIC        IP
  B:0090H.6       PUBLIC        OLED_CS
  D:00D8H         PUBLIC        CCON
  C:321AH         PUBLIC        PWMIO_init
  C:2C62H         PUBLIC        main
  D:0098H         PUBLIC        SCON
  D:0088H         PUBLIC        TCON
  D:008EH         PUBLIC        AUXR
  D:00F0H         PUBLIC        B
  D:00E0H         PUBLIC        ACC
  D:00D0H         PUBLIC        PSW
  D:0094H         PUBLIC        P0M0
  -------         PROC          MAIN
  C:2C62H         LINE#         45
  C:2C62H         LINE#         46
  C:2C62H         LINE#         47
  C:2C65H         LINE#         48
  C:2C68H         LINE#         49
  C:2C6DH         LINE#         52
  C:2C70H         LINE#         53
  C:2C73H         LINE#         55
  C:2C75H         LINE#         56
  C:2C7CH         LINE#         57
  C:2C7EH         LINE#         59
  C:2C85H         LINE#         60
  C:2C88H         LINE#         61
  C:2C8BH         LINE#         62
  C:2C92H         LINE#         64
  C:2C95H         LINE#         65
  C:2C9EH         LINE#         67
  C:2CA1H         LINE#         68
  C:2CA8H         LINE#         70
  C:2CAAH         LINE#         72
  C:2CADH         LINE#         73
  C:2CADH         LINE#         74
  C:2CADH         LINE#         75
  C:2CB0H         LINE#         77
  C:2CB3H         LINE#         78
  -------         ENDPROC       MAIN
BL51 BANKED LINKER/LOCATER V6.22.2.0                                                  02/20/2019  18:47:09  PAGE 10


  -------         PROC          PWMIO_INIT
  C:321AH         LINE#         81
  C:321AH         LINE#         82
  C:321AH         LINE#         89
  C:321DH         LINE#         90
  C:321FH         LINE#         91
  C:3221H         LINE#         92
  C:3223H         LINE#         93
  C:3225H         LINE#         94
  C:3227H         LINE#         95
  C:3229H         LINE#         96
  C:322BH         LINE#         97
  C:322DH         LINE#         98
  C:322FH         LINE#         99
  C:3231H         LINE#         100
  C:3233H         LINE#         101
  C:3235H         LINE#         102
  C:3237H         LINE#         103
  C:3239H         LINE#         104
  C:323BH         LINE#         105
  -------         ENDPROC       PWMIO_INIT
  -------         ENDMOD        MAIN

  -------         MODULE        DELAY
  C:0000H         SYMBOL        _ICE_DUMMY_
  C:328BH         PUBLIC        _delayxms
  C:32FAH         PUBLIC        _delayxus
  -------         PROC          _DELAYXUS
  D:0006H         SYMBOL        tus
  C:32FAH         LINE#         23
  C:32FAH         LINE#         24
  C:32FAH         LINE#         25
  C:3304H         LINE#         26
  C:3304H         LINE#         27
  C:3305H         LINE#         28
  C:3306H         LINE#         29
  C:3307H         LINE#         30
  C:3309H         LINE#         31
  -------         ENDPROC       _DELAYXUS
  -------         PROC          _DELAYXMS
  D:0006H         SYMBOL        tms
  -------         DO            
  D:0005H         SYMBOL        i
  D:0004H         SYMBOL        j
  -------         ENDDO         
  C:328BH         LINE#         33
  C:328BH         LINE#         34
  C:328BH         LINE#         36
  C:3295H         LINE#         37
  C:3295H         LINE#         38
  C:3296H         LINE#         39
  C:3297H         LINE#         40
  C:3298H         LINE#         41
  C:329AH         LINE#         42
  C:329CH         LINE#         44
  C:329CH         LINE#         45
  C:329EH         LINE#         46
BL51 BANKED LINKER/LOCATER V6.22.2.0                                                  02/20/2019  18:47:09  PAGE 11


  C:32A0H         LINE#         47
  C:32A2H         LINE#         48
  -------         ENDPROC       _DELAYXMS
  -------         ENDMOD        DELAY

  -------         MODULE        LED
  C:0000H         SYMBOL        _ICE_DUMMY_
  D:0080H         PUBLIC        P0
  D:0090H         PUBLIC        P1
  D:00A0H         PUBLIC        P2
  D:00B0H         PUBLIC        P3
  D:00C0H         PUBLIC        P4
  D:00C8H         PUBLIC        P5
  D:00E8H         PUBLIC        P6
  B:0080H.4       PUBLIC        LED1
  D:00F8H         PUBLIC        P7
  B:0080H.3       PUBLIC        LED2
  B:0080H.2       PUBLIC        LED3
  B:0080H.1       PUBLIC        LED4
  B:0080H.0       PUBLIC        LED5
  B:00A0H.7       PUBLIC        LED6
  B:00A0H.6       PUBLIC        LED7
  B:00A0H.5       PUBLIC        LED8
  D:00A8H         PUBLIC        IE
  B:00A0H.4       PUBLIC        LED9
  C:3386H         PUBLIC        led_all_on
  C:33D6H         PUBLIC        led_b_off
  D:00B8H         PUBLIC        IP
  C:33CFH         PUBLIC        led_g_off
  D:00D8H         PUBLIC        CCON
  C:33C8H         PUBLIC        led_r_off
  D:0098H         PUBLIC        SCON
  D:0088H         PUBLIC        TCON
  C:33C1H         PUBLIC        led_b_on
  C:33BAH         PUBLIC        led_g_on
  D:00F0H         PUBLIC        B
  C:33B3H         PUBLIC        led_r_on
  D:00E0H         PUBLIC        ACC
  C:32E7H         PUBLIC        led_init
  C:338FH         PUBLIC        led_all_off
  D:00D0H         PUBLIC        PSW
  -------         PROC          LED_INIT
  C:32E7H         LINE#         27
  C:32E7H         LINE#         28
  C:32E7H         LINE#         29
  C:32E9H         LINE#         30
  C:32EBH         LINE#         31
  C:32EDH         LINE#         32
  C:32EFH         LINE#         33
  C:32F1H         LINE#         34
  C:32F3H         LINE#         35
  C:32F5H         LINE#         36
  C:32F7H         LINE#         37
  C:32F9H         LINE#         38
  -------         ENDPROC       LED_INIT
  -------         PROC          LED_R_ON
  C:33B3H         LINE#         40
BL51 BANKED LINKER/LOCATER V6.22.2.0                                                  02/20/2019  18:47:09  PAGE 12


  C:33B3H         LINE#         41
  C:33B3H         LINE#         42
  C:33B9H         LINE#         43
  -------         ENDPROC       LED_R_ON
  -------         PROC          LED_G_ON
  C:33BAH         LINE#         44
  C:33BAH         LINE#         45
  C:33BAH         LINE#         46
  C:33C0H         LINE#         47
  -------         ENDPROC       LED_G_ON
  -------         PROC          LED_B_ON
  C:33C1H         LINE#         48
  C:33C1H         LINE#         49
  C:33C1H         LINE#         50
  C:33C7H         LINE#         51
  -------         ENDPROC       LED_B_ON
  -------         PROC          LED_R_OFF
  C:33C8H         LINE#         52
  C:33C8H         LINE#         53
  C:33C8H         LINE#         54
  C:33CEH         LINE#         55
  -------         ENDPROC       LED_R_OFF
  -------         PROC          LED_G_OFF
  C:33CFH         LINE#         56
  C:33CFH         LINE#         57
  C:33CFH         LINE#         58
  C:33D5H         LINE#         59
  -------         ENDPROC       LED_G_OFF
  -------         PROC          LED_B_OFF
  C:33D6H         LINE#         60
  C:33D6H         LINE#         61
  C:33D6H         LINE#         62
  C:33DCH         LINE#         63
  -------         ENDPROC       LED_B_OFF
  -------         PROC          LED_ALL_ON
  C:3386H         LINE#         65
  C:3386H         LINE#         66
  C:3386H         LINE#         67
  C:3389H         LINE#         68
  C:338CH         LINE#         69
  -------         ENDPROC       LED_ALL_ON
  -------         PROC          LED_ALL_OFF
  C:338FH         LINE#         71
  C:338FH         LINE#         72
  C:338FH         LINE#         73
  C:3392H         LINE#         74
  C:3395H         LINE#         75
  -------         ENDPROC       LED_ALL_OFF
  -------         ENDMOD        LED

  -------         MODULE        DHT11
  C:0000H         SYMBOL        _ICE_DUMMY_
  D:0080H         PUBLIC        P0
  D:0090H         PUBLIC        P1
  D:00A0H         PUBLIC        P2
  D:00B0H         PUBLIC        P3
  D:00C0H         PUBLIC        P4
BL51 BANKED LINKER/LOCATER V6.22.2.0                                                  02/20/2019  18:47:09  PAGE 13


  D:00C8H         PUBLIC        P5
  D:00E8H         PUBLIC        P6
  D:00F8H         PUBLIC        P7
  C:23D7H         PUBLIC        DHT11_receive
  D:00A8H         PUBLIC        IE
  D:00B8H         PUBLIC        IP
  D:00D8H         PUBLIC        CCON
  D:0098H         PUBLIC        SCON
  D:0088H         PUBLIC        TCON
  B:0090H.2       PUBLIC        DHT11_IO
  D:00F0H         PUBLIC        B
  D:00E0H         PUBLIC        ACC
  X:00C3H         PUBLIC        DHT11_RT
  C:323CH         PUBLIC        DHT11_start
  C:2EEAH         PUBLIC        DHT11_rec_byte
  D:00D0H         PUBLIC        PSW
  -------         PROC          DHT11_START
  C:323CH         LINE#         29
  C:323CH         LINE#         30
  C:323CH         LINE#         31
  C:323EH         LINE#         32
  C:3245H         LINE#         33
  C:3247H         LINE#         34
  C:324EH         LINE#         35
  C:3250H         LINE#         36
  -------         ENDPROC       DHT11_START
  -------         PROC          DHT11_REC_BYTE
  -------         DO            
  X:00C1H         SYMBOL        i
  X:00C2H         SYMBOL        dat
  -------         ENDDO         
  C:2EEAH         LINE#         41
  C:2EEAH         LINE#         42
  C:2EEAH         LINE#         43
  C:2EEFH         LINE#         44
  C:2F00H         LINE#         45
  C:2F00H         LINE#         46
  C:2F03H         LINE#         47
  C:2F0AH         LINE#         48
  C:2F11H         LINE#         49
  C:2F14H         LINE#         50
  C:2F17H         LINE#         51
  C:2F1AH         LINE#         52
  C:2F22H         LINE#         53
  C:2F27H         LINE#         54
  -------         ENDPROC       DHT11_REC_BYTE
  -------         PROC          DHT11_RECEIVE
  -------         DO            
  X:009FH         SYMBOL        R_H
  X:00A0H         SYMBOL        R_L
  X:00A1H         SYMBOL        T_H
  X:00A2H         SYMBOL        T_L
  X:00A3H         SYMBOL        RH
  X:00A4H         SYMBOL        RL
  X:00A5H         SYMBOL        TH
  X:00A6H         SYMBOL        TL
  X:00A7H         SYMBOL        revise
BL51 BANKED LINKER/LOCATER V6.22.2.0                                                  02/20/2019  18:47:09  PAGE 14


  -------         ENDDO         
  C:23D7H         LINE#         58
  C:23D7H         LINE#         59
  C:23D7H         LINE#         62
  C:23DAH         LINE#         64
  C:23E0H         LINE#         65
  C:23E0H         LINE#         67
  C:23E3H         LINE#         69
  C:23EAH         LINE#         70
  C:23F2H         LINE#         71
  C:23FAH         LINE#         72
  C:2402H         LINE#         73
  C:240AH         LINE#         74
  C:2412H         LINE#         76
  C:2419H         LINE#         78
  C:2446H         LINE#         79
  C:2446H         LINE#         80
  C:244EH         LINE#         81
  C:2456H         LINE#         82
  C:2459H         LINE#         83
  C:245CH         LINE#         84
  C:245CH         LINE#         86
  C:2464H         LINE#         87
  C:246CH         LINE#         89
  C:246CH         LINE#         90
  -------         ENDPROC       DHT11_RECEIVE
  -------         ENDMOD        DHT11

  -------         MODULE        DS1302
  C:0000H         SYMBOL        _ICE_DUMMY_
  D:0080H         PUBLIC        P0
  D:0090H         PUBLIC        P1
  D:00A0H         PUBLIC        P2
  D:00B0H         PUBLIC        P3
  D:00C0H         PUBLIC        P4
  D:00C8H         PUBLIC        P5
  D:00E8H         PUBLIC        P6
  D:00F8H         PUBLIC        P7
  C:2D9BH         PUBLIC        _Ds1302Write
  D:00A8H         PUBLIC        IE
  C:31D1H         PUBLIC        Ds1302ReadTime
  C:30B3H         PUBLIC        Ds1302Init
  D:00B8H         PUBLIC        IP
  B:0080H.7       PUBLIC        DS1302_CLK
  D:00D8H         PUBLIC        CCON
  X:00B1H         PUBLIC        TIME
  D:0098H         PUBLIC        SCON
  D:0088H         PUBLIC        TCON
  B:0080H.6       PUBLIC        DS1302_RST
  D:00F0H         PUBLIC        B
  D:00E0H         PUBLIC        ACC
  C:3341H         PUBLIC        WRITE_RTC_ADDR
  B:0080H.5       PUBLIC        DS1302_IO
  C:333AH         PUBLIC        READ_RTC_ADDR
  D:00D0H         PUBLIC        PSW
  C:2BB2H         PUBLIC        _Ds1302Read
  -------         PROC          _DS1302WRITE
BL51 BANKED LINKER/LOCATER V6.22.2.0                                                  02/20/2019  18:47:09  PAGE 15


  D:0007H         SYMBOL        addr
  D:0005H         SYMBOL        dat
  -------         DO            
  D:0006H         SYMBOL        n
  -------         ENDDO         
  C:2D9BH         LINE#         40
  C:2D9BH         LINE#         41
  C:2D9BH         LINE#         43
  C:2D9DH         LINE#         44
  C:2D9EH         LINE#         46
  C:2DA0H         LINE#         47
  C:2DA1H         LINE#         48
  C:2DA3H         LINE#         49
  C:2DA4H         LINE#         51
  C:2DB0H         LINE#         52
  C:2DB0H         LINE#         53
  C:2DB4H         LINE#         54
  C:2DB8H         LINE#         55
  C:2DBAH         LINE#         56
  C:2DBBH         LINE#         57
  C:2DBDH         LINE#         58
  C:2DBEH         LINE#         59
  C:2DC1H         LINE#         60
  C:2DCDH         LINE#         61
  C:2DCDH         LINE#         62
  C:2DD1H         LINE#         63
  C:2DD5H         LINE#         64
  C:2DD7H         LINE#         65
  C:2DD8H         LINE#         66
  C:2DDAH         LINE#         67
  C:2DDBH         LINE#         68
  C:2DDEH         LINE#         70
  C:2DE0H         LINE#         71
  C:2DE1H         LINE#         72
  -------         ENDPROC       _DS1302WRITE
  -------         PROC          _DS1302READ
  D:0007H         SYMBOL        addr
  -------         DO            
  D:0005H         SYMBOL        n
  D:0006H         SYMBOL        dat
  D:0007H         SYMBOL        dat1
  -------         ENDDO         
  C:2BB2H         LINE#         81
  C:2BB2H         LINE#         82
  C:2BB2H         LINE#         84
  C:2BB4H         LINE#         85
  C:2BB5H         LINE#         87
  C:2BB7H         LINE#         88
  C:2BB8H         LINE#         89
  C:2BBAH         LINE#         90
  C:2BBBH         LINE#         92
  C:2BC7H         LINE#         93
  C:2BC7H         LINE#         94
  C:2BCBH         LINE#         95
  C:2BCFH         LINE#         96
  C:2BD1H         LINE#         97
  C:2BD2H         LINE#         98
BL51 BANKED LINKER/LOCATER V6.22.2.0                                                  02/20/2019  18:47:09  PAGE 16


  C:2BD4H         LINE#         99
  C:2BD5H         LINE#         100
  C:2BD8H         LINE#         101
  C:2BD9H         LINE#         102
  C:2BE5H         LINE#         103
  C:2BE5H         LINE#         104
  C:2BEAH         LINE#         105
  C:2BF6H         LINE#         106
  C:2BF8H         LINE#         107
  C:2BF9H         LINE#         108
  C:2BFBH         LINE#         109
  C:2BFCH         LINE#         110
  C:2BFFH         LINE#         112
  C:2C01H         LINE#         113
  C:2C02H         LINE#         114
  C:2C04H         LINE#         115
  C:2C05H         LINE#         116
  C:2C07H         LINE#         117
  C:2C08H         LINE#         118
  C:2C0AH         LINE#         119
  C:2C0BH         LINE#         120
  C:2C0DH         LINE#         121
  -------         ENDPROC       _DS1302READ
  -------         PROC          DS1302INIT
  -------         DO            
  D:0004H         SYMBOL        n
  -------         ENDDO         
  C:30B3H         LINE#         130
  C:30B3H         LINE#         131
  C:30B3H         LINE#         133
  C:30BAH         LINE#         134
  C:30C6H         LINE#         135
  C:30C6H         LINE#         136
  C:30DBH         LINE#         137
  C:30DEH         LINE#         138
  -------         ENDPROC       DS1302INIT
  -------         PROC          DS1302READTIME
  -------         DO            
  D:0003H         SYMBOL        n
  -------         ENDDO         
  C:31D1H         LINE#         148
  C:31D1H         LINE#         149
  C:31D1H         LINE#         151
  C:31DDH         LINE#         152
  C:31DDH         LINE#         153
  C:31F2H         LINE#         154
  C:31F5H         LINE#         156
  -------         ENDPROC       DS1302READTIME
  -------         ENDMOD        DS1302

  -------         MODULE        KEY
  C:0000H         SYMBOL        _ICE_DUMMY_
  D:0080H         PUBLIC        P0
  D:0090H         PUBLIC        P1
  D:00A0H         PUBLIC        P2
  D:00B0H         PUBLIC        P3
  D:00C0H         PUBLIC        P4
BL51 BANKED LINKER/LOCATER V6.22.2.0                                                  02/20/2019  18:47:09  PAGE 17


  D:00C8H         PUBLIC        P5
  D:00E8H         PUBLIC        P6
  D:00F8H         PUBLIC        P7
  D:00A8H         PUBLIC        IE
  I:0013H         SYMBOL        g_key_fifo
  D:00B8H         PUBLIC        IP
  B:00B0H.5       PUBLIC        KEY1
  B:00B0H.6       PUBLIC        KEY2
  B:00B0H.7       PUBLIC        KEY3
  B:00A0H.0       PUBLIC        KEY4
  D:00D8H         PUBLIC        CCON
  C:3257H         SYMBOL        ScanKeyCode
  D:0098H         PUBLIC        SCON
  D:0088H         PUBLIC        TCON
  C:1A37H         PUBLIC        key_Task
  D:00F0H         PUBLIC        B
  D:00E0H         PUBLIC        ACC
  C:30E5H         PUBLIC        _key_InsertKeyCode
  C:3398H         PUBLIC        key_init
  C:2A1FH         PUBLIC        _key_GetKeyCode
  D:00D0H         PUBLIC        PSW
  -------         PROC          KEY_INIT
  C:3398H         LINE#         40
  C:3398H         LINE#         41
  C:3398H         LINE#         42
  C:339AH         LINE#         43
  C:339CH         LINE#         44
  C:339EH         LINE#         45
  C:33A0H         LINE#         46
  -------         ENDPROC       KEY_INIT
  -------         PROC          SCANKEYCODE
  C:3257H         LINE#         49
  C:3257H         LINE#         50
  C:3257H         LINE#         52
  C:325DH         LINE#         53
  C:3263H         LINE#         54
  C:3269H         LINE#         55
  C:326FH         LINE#         57
  C:3271H         LINE#         58
  -------         ENDPROC       SCANKEYCODE
  -------         PROC          KEY_TASK
  -------         DO            
  X:004BH         SYMBOL        key_code
  X:004CH         SYMBOL        ticks
  I:000DH         SYMBOL        oldticks
  I:0011H         SYMBOL        old_code
  I:0012H         SYMBOL        state
  -------         ENDDO         
  C:1A37H         LINE#         60
  C:1A37H         LINE#         61
  C:1A37H         LINE#         63
  C:1A40H         LINE#         66
  C:1A59H         LINE#         67
  C:1A59H         LINE#         68
  C:1A59H         LINE#         69
  C:1A60H         LINE#         70
  C:1A67H         LINE#         71
BL51 BANKED LINKER/LOCATER V6.22.2.0                                                  02/20/2019  18:47:09  PAGE 18


  C:1A7AH         LINE#         72
  C:1A7EH         LINE#         73
  C:1A7FH         LINE#         74
  C:1A7FH         LINE#         75
  C:1AACH         LINE#         76
  C:1AB4H         LINE#         77
  C:1ABAH         LINE#         78
  C:1ABAH         LINE#         79
  C:1AC1H         LINE#         80
  C:1AD4H         LINE#         81
  C:1AD8H         LINE#         82
  C:1AD9H         LINE#         84
  C:1AD9H         LINE#         85
  C:1AD9H         LINE#         86
  C:1AD9H         LINE#         87
  C:1ADCH         LINE#         88
  C:1ADCH         LINE#         89
  C:1AE4H         LINE#         90
  C:1AE8H         LINE#         91
  C:1AE8H         LINE#         92
  C:1AF9H         LINE#         93
  C:1AFDH         LINE#         94
  C:1AFEH         LINE#         96
  C:1AFEH         LINE#         97
  C:1B28H         LINE#         98
  C:1B28H         LINE#         99
  C:1B31H         LINE#         100
  C:1B31H         LINE#         101
  C:1B31H         LINE#         102
  C:1B31H         LINE#         103
  C:1B33H         LINE#         104
  C:1B33H         LINE#         105
  C:1B5DH         LINE#         106
  C:1B65H         LINE#         107
  C:1B69H         LINE#         108
  C:1B69H         LINE#         109
  C:1B72H         LINE#         110
  C:1B76H         LINE#         111
  C:1B77H         LINE#         113
  C:1B77H         LINE#         114
  C:1B8AH         LINE#         115
  C:1B8AH         LINE#         116
  C:1B8AH         LINE#         117
  C:1B8AH         LINE#         118
  C:1B8AH         LINE#         119
  C:1B8AH         LINE#         120
  -------         ENDPROC       KEY_TASK
  -------         PROC          _KEY_GETKEYCODE
  X:0053H         SYMBOL        pcode
  X:0056H         SYMBOL        pstate
  -------         DO            
  D:0007H         SYMBOL        rear
  -------         ENDDO         
  C:2A1FH         LINE#         130
  C:2A2AH         LINE#         131
  C:2A2AH         LINE#         132
  C:2A2EH         LINE#         133
BL51 BANKED LINKER/LOCATER V6.22.2.0                                                  02/20/2019  18:47:09  PAGE 19


  C:2A33H         LINE#         134
  C:2A33H         LINE#         135
  C:2A52H         LINE#         136
  C:2A71H         LINE#         137
  C:2A72H         LINE#         138
  C:2A7EH         LINE#         139
  C:2A82H         LINE#         140
  C:2A85H         LINE#         141
  C:2A85H         LINE#         142
  C:2A87H         LINE#         143
  -------         ENDPROC       _KEY_GETKEYCODE
  -------         PROC          _KEY_INSERTKEYCODE
  D:0007H         SYMBOL        keycode
  D:0005H         SYMBOL        state
  -------         DO            
  D:0004H         SYMBOL        top
  D:0006H         SYMBOL        next
  -------         ENDDO         
  C:30E5H         LINE#         145
  C:30E5H         LINE#         146
  C:30E5H         LINE#         150
  C:30E9H         LINE#         151
  C:30EBH         LINE#         152
  C:30F6H         LINE#         153
  C:30FCH         LINE#         154
  C:30FCH         LINE#         155
  C:3102H         LINE#         156
  C:310AH         LINE#         157
  C:3110H         LINE#         158
  C:3113H         LINE#         159
  C:3113H         LINE#         160
  C:3115H         LINE#         161
  -------         ENDPROC       _KEY_INSERTKEYCODE
  -------         ENDMOD        KEY

  -------         MODULE        OLED
  C:0000H         SYMBOL        _ICE_DUMMY_
  C:32A3H         PUBLIC        OLED_Display_On
  C:1DDFH         PUBLIC        _OLED_ShowCHinese2
  D:0080H         PUBLIC        P0
  D:0090H         PUBLIC        P1
  D:00A0H         PUBLIC        P2
  D:00B0H         PUBLIC        P3
  D:00C0H         PUBLIC        P4
  D:00C8H         PUBLIC        P5
  D:00E8H         PUBLIC        P6
  D:00F8H         PUBLIC        P7
  C:2E68H         PUBLIC        _fill_picture
  D:00A8H         PUBLIC        IE
  D:00B8H         PUBLIC        IP
  C:2198H         PUBLIC        OLED_Init
  C:2AF0H         PUBLIC        _find_index
  C:3356H         PUBLIC        _Write_IIC_Data
  D:00D8H         PUBLIC        CCON
  C:2A88H         PUBLIC        _OLED_ShowString
  C:3193H         PUBLIC        _OLED_WR_Byte
  C:1B8BH         PUBLIC        _OLED_ShowChar
BL51 BANKED LINKER/LOCATER V6.22.2.0                                                  02/20/2019  18:47:09  PAGE 20


  D:0098H         PUBLIC        SCON
  B:00B0H.4       PUBLIC        OLED_SDIN
  D:0088H         PUBLIC        TCON
  C:314EH         PUBLIC        _Write_IIC_Byte
  C:3315H         PUBLIC        IIC_Wait_Ack
  D:00F0H         PUBLIC        B
  C:3011H         PUBLIC        OLED_On
  C:33A1H         PUBLIC        IIC_Start
  C:2F6CH         PUBLIC        _OLED_Set_Pos
  D:00E0H         PUBLIC        ACC
  C:1CD6H         PUBLIC        _OLED_ShowCHinese
  C:2278H         PUBLIC        _OLED_ShowNum
  C:3364H         PUBLIC        OLED_Display_Off
  C:0003H         PUBLIC        _oled_pow
  C:33DDH         PUBLIC        IIC_Stop
  C:3348H         PUBLIC        _Write_IIC_Command
  B:00B0H.3       PUBLIC        OLED_SCL
  C:3049H         PUBLIC        OLED_Clear
  C:26A6H         PUBLIC        _OLED_DrawBMP
  D:00D0H         PUBLIC        PSW
  -------         PROC          IIC_START
  C:33A1H         LINE#         42
  C:33A1H         LINE#         43
  C:33A1H         LINE#         45
  C:33A3H         LINE#         46
  C:33A5H         LINE#         47
  C:33A7H         LINE#         48
  C:33A9H         LINE#         49
  -------         ENDPROC       IIC_START
  -------         PROC          IIC_STOP
  C:33DDH         LINE#         54
  C:33DDH         LINE#         55
  C:33DDH         LINE#         56
  C:33DFH         LINE#         57
  C:33E1H         LINE#         58
  C:33E3H         LINE#         60
  -------         ENDPROC       IIC_STOP
  -------         PROC          L?0120
  -------         ENDPROC       L?0120
  -------         PROC          IIC_WAIT_ACK
  C:3315H         LINE#         62
  C:3315H         LINE#         63
  C:3315H         LINE#         64
  C:3317H         LINE#         65
  C:3319H         LINE#         66
  -------         ENDPROC       IIC_WAIT_ACK
  -------         PROC          L?0122
  -------         ENDPROC       L?0122
  -------         PROC          _WRITE_IIC_BYTE
  D:0007H         SYMBOL        IIC_Byte
  -------         DO            
  D:0006H         SYMBOL        i
  D:0005H         SYMBOL        m
  D:0007H         SYMBOL        da
  -------         ENDDO         
  C:314EH         LINE#         71
  C:314EH         LINE#         72
BL51 BANKED LINKER/LOCATER V6.22.2.0                                                  02/20/2019  18:47:09  PAGE 21


  C:314EH         LINE#         75
  C:314EH         LINE#         76
  C:3150H         LINE#         77
  C:315CH         LINE#         78
  C:315CH         LINE#         79
  C:315EH         LINE#         81
  C:3161H         LINE#         82
  C:3165H         LINE#         83
  C:3165H         LINE#         84
  C:3167H         LINE#         85
  C:3169H         LINE#         86
  C:316BH         LINE#         87
  C:316FH         LINE#         88
  C:3171H         LINE#         89
  C:3173H         LINE#         90
  C:3176H         LINE#         93
  -------         ENDPROC       _WRITE_IIC_BYTE
  -------         PROC          _WRITE_IIC_COMMAND
  D:0004H         SYMBOL        IIC_Command
  C:3348H         LINE#         97
  C:3348H         LINE#         98
  C:3348H         LINE#         99
  C:3348H         LINE#         100
  C:334BH         LINE#         101
  C:334EH         LINE#         102
  C:3350H         LINE#         103
  C:3350H         LINE#         104
  C:3350H         LINE#         105
  C:3353H         LINE#         106
  -------         ENDPROC       _WRITE_IIC_COMMAND
  -------         PROC          _WRITE_IIC_DATA
  D:0004H         SYMBOL        IIC_Data
  C:3356H         LINE#         111
  C:3356H         LINE#         112
  C:3356H         LINE#         113
  C:3356H         LINE#         114
  C:3359H         LINE#         115
  C:335CH         LINE#         116
  C:335EH         LINE#         117
  C:335EH         LINE#         118
  C:335EH         LINE#         119
  C:3361H         LINE#         120
  -------         ENDPROC       _WRITE_IIC_DATA
  C:3177H         SYMBOL        L?0116
  C:3181H         SYMBOL        L?0117
  C:3186H         SYMBOL        L?0118
  C:318FH         SYMBOL        L?0119
  -------         PROC          L?0115
  -------         ENDPROC       L?0115
  C:3177H         SYMBOL        L?0116
  C:3181H         SYMBOL        L?0117
  C:3186H         SYMBOL        L?0118
  C:318FH         SYMBOL        L?0119
  -------         PROC          _OLED_WR_BYTE
  D:0002H         SYMBOL        dat
  D:0004H         SYMBOL        cmd
  C:3193H         LINE#         122
BL51 BANKED LINKER/LOCATER V6.22.2.0                                                  02/20/2019  18:47:09  PAGE 22


  C:3197H         LINE#         123
  C:3197H         LINE#         124
  C:319BH         LINE#         125
  C:319BH         LINE#         127
  C:319EH         LINE#         129
  C:319EH         LINE#         131
  C:319EH         LINE#         132
  C:31A3H         LINE#         134
  C:31A3H         LINE#         137
  -------         ENDPROC       _OLED_WR_BYTE
  -------         PROC          _FILL_PICTURE
  X:00C5H         SYMBOL        fill_Data
  -------         DO            
  D:0001H         SYMBOL        m
  X:00C6H         SYMBOL        n
  -------         ENDDO         
  C:2E68H         LINE#         142
  C:2E6DH         LINE#         143
  C:2E6DH         LINE#         145
  C:2E7CH         LINE#         146
  C:2E7CH         LINE#         147
  C:2E7CH         LINE#         148
  C:2E7CH         LINE#         149
  C:2E7FH         LINE#         150
  C:2E91H         LINE#         151
  C:2E91H         LINE#         152
  C:2E9FH         LINE#         153
  C:2EA5H         LINE#         154
  C:2EA8H         LINE#         155
  -------         ENDPROC       _FILL_PICTURE
  -------         PROC          L?0121
  -------         ENDPROC       L?0121
  -------         PROC          _OLED_SET_POS
  D:0001H         SYMBOL        x
  D:0005H         SYMBOL        y
  C:2F6CH         LINE#         159
  C:2F6EH         LINE#         160
  C:2F6EH         LINE#         161
  C:2F7BH         LINE#         162
  C:2F8EH         LINE#         163
  -------         ENDPROC       _OLED_SET_POS
  -------         PROC          OLED_DISPLAY_ON
  C:32A3H         LINE#         166
  C:32A3H         LINE#         167
  C:32A3H         LINE#         168
  C:32A8H         LINE#         169
  C:32B1H         LINE#         170
  -------         ENDPROC       OLED_DISPLAY_ON
  -------         PROC          OLED_DISPLAY_OFF
  C:3364H         LINE#         173
  C:3364H         LINE#         174
  C:3364H         LINE#         175
  C:3366H         LINE#         176
  C:3369H         LINE#         177
  -------         ENDPROC       OLED_DISPLAY_OFF
  -------         PROC          OLED_CLEAR
  -------         DO            
BL51 BANKED LINKER/LOCATER V6.22.2.0                                                  02/20/2019  18:47:09  PAGE 23


  D:0001H         SYMBOL        i
  X:0057H         SYMBOL        n
  -------         ENDDO         
  C:3049H         LINE#         180
  C:3049H         LINE#         181
  C:3049H         LINE#         183
  C:3058H         LINE#         184
  C:3058H         LINE#         185
  C:3058H         LINE#         186
  C:3058H         LINE#         187
  C:305BH         LINE#         188
  C:307CH         LINE#         189
  C:307FH         LINE#         190
  -------         ENDPROC       OLED_CLEAR
  -------         PROC          OLED_ON
  -------         DO            
  D:0001H         SYMBOL        i
  X:00C7H         SYMBOL        n
  -------         ENDDO         
  C:3011H         LINE#         191
  C:3011H         LINE#         192
  C:3011H         LINE#         194
  C:3020H         LINE#         195
  C:3020H         LINE#         196
  C:3020H         LINE#         197
  C:3020H         LINE#         198
  C:3023H         LINE#         199
  C:3045H         LINE#         200
  C:3048H         LINE#         201
  -------         ENDPROC       OLED_ON
  -------         PROC          _OLED_SHOWCHAR
  X:0067H         SYMBOL        x
  X:0068H         SYMBOL        y
  D:0003H         SYMBOL        chr
  X:006AH         SYMBOL        Char_Size
  B:0020H.1       SYMBOL        mode
  -------         DO            
  X:006BH         SYMBOL        c
  D:0001H         SYMBOL        i
  -------         ENDDO         
  C:1B8BH         LINE#         207
  C:1B96H         LINE#         208
  C:1B96H         LINE#         209
  C:1B9CH         LINE#         210
  C:1BA0H         LINE#         211
  C:1BAAH         LINE#         212
  C:1BAAH         LINE#         213
  C:1BAFH         LINE#         214
  C:1BB4H         LINE#         215
  C:1BB4H         LINE#         216
  C:1BBFH         LINE#         217
  C:1BBFH         LINE#         218
  C:1BC2H         LINE#         219
  C:1BCEH         LINE#         220
  C:1BCEH         LINE#         221
  C:1BDAH         LINE#         222
  C:1BF4H         LINE#         224
BL51 BANKED LINKER/LOCATER V6.22.2.0                                                  02/20/2019  18:47:09  PAGE 24


  C:1C15H         LINE#         225
  C:1C18H         LINE#         226
  C:1C24H         LINE#         227
  C:1C33H         LINE#         228
  C:1C33H         LINE#         229
  C:1C3FH         LINE#         230
  C:1C59H         LINE#         232
  C:1C7AH         LINE#         233
  C:1C7DH         LINE#         234
  C:1C7DH         LINE#         236
  C:1C7DH         LINE#         237
  C:1C80H         LINE#         238
  C:1C8CH         LINE#         239
  C:1C8CH         LINE#         240
  C:1C99H         LINE#         241
  C:1CB2H         LINE#         243
  C:1CD2H         LINE#         244
  C:1CD5H         LINE#         246
  C:1CD5H         LINE#         247
  -------         ENDPROC       _OLED_SHOWCHAR
  -------         PROC          _OLED_POW
  X:00C8H         SYMBOL        m
  D:0001H         SYMBOL        n
  -------         DO            
  D:0006H         SYMBOL        result
  -------         ENDDO         
  C:0003H         LINE#         249
  C:000AH         LINE#         250
  C:000AH         LINE#         251
  C:000EH         LINE#         252
  C:0020H         LINE#         253
  C:0020H         LINE#         254
  -------         ENDPROC       _OLED_POW
  -------         PROC          _OLED_SHOWNUM
  X:00A8H         SYMBOL        x
  X:00A9H         SYMBOL        y
  X:00AAH         SYMBOL        num
  X:00ACH         SYMBOL        len
  X:00ADH         SYMBOL        size2
  B:0021H.4       SYMBOL        mode
  -------         DO            
  X:00AEH         SYMBOL        t
  X:00AFH         SYMBOL        temp
  X:00B0H         SYMBOL        enshow
  -------         ENDDO         
  C:2278H         LINE#         261
  C:2286H         LINE#         262
  C:2286H         LINE#         264
  C:228BH         LINE#         265
  C:22A0H         LINE#         266
  C:22A0H         LINE#         267
  C:22C7H         LINE#         268
  C:22DAH         LINE#         269
  C:22DAH         LINE#         270
  C:22DEH         LINE#         271
  C:22DEH         LINE#         272
  C:22FDH         LINE#         273
BL51 BANKED LINKER/LOCATER V6.22.2.0                                                  02/20/2019  18:47:09  PAGE 25


  C:22FFH         LINE#         274
  C:22FFH         LINE#         275
  C:2305H         LINE#         277
  C:2305H         LINE#         278
  C:2331H         LINE#         279
  C:233AH         LINE#         280
  -------         ENDPROC       _OLED_SHOWNUM
  -------         PROC          _OLED_SHOWSTRING
  X:0060H         SYMBOL        x
  X:0061H         SYMBOL        y
  X:0062H         SYMBOL        chr
  X:0065H         SYMBOL        Char_Size
  B:0020H.0       SYMBOL        mode
  -------         DO            
  X:0066H         SYMBOL        j
  -------         ENDDO         
  C:2A88H         LINE#         282
  C:2A99H         LINE#         283
  C:2A99H         LINE#         284
  C:2A9EH         LINE#         285
  C:2AB8H         LINE#         286
  C:2AB8H         LINE#         287
  C:2ACFH         LINE#         288
  C:2AD6H         LINE#         289
  C:2AE0H         LINE#         290
  C:2AE0H         LINE#         291
  C:2AE2H         LINE#         292
  C:2AE7H         LINE#         293
  C:2AE7H         LINE#         294
  C:2AEDH         LINE#         295
  C:2AEFH         LINE#         296
  -------         ENDPROC       _OLED_SHOWSTRING
  -------         PROC          _OLED_SHOWCHINESE
  X:006AH         SYMBOL        x
  X:006BH         SYMBOL        y
  X:006CH         SYMBOL        no
  B:0020H.1       SYMBOL        mode
  -------         DO            
  X:006DH         SYMBOL        t
  X:006EH         SYMBOL        adder
  -------         ENDDO         
  C:1CD6H         LINE#         298
  C:1CE3H         LINE#         299
  C:1CE3H         LINE#         300
  C:1CE8H         LINE#         301
  C:1CEBH         LINE#         302
  C:1CFEH         LINE#         303
  C:1CFEH         LINE#         304
  C:1D01H         LINE#         305
  C:1D24H         LINE#         307
  C:1D53H         LINE#         308
  C:1D59H         LINE#         309
  C:1D61H         LINE#         310
  C:1D6DH         LINE#         311
  C:1D7BH         LINE#         312
  C:1D7BH         LINE#         313
  C:1D7EH         LINE#         314
BL51 BANKED LINKER/LOCATER V6.22.2.0                                                  02/20/2019  18:47:09  PAGE 26


  C:1DA1H         LINE#         316
  C:1DD0H         LINE#         317
  C:1DD6H         LINE#         318
  C:1DDEH         LINE#         319
  -------         ENDPROC       _OLED_SHOWCHINESE
  -------         PROC          _FIND_INDEX
  X:006AH         SYMBOL        a
  -------         DO            
  D:0005H         SYMBOL        i
  D:0006H         SYMBOL        b
  -------         ENDDO         
  C:2AF0H         LINE#         321
  C:2AF8H         LINE#         322
  C:2AF8H         LINE#         325
  C:2B04H         LINE#         326
  C:2B04H         LINE#         327
  C:2B1CH         LINE#         328
  C:2B31H         LINE#         329
  C:2B3DH         LINE#         330
  C:2B4FH         LINE#         331
  C:2B52H         LINE#         332
  C:2B54H         LINE#         333
  -------         ENDPROC       _FIND_INDEX
  -------         PROC          _OLED_SHOWCHINESE2
  X:0060H         SYMBOL        x
  X:0061H         SYMBOL        y
  X:0062H         SYMBOL        chr
  B:0020H.0       SYMBOL        mode
  -------         DO            
  X:0065H         SYMBOL        hz16
  X:0067H         SYMBOL        i
  X:0068H         SYMBOL        ret
  X:0069H         SYMBOL        len
  -------         ENDDO         
  C:1DDFH         LINE#         335
  C:1DF0H         LINE#         336
  C:1DF0H         LINE#         337
  C:1DF5H         LINE#         338
  C:1DFEH         LINE#         339
  C:1E1AH         LINE#         340
  C:1E25H         LINE#         341
  C:1E32H         LINE#         343
  C:1E47H         LINE#         344
  C:1E47H         LINE#         345
  C:1E6AH         LINE#         346
  C:1E8EH         LINE#         347
  C:1E9BH         LINE#         348
  C:1EA1H         LINE#         349
  C:1EBBH         LINE#         350
  C:1ED3H         LINE#         351
  C:1EDCH         LINE#         352
  -------         ENDPROC       _OLED_SHOWCHINESE2
  -------         PROC          _OLED_DRAWBMP
  X:0060H         SYMBOL        x0
  D:0005H         SYMBOL        y0
  X:0062H         SYMBOL        x1
  X:0063H         SYMBOL        y1
BL51 BANKED LINKER/LOCATER V6.22.2.0                                                  02/20/2019  18:47:09  PAGE 27


  X:0064H         SYMBOL        BMP
  B:0020H.0       SYMBOL        mode
  -------         DO            
  X:0067H         SYMBOL        j
  X:0069H         SYMBOL        x
  X:006AH         SYMBOL        y
  -------         ENDDO         
  C:26A6H         LINE#         354
  C:26B0H         LINE#         355
  C:26B0H         LINE#         356
  C:26B7H         LINE#         359
  C:26CAH         LINE#         360
  C:26CAH         LINE#         361
  C:26D2H         LINE#         362
  C:26E4H         LINE#         363
  C:26E4H         LINE#         364
  C:26F7H         LINE#         365
  C:2707H         LINE#         367
  C:271EH         LINE#         368
  C:2726H         LINE#         369
  C:272EH         LINE#         370
  -------         ENDPROC       _OLED_DRAWBMP
  -------         PROC          OLED_INIT
  C:2198H         LINE#         373
  C:2198H         LINE#         374
  C:2198H         LINE#         376
  C:219EH         LINE#         377
  C:219EH         LINE#         378
  C:21A1H         LINE#         379
  C:21AAH         LINE#         380
  C:21B3H         LINE#         381
  C:21BCH         LINE#         382
  C:21C5H         LINE#         383
  C:21CEH         LINE#         384
  C:21D7H         LINE#         385
  C:21E0H         LINE#         386
  C:21E9H         LINE#         387
  C:21F2H         LINE#         388
  C:21FBH         LINE#         389
  C:2203H         LINE#         391
  C:220CH         LINE#         392
  C:2215H         LINE#         394
  C:221EH         LINE#         395
  C:2227H         LINE#         397
  C:2230H         LINE#         398
  C:2239H         LINE#         400
  C:2242H         LINE#         401
  C:224BH         LINE#         403
  C:2254H         LINE#         404
  C:225DH         LINE#         406
  C:2266H         LINE#         407
  C:226FH         LINE#         409
  -------         ENDPROC       OLED_INIT
  -------         ENDMOD        OLED

  -------         MODULE        USART
  C:0000H         SYMBOL        _ICE_DUMMY_
BL51 BANKED LINKER/LOCATER V6.22.2.0                                                  02/20/2019  18:47:09  PAGE 28


  D:0080H         PUBLIC        P0
  D:0090H         PUBLIC        P1
  D:00A0H         PUBLIC        P2
  D:00B0H         PUBLIC        P3
  D:00C0H         PUBLIC        P4
  D:00C8H         PUBLIC        P5
  B:00A8H.7       PUBLIC        EA
  D:00E8H         PUBLIC        P6
  D:00F8H         PUBLIC        P7
  C:0026H         PUBLIC        _SendString
  C:31F6H         PUBLIC        _SendData
  D:00A2H         PUBLIC        P_SW1
  D:00BAH         PUBLIC        P_SW2
  D:00A8H         PUBLIC        IE
  B:00A8H.4       PUBLIC        ES
  D:00B8H         PUBLIC        IP
  B:0098H.0       PUBLIC        RI
  B:0098H.1       PUBLIC        TI
  D:00D8H         PUBLIC        CCON
  D:0099H         PUBLIC        SBUF
  D:0098H         PUBLIC        SCON
  D:0089H         PUBLIC        TMOD
  D:0088H         PUBLIC        TCON
  D:00AFH         PUBLIC        IE2
  D:008EH         PUBLIC        AUXR
  D:00F0H         PUBLIC        B
  D:00E0H         PUBLIC        ACC
  C:2DE2H         PUBLIC        _usart_init
  D:008DH         PUBLIC        TH1
  D:00D6H         PUBLIC        T2H
  C:331AH         PUBLIC        Uart1
  D:008BH         PUBLIC        TL1
  D:00D7H         PUBLIC        T2L
  B:0088H.6       PUBLIC        TR1
  D:009BH         PUBLIC        S2BUF
  D:009AH         PUBLIC        S2CON
  B:0021H.2       PUBLIC        busy1
  B:0021H.3       PUBLIC        busy2
  D:00D0H         PUBLIC        PSW
  C:33E4H         PUBLIC        _putchar
  -------         PROC          _USART_INIT
  D:0007H         SYMBOL        usartNum
  C:2DE2H         LINE#         29
  C:2DE2H         LINE#         30
  C:2DE2H         LINE#         31
  C:2DEEH         LINE#         32
  C:2DEEH         LINE#         33
  C:2DF1H         LINE#         37
  C:2DF4H         LINE#         39
  C:2DF7H         LINE#         40
  C:2DFAH         LINE#         41
  C:2DFDH         LINE#         42
  C:2E00H         LINE#         43
  C:2E02H         LINE#         44
  C:2E03H         LINE#         45
  C:2E09H         LINE#         46
  C:2E09H         LINE#         47
BL51 BANKED LINKER/LOCATER V6.22.2.0                                                  02/20/2019  18:47:09  PAGE 29


  C:2E0BH         LINE#         48
  C:2E0DH         LINE#         49
  C:2E0FH         LINE#         62
  C:2E12H         LINE#         64
  C:2E15H         LINE#         65
  C:2E18H         LINE#         66
  C:2E1BH         LINE#         67
  C:2E1EH         LINE#         68
  C:2E20H         LINE#         69
  C:2E22H         LINE#         70
  C:2E24H         LINE#         71
  C:2E24H         LINE#         72
  -------         ENDPROC       _USART_INIT
  -------         PROC          UART1
  C:331AH         LINE#         96
  C:331AH         LINE#         98
  C:331DH         LINE#         99
  C:331DH         LINE#         100
  C:3320H         LINE#         101
  C:3322H         LINE#         103
  C:3322H         LINE#         104
  C:3325H         LINE#         105
  C:3325H         LINE#         106
  C:3327H         LINE#         107
  C:3329H         LINE#         108
  C:3329H         LINE#         109
  -------         ENDPROC       UART1
  -------         PROC          _SENDDATA
  D:0007H         SYMBOL        dat
  D:0005H         SYMBOL        usartNum
  C:31F6H         LINE#         113
  C:31F6H         LINE#         114
  C:31F6H         LINE#         115
  C:3202H         LINE#         116
  C:3202H         LINE#         117
  C:3205H         LINE#         118
  C:3206H         LINE#         119
  C:3208H         LINE#         120
  C:320AH         LINE#         121
  C:320BH         LINE#         122
  C:3211H         LINE#         123
  C:3211H         LINE#         124
  C:3214H         LINE#         125
  C:3215H         LINE#         126
  C:3217H         LINE#         127
  C:3219H         LINE#         128
  C:3219H         LINE#         129
  -------         ENDPROC       _SENDDATA
  -------         PROC          _SENDSTRING
  X:00BEH         SYMBOL        s
  D:0006H         SYMBOL        usartNum
  C:0026H         LINE#         133
  C:0033H         LINE#         134
  C:0033H         LINE#         135
  C:003EH         LINE#         136
  C:003EH         LINE#         137
  C:004EH         LINE#         138
BL51 BANKED LINKER/LOCATER V6.22.2.0                                                  02/20/2019  18:47:09  PAGE 30


  C:004EH         LINE#         139
  C:0065H         LINE#         140
  C:0067H         LINE#         141
  C:0067H         LINE#         142
  C:0074H         LINE#         143
  C:0074H         LINE#         144
  C:0084H         LINE#         145
  C:0084H         LINE#         146
  C:009BH         LINE#         147
  C:009DH         LINE#         148
  C:009DH         LINE#         150
  -------         ENDPROC       _SENDSTRING
  -------         PROC          _PUTCHAR
  D:0006H         SYMBOL        c
  C:33E4H         LINE#         154
  C:33E6H         LINE#         155
  C:33E6H         LINE#         156
  -------         ENDPROC       _PUTCHAR
  -------         ENDMOD        USART

  -------         MODULE        TIMER
  C:0000H         SYMBOL        _ICE_DUMMY_
  D:0080H         PUBLIC        P0
  D:0090H         PUBLIC        P1
  D:00A0H         PUBLIC        P2
  D:00B0H         PUBLIC        P3
  D:00C0H         PUBLIC        P4
  D:00C8H         PUBLIC        P5
  B:00A8H.7       PUBLIC        EA
  D:00E8H         PUBLIC        P6
  D:00F8H         PUBLIC        P7
  D:00A8H         PUBLIC        IE
  D:00B8H         PUBLIC        IP
  D:00D8H         PUBLIC        CCON
  C:2E25H         PUBLIC        timer4_ISR
  I:002DH         SYMBOL        g_sys_ticks
  D:0098H         PUBLIC        SCON
  C:337CH         PUBLIC        time_GetTicks
  D:0088H         PUBLIC        TCON
  D:00AFH         PUBLIC        IE2
  D:00F0H         PUBLIC        B
  D:00E0H         PUBLIC        ACC
  C:332AH         PUBLIC        Timer4Init
  D:00D2H         PUBLIC        T4H
  D:00D3H         PUBLIC        T4L
  D:00D1H         PUBLIC        T4T3M
  D:00D0H         PUBLIC        PSW
  -------         PROC          TIMER4INIT
  C:332AH         LINE#         39
  C:332AH         LINE#         40
  C:332AH         LINE#         41
  C:332DH         LINE#         42
  C:3330H         LINE#         43
  C:3333H         LINE#         44
  C:3336H         LINE#         45
  C:3339H         LINE#         47
  -------         ENDPROC       TIMER4INIT
BL51 BANKED LINKER/LOCATER V6.22.2.0                                                  02/20/2019  18:47:09  PAGE 31


  -------         PROC          TIME_GETTICKS
  -------         DO            
  D:0004H         SYMBOL        ticks
  -------         ENDDO         
  C:337CH         LINE#         62
  C:337CH         LINE#         63
  C:337CH         LINE#         65
  C:337EH         LINE#         66
  C:3383H         LINE#         67
  C:3385H         LINE#         68
  C:3385H         LINE#         69
  -------         ENDPROC       TIME_GETTICKS
  -------         PROC          TIMER4_ISR
  C:2E25H         LINE#         84
  C:2E3CH         LINE#         86
  C:2E53H         LINE#         89
  -------         ENDPROC       TIMER4_ISR
  -------         ENDMOD        TIMER

  -------         MODULE        GUI
  C:0000H         SYMBOL        _ICE_DUMMY_
  D:0080H         PUBLIC        P0
  D:0090H         PUBLIC        P1
  D:00A0H         PUBLIC        P2
  D:00B0H         PUBLIC        P3
  D:00C0H         PUBLIC        P4
  D:00C8H         PUBLIC        P5
  D:00E8H         PUBLIC        P6
  D:00F8H         PUBLIC        P7
  C:233BH         PUBLIC        _gui_SearchPrevControl
  C:272FH         PUBLIC        _gui_SearchNextControl
  D:00A8H         PUBLIC        IE
  C:3116H         PUBLIC        _gui_GetMsgTypeString
  D:00B8H         PUBLIC        IP
  X:0096H         PUBLIC        g_all_dlg
  I:0022H         PUBLIC        g_con_param_list
  C:1EF1H         PUBLIC        _gui_DrawControl
  C:0021H         PUBLIC        _gui_DlgDefaultProc
  D:00D8H         PUBLIC        CCON
  C:28BBH         PUBLIC        _gui_DrawAllControls
  D:0098H         PUBLIC        SCON
  D:0088H         PUBLIC        TCON
  C:20B7H         PUBLIC        gui_Task
  D:00F0H         PUBLIC        B
  D:00E0H         PUBLIC        ACC
  C:009EH         PUBLIC        _gui_DlgSetActive
  I:002CH         SYMBOL        g_current_dlg
  C:2F28H         PUBLIC        _gui_GetMsgCodeString
  D:00D0H         PUBLIC        PSW
  -------         PROC          _GUI_DLGSETACTIVE
  D:0007H         SYMBOL        dlg_index
  C:009EH         LINE#         10
  C:009EH         LINE#         11
  C:009EH         LINE#         12
  C:00A2H         LINE#         13
  -------         ENDPROC       _GUI_DLGSETACTIVE
  -------         PROC          GUI_TASK
BL51 BANKED LINKER/LOCATER V6.22.2.0                                                  02/20/2019  18:47:09  PAGE 32


  -------         DO            
  X:004BH         SYMBOL        ticks
  X:0092H         SYMBOL        oldticks
  D:0007H         SYMBOL        ret
  X:004FH         SYMBOL        key_code
  X:0050H         SYMBOL        key_state
  X:0051H         SYMBOL        msg_type
  X:0052H         SYMBOL        msg_code
  -------         ENDDO         
  C:20B7H         LINE#         15
  C:20B7H         LINE#         16
  C:20B7H         LINE#         20
  C:20BFH         LINE#         22
  C:20C8H         LINE#         23
  C:20FBH         LINE#         24
  C:210FH         LINE#         25
  C:2115H         LINE#         26
  C:2118H         LINE#         27
  C:2118H         LINE#         28
  C:211FH         LINE#         29
  C:211FH         LINE#         30
  C:2135H         LINE#         31
  C:2138H         LINE#         32
  C:2138H         LINE#         33
  C:2140H         LINE#         34
  C:2146H         LINE#         35
  C:2146H         LINE#         36
  C:2146H         LINE#         37
  C:214EH         LINE#         38
  C:214EH         LINE#         39
  C:2165H         LINE#         40
  C:2165H         LINE#         41
  C:2165H         LINE#         42
  C:216DH         LINE#         43
  C:2178H         LINE#         44
  C:2183H         LINE#         45
  C:218EH         LINE#         46
  C:218EH         LINE#         47
  C:218EH         LINE#         48
  C:218EH         LINE#         49
  C:2197H         LINE#         50
  C:2197H         LINE#         51
  C:2197H         LINE#         52
  -------         ENDPROC       GUI_TASK
  -------         PROC          _GUI_DLGDEFAULTPROC
  X:0000H         SYMBOL        msg_type
  X:0001H         SYMBOL        msg_code
  C:0021H         LINE#         54
  C:0021H         LINE#         55
  C:0021H         LINE#         57
  C:0021H         LINE#         58
  C:0021H         LINE#         59
  -------         ENDPROC       _GUI_DLGDEFAULTPROC
  -------         PROC          _GUI_GETMSGTYPESTRING
  D:0007H         SYMBOL        msg_type
  C:3116H         LINE#         62
  C:3116H         LINE#         63
BL51 BANKED LINKER/LOCATER V6.22.2.0                                                  02/20/2019  18:47:09  PAGE 33


  C:3116H         LINE#         64
  C:3124H         LINE#         65
  C:3124H         LINE#         66
  C:312BH         LINE#         67
  C:3132H         LINE#         68
  C:3139H         LINE#         69
  C:3140H         LINE#         70
  C:3146H         LINE#         71
  C:3146H         LINE#         72
  -------         ENDPROC       _GUI_GETMSGTYPESTRING
  -------         PROC          _GUI_GETMSGCODESTRING
  D:0007H         SYMBOL        msg_code
  C:2F28H         LINE#         74
  C:2F28H         LINE#         75
  C:2F28H         LINE#         76
  C:2F3AH         LINE#         77
  C:2F3AH         LINE#         78
  C:2F41H         LINE#         79
  C:2F48H         LINE#         80
  C:2F4FH         LINE#         81
  C:2F56H         LINE#         82
  C:2F5DH         LINE#         83
  C:2F63H         LINE#         84
  C:2F63H         LINE#         85
  -------         ENDPROC       _GUI_GETMSGCODESTRING
  -------         PROC          _GUI_DRAWALLCONTROLS
  X:0057H         SYMBOL        plist
  X:005AH         SYMBOL        active
  -------         DO            
  X:005BH         SYMBOL        i
  -------         ENDDO         
  C:28BBH         LINE#         87
  C:28C9H         LINE#         88
  C:28C9H         LINE#         90
  C:28D7H         LINE#         91
  C:2904H         LINE#         92
  C:2904H         LINE#         93
  C:292AH         LINE#         94
  C:2932H         LINE#         95
  -------         ENDPROC       _GUI_DRAWALLCONTROLS
  -------         PROC          L?0068
  -------         ENDPROC       L?0068
  -------         PROC          _GUI_DRAWCONTROL
  X:005CH         SYMBOL        pcon
  X:005FH         SYMBOL        is_active
  C:1EF1H         LINE#         97
  C:1EFFH         LINE#         98
  C:1EFFH         LINE#         99
  C:1F10H         LINE#         100
  C:1F1EH         LINE#         101
  C:1F1EH         LINE#         103
  C:1F47H         LINE#         104
  C:1F47H         LINE#         105
  C:1F59H         LINE#         106
[...]
  C:2F9EH         LINE#         85
  C:2FA3H         LINE#         86
  C:2FB2H         LINE#         87
  C:2FB6H         LINE#         88
  C:2FB9H         LINE#         89
  C:2FC8H         LINE#         90
  C:2FD5H         LINE#         92
  -------         ENDPROC       GUI_DLGKEYDEMOOPEN
  -------         ENDMOD        DLG_KEYDEMO

  -------         MODULE        DLG_LEDDEMO
  C:0000H         SYMBOL        _ICE_DUMMY_
  D:0080H         PUBLIC        P0
  D:0090H         PUBLIC        P1
  D:00A0H         PUBLIC        P2
  D:00B0H         PUBLIC        P3
  D:00C0H         PUBLIC        P4
  D:00C8H         PUBLIC        P5
BL51 BANKED LINKER/LOCATER V6.22.2.0                                                  02/20/2019  18:47:09  PAGE 38


  D:00E8H         PUBLIC        P6
  B:0080H.4       PUBLIC        LED1
  D:00F8H         PUBLIC        P7
  B:0080H.3       PUBLIC        LED2
  B:0080H.2       PUBLIC        LED3
  B:0080H.1       PUBLIC        LED4
  B:0080H.0       PUBLIC        LED5
  B:00A0H.7       PUBLIC        LED6
  B:00A0H.6       PUBLIC        LED7
  B:00A0H.5       PUBLIC        LED8
  D:00A8H         PUBLIC        IE
  B:00A0H.4       PUBLIC        LED9
  D:00B8H         PUBLIC        IP
  D:00D8H         PUBLIC        CCON
  C:31A4H         PUBLIC        _led_flash
  C:2D29H         SYMBOL        g_con_list
  D:0098H         PUBLIC        SCON
  D:0088H         PUBLIC        TCON
  D:00F0H         PUBLIC        B
  C:2C0EH         PUBLIC        _flash1
  C:246DH         PUBLIC        _flash2
  C:2B55H         PUBLIC        _flash3
  D:00E0H         PUBLIC        ACC
  I:001EH         SYMBOL        g_con_active
  C:2CB5H         PUBLIC        gui_DlgLedDemoOpen
  C:33EBH         SYMBOL        InitLEDDemo
  C:27B8H         PUBLIC        _gui_DlgLedDemoProc
  D:00D0H         PUBLIC        PSW
  -------         PROC          _FLASH1
  D:0006H         SYMBOL        span
  D:0005H         SYMBOL        spanmini
  -------         DO            
  X:00B8H         SYMBOL        count
  -------         ENDDO         
  C:2C0EH         LINE#         36
  C:2C0EH         LINE#         37
  C:2C0EH         LINE#         39
  C:2C28H         LINE#         40
  C:2C4CH         LINE#         41
  C:2C4CH         LINE#         42
  C:2C4CH         LINE#         43
  C:2C4FH         LINE#         44
  C:2C4FH         LINE#         45
  C:2C4FH         LINE#         46
  C:2C52H         LINE#         47
  C:2C52H         LINE#         48
  C:2C52H         LINE#         49
  C:2C55H         LINE#         50
  C:2C55H         LINE#         51
  C:2C55H         LINE#         52
  C:2C58H         LINE#         53
  C:2C58H         LINE#         54
  C:2C58H         LINE#         55
  C:2C5BH         LINE#         56
  C:2C5BH         LINE#         57
  C:2C5BH         LINE#         58
  C:2C5EH         LINE#         59
BL51 BANKED LINKER/LOCATER V6.22.2.0                                                  02/20/2019  18:47:09  PAGE 39


  C:2C5EH         LINE#         60
  C:2C5EH         LINE#         61
  C:2C61H         LINE#         62
  C:2C61H         LINE#         63
  C:2C61H         LINE#         64
  -------         ENDPROC       _FLASH1
  -------         PROC          _FLASH2
  D:0006H         SYMBOL        span
  D:0005H         SYMBOL        spanmini
  -------         DO            
  X:00BAH         SYMBOL        count
  -------         ENDDO         
  C:246DH         LINE#         65
  C:246DH         LINE#         66
  C:246DH         LINE#         68
  C:2487H         LINE#         69
  C:24DAH         LINE#         70
  C:24DAH         LINE#         71
  C:24DAH         LINE#         72
  C:24DCH         LINE#         73
  C:24DDH         LINE#         74
  C:24DDH         LINE#         75
  C:24DFH         LINE#         76
  C:24E0H         LINE#         77
  C:24E0H         LINE#         78
  C:24E2H         LINE#         79
  C:24E3H         LINE#         80
  C:24E3H         LINE#         81
  C:24E3H         LINE#         82
  C:24E3H         LINE#         83
  C:24E6H         LINE#         84
  C:24E6H         LINE#         85
  C:24E6H         LINE#         86
  C:24E8H         LINE#         87
  C:24E9H         LINE#         88
  C:24E9H         LINE#         89
  C:24EBH         LINE#         90
  C:24ECH         LINE#         91
  C:24ECH         LINE#         92
  C:24EEH         LINE#         93
  C:24EFH         LINE#         94
  C:24EFH         LINE#         95
  C:24EFH         LINE#         96
  C:24EFH         LINE#         97
  C:24F2H         LINE#         98
  C:24F2H         LINE#         99
  C:24F2H         LINE#         100
  C:24F4H         LINE#         101
  C:24F5H         LINE#         102
  C:24F5H         LINE#         103
  C:24F7H         LINE#         104
  C:24F8H         LINE#         105
  C:24F8H         LINE#         106
  C:24FAH         LINE#         107
  C:24FBH         LINE#         108
  C:24FBH         LINE#         109
  C:24FBH         LINE#         110
BL51 BANKED LINKER/LOCATER V6.22.2.0                                                  02/20/2019  18:47:09  PAGE 40


  C:24FBH         LINE#         111
  C:24FEH         LINE#         112
  C:24FEH         LINE#         113
  C:24FEH         LINE#         114
  C:2501H         LINE#         115
  C:2501H         LINE#         116
  C:2501H         LINE#         117
  -------         ENDPROC       _FLASH2
  -------         PROC          _FLASH3
  D:0006H         SYMBOL        span
  D:0005H         SYMBOL        spanmini
  -------         DO            
  X:00BCH         SYMBOL        count
  -------         ENDDO         
  C:2B55H         LINE#         119
  C:2B55H         LINE#         120
  C:2B55H         LINE#         122
  C:2B6FH         LINE#         123
  C:2B8BH         LINE#         124
  C:2B8BH         LINE#         125
  C:2B8BH         LINE#         126
  C:2B8BH         LINE#         127
  C:2B8DH         LINE#         128
  C:2B8DH         LINE#         129
  C:2B8FH         LINE#         130
  C:2B91H         LINE#         131
  C:2B93H         LINE#         132
  C:2B94H         LINE#         133
  C:2B94H         LINE#         134
  C:2B96H         LINE#         135
  C:2B98H         LINE#         136
  C:2B9AH         LINE#         137
  C:2B9CH         LINE#         138
  C:2B9EH         LINE#         139
  C:2BA0H         LINE#         140
  C:2BA1H         LINE#         141
  C:2BA1H         LINE#         142
  C:2BA3H         LINE#         143
  C:2BA5H         LINE#         144
  C:2BA7H         LINE#         145
  C:2BA9H         LINE#         146
  C:2BABH         LINE#         147
  C:2BADH         LINE#         148
  C:2BAEH         LINE#         149
  C:2BB1H         LINE#         151
  C:2BB1H         LINE#         152
  C:2BB1H         LINE#         153
  -------         ENDPROC       _FLASH3
  -------         PROC          _LED_FLASH
  D:0007H         SYMBOL        mode
  C:31A4H         LINE#         155
  C:31A4H         LINE#         156
  C:31A4H         LINE#         157
  C:31B2H         LINE#         158
  C:31B2H         LINE#         159
  C:31B2H         LINE#         160
  C:31B5H         LINE#         161
BL51 BANKED LINKER/LOCATER V6.22.2.0                                                  02/20/2019  18:47:09  PAGE 41


  C:31B5H         LINE#         162
  C:31B5H         LINE#         163
  C:31BEH         LINE#         164
  C:31BEH         LINE#         165
  C:31BEH         LINE#         166
  C:31C7H         LINE#         167
  C:31C7H         LINE#         168
  C:31C7H         LINE#         169
  C:31D0H         LINE#         170
  C:31D0H         LINE#         171
  C:31D0H         LINE#         172
  C:31D0H         LINE#         174
  C:31D0H         LINE#         175
  -------         ENDPROC       _LED_FLASH
  -------         PROC          INITLEDDEMO
  C:33EBH         LINE#         176
  C:33EBH         LINE#         177
  C:33EBH         LINE#         178
  C:33EEH         LINE#         179
  C:33EEH         LINE#         180
  C:33EEH         LINE#         181
  C:33EEH         LINE#         182
  C:33EEH         LINE#         183
  C:33EEH         LINE#         184
  C:33EEH         LINE#         185
  C:33EEH         LINE#         186
  C:33EEH         LINE#         187
  C:33EEH         LINE#         188
  -------         ENDPROC       INITLEDDEMO
  -------         PROC          _GUI_DLGLEDDEMOPROC
  X:0053H         SYMBOL        msg_type
  X:0054H         SYMBOL        msg_code
  C:27B8H         LINE#         190
  C:27C2H         LINE#         191
  C:27C2H         LINE#         192
  C:27C6H         LINE#         193
  C:27C6H         LINE#         195
  C:27CDH         LINE#         196
  C:27CFH         LINE#         197
  C:27D9H         LINE#         198
  C:27D9H         LINE#         199
  C:27DCH         LINE#         200
  C:27E4H         LINE#         201
  C:27E4H         LINE#         202
  C:27F9H         LINE#         204
  C:27F9H         LINE#         205
  C:2801H         LINE#         206
  C:2801H         LINE#         207
  C:2816H         LINE#         209
  C:2816H         LINE#         210
  C:281EH         LINE#         211
  C:281EH         LINE#         212
  C:2820H         LINE#         214
  C:2820H         LINE#         215
  C:2826H         LINE#         216
  C:2826H         LINE#         217
  C:282BH         LINE#         218
BL51 BANKED LINKER/LOCATER V6.22.2.0                                                  02/20/2019  18:47:09  PAGE 42


  C:282BH         LINE#         219
  C:282EH         LINE#         220
  C:282EH         LINE#         222
  C:282EH         LINE#         223
  C:2831H         LINE#         224
  C:2831H         LINE#         226
  C:2831H         LINE#         227
  C:2831H         LINE#         228
  C:283CH         LINE#         229
  -------         ENDPROC       _GUI_DLGLEDDEMOPROC
  -------         PROC          GUI_DLGLEDDEMOOPEN
  C:2CB5H         LINE#         231
  C:2CB5H         LINE#         232
  C:2CB5H         LINE#         233
  C:2CBAH         LINE#         234
  C:2CC9H         LINE#         235
  C:2CCDH         LINE#         236
  C:2CD0H         LINE#         237
  C:2CE5H         LINE#         238
  C:2CF4H         LINE#         239
  C:2D01H         LINE#         240
  -------         ENDPROC       GUI_DLGLEDDEMOOPEN
  -------         ENDMOD        DLG_LEDDEMO

  -------         MODULE        DLG_MAINMENU
  C:0000H         SYMBOL        _ICE_DUMMY_
  D:0080H         PUBLIC        P0
  D:0090H         PUBLIC        P1
  D:00A0H         PUBLIC        P2
  D:00B0H         PUBLIC        P3
  D:00C0H         PUBLIC        P4
  D:00C8H         PUBLIC        P5
  D:00E8H         PUBLIC        P6
  D:00F8H         PUBLIC        P7
  D:00A8H         PUBLIC        IE
  D:00B8H         PUBLIC        IP
  D:00D8H         PUBLIC        CCON
  C:2883H         SYMBOL        g_con_list
  D:0098H         PUBLIC        SCON
  D:0088H         PUBLIC        TCON
  D:00F0H         PUBLIC        B
  D:00E0H         PUBLIC        ACC
  I:001FH         SYMBOL        g_con_active
  C:2FD8H         PUBLIC        gui_DlgMainMenuOpen
  C:2933H         PUBLIC        _gui_DlgMainMenuProc
  D:00D0H         PUBLIC        PSW
  -------         PROC          _GUI_DLGMAINMENUPROC
  X:0053H         SYMBOL        msg_type
  X:0054H         SYMBOL        msg_code
  C:2933H         LINE#         20
  C:293DH         LINE#         21
  C:293DH         LINE#         22
  C:2941H         LINE#         23
  C:2941H         LINE#         24
  C:2941H         LINE#         25
  C:2948H         LINE#         26
  C:2948H         LINE#         27
BL51 BANKED LINKER/LOCATER V6.22.2.0                                                  02/20/2019  18:47:09  PAGE 43


  C:2950H         LINE#         28
  C:2950H         LINE#         29
  C:2965H         LINE#         31
  C:2965H         LINE#         32
  C:296DH         LINE#         33
  C:296DH         LINE#         34
  C:2982H         LINE#         36
  C:2982H         LINE#         37
  C:298BH         LINE#         38
  C:298BH         LINE#         41
  C:298BH         LINE#         42
  C:298EH         LINE#         43
  C:298EH         LINE#         44
  C:2998H         LINE#         45
  C:2998H         LINE#         46
  C:2998H         LINE#         47
  C:299BH         LINE#         48
  C:299EH         LINE#         49
  C:299EH         LINE#         50
  C:299EH         LINE#         51
  C:299EH         LINE#         52
  C:299EH         LINE#         53
  C:299EH         LINE#         54
  C:299EH         LINE#         56
  C:299EH         LINE#         57
  C:299EH         LINE#         58
  C:29A9H         LINE#         59
  -------         ENDPROC       _GUI_DLGMAINMENUPROC
  -------         PROC          GUI_DLGMAINMENUOPEN
  C:2FD8H         LINE#         61
  C:2FD8H         LINE#         62
  C:2FD8H         LINE#         64
  C:2FDBH         LINE#         65
  C:2FE0H         LINE#         66
  C:2FEFH         LINE#         68
  C:3004H         LINE#         70
  -------         ENDPROC       GUI_DLGMAINMENUOPEN
  -------         ENDMOD        DLG_MAINMENU

  -------         MODULE        OLEDFONT
  C:0000H         SYMBOL        _ICE_DUMMY_
  C:0B7AH         PUBLIC        icon_backup
  C:00A6H         PUBLIC        F6x8
  C:08BEH         PUBLIC        Hzk
  C:02CEH         PUBLIC        F8X16
  X:0000H         PUBLIC        hzk_tab
  -------         ENDMOD        OLEDFONT

  -------         MODULE        ?C?CLDPTR
  C:16FCH         PUBLIC        ?C?CLDPTR
  -------         ENDMOD        ?C?CLDPTR

  -------         MODULE        ?C?CLDOPTR
  C:1715H         PUBLIC        ?C?CLDOPTR
  -------         ENDMOD        ?C?CLDOPTR

  -------         MODULE        ?C?CSTPTR
BL51 BANKED LINKER/LOCATER V6.22.2.0                                                  02/20/2019  18:47:09  PAGE 44


  C:1742H         PUBLIC        ?C?CSTPTR
  -------         ENDMOD        ?C?CSTPTR

  -------         MODULE        ?C?IMUL
  C:1754H         PUBLIC        ?C?IMUL
  -------         ENDMOD        ?C?IMUL

  -------         MODULE        ?C?UIDIV
  C:1766H         PUBLIC        ?C?UIDIV
  -------         ENDMOD        ?C?UIDIV

  -------         MODULE        ?C?ILDIX
  C:17BBH         PUBLIC        ?C?ILDIX
  -------         ENDMOD        ?C?ILDIX

  -------         MODULE        ?C?ILDOPTR
  C:17D1H         PUBLIC        ?C?ILDOPTR
  -------         ENDMOD        ?C?ILDOPTR

  -------         MODULE        ?C?IILDOPTR
  C:1809H         PUBLIC        ?C?IILDOPTR
  -------         ENDMOD        ?C?IILDOPTR

  -------         MODULE        ?C?ISTOPTR
  C:1856H         PUBLIC        ?C?ISTOPTR
  -------         ENDMOD        ?C?ISTOPTR

  -------         MODULE        ?C?ULCMP
  C:1883H         PUBLIC        ?C?ULCMP
  -------         ENDMOD        ?C?ULCMP

  -------         MODULE        ?C?LSTPTR
  C:1894H         PUBLIC        ?C?LSTPTR
  -------         ENDMOD        ?C?LSTPTR

  -------         MODULE        ?C?LSTOPTR
  C:18AEH         PUBLIC        ?C?LSTOPTR
  -------         ENDMOD        ?C?LSTOPTR

  -------         MODULE        ?C?LLDIDATA
  C:18D2H         PUBLIC        ?C?LLDIDATA
  -------         ENDMOD        ?C?LLDIDATA

  -------         MODULE        ?C?LLDIDATA0
  C:18DEH         PUBLIC        ?C?LLDIDATA0
  -------         ENDMOD        ?C?LLDIDATA0

  -------         MODULE        ?C?LLDPTR0
  C:18EBH         PUBLIC        ?C?LLDPTR0
  -------         ENDMOD        ?C?LLDPTR0

  -------         MODULE        ?C?LSTIDATA
  C:190BH         PUBLIC        ?C?LSTIDATA
  -------         ENDMOD        ?C?LSTIDATA

  -------         MODULE        ?C?LSTXDATA
  C:1917H         PUBLIC        ?C?LSTXDATA
BL51 BANKED LINKER/LOCATER V6.22.2.0                                                  02/20/2019  18:47:09  PAGE 45


  -------         ENDMOD        ?C?LSTXDATA

  -------         MODULE        ?C?PLDOPTR
  C:1923H         PUBLIC        ?C?PLDOPTR
  -------         ENDMOD        ?C?PLDOPTR

  -------         MODULE        PRINTF
  X:006AH         PUBLIC        ?_PRINTF517?BYTE
  X:006AH         PUBLIC        ?_PRINTF?BYTE
  X:006AH         PUBLIC        ?_SPRINTF517?BYTE
  X:006AH         PUBLIC        ?_SPRINTF?BYTE
  C:1402H         PUBLIC        _PRINTF
  C:1402H         PUBLIC        _PRINTF517
  C:13FCH         PUBLIC        _SPRINTF
  C:13FCH         PUBLIC        _SPRINTF517
  -------         ENDMOD        PRINTF

  -------         MODULE        ?C?MEMSET
  C:1953H         PUBLIC        ?C?MEMSET
  -------         ENDMOD        ?C?MEMSET

  -------         MODULE        ?C?IILDX
  C:197FH         PUBLIC        ?C?IILDX
  -------         ENDMOD        ?C?IILDX

  -------         MODULE        ?C?LLDXDATA0
  C:1995H         PUBLIC        ?C?LLDXDATA0
  -------         ENDMOD        ?C?LLDXDATA0

  -------         MODULE        ?C?LLDPDATA0
  C:19A1H         PUBLIC        ?C?LLDPDATA0
  -------         ENDMOD        ?C?LLDPDATA0

  -------         MODULE        ?C?LLDCODE0
  C:19AEH         PUBLIC        ?C?LLDCODE0
  -------         ENDMOD        ?C?LLDCODE0

  -------         MODULE        ?C?LSTPDATA
  C:19BEH         PUBLIC        ?C?LSTPDATA
  -------         ENDMOD        ?C?LSTPDATA

  -------         MODULE        ?C?PLDIDATA
  C:19CAH         PUBLIC        ?C?PLDIDATA
  -------         ENDMOD        ?C?PLDIDATA

  -------         MODULE        ?C?PLDXDATA
  C:19D3H         PUBLIC        ?C?PLDXDATA
  -------         ENDMOD        ?C?PLDXDATA

  -------         MODULE        ?C?PLDIXDATA
  C:19DCH         PUBLIC        ?C?PLDIXDATA
  -------         ENDMOD        ?C?PLDIXDATA

  -------         MODULE        ?C?PSTXDATA
  C:19F3H         PUBLIC        ?C?PSTXDATA
  -------         ENDMOD        ?C?PSTXDATA

BL51 BANKED LINKER/LOCATER V6.22.2.0                                                  02/20/2019  18:47:09  PAGE 46


  -------         MODULE        ?C?PLDPDATA
  C:19FCH         PUBLIC        ?C?PLDPDATA
  -------         ENDMOD        ?C?PLDPDATA

  -------         MODULE        ?C?PLDCODE
  C:1A05H         PUBLIC        ?C?PLDCODE
  -------         ENDMOD        ?C?PLDCODE

  -------         MODULE        ?C?CCASE
  C:1A11H         PUBLIC        ?C?CCASE
  -------         ENDMOD        ?C?CCASE

*** WARNING L16: UNCALLED SEGMENT, IGNORED FOR OVERLAY PROCESS
    SEGMENT: ?PR?LED_ALL_ON?LED

*** WARNING L16: UNCALLED SEGMENT, IGNORED FOR OVERLAY PROCESS
    SEGMENT: ?PR?DHT11_RECEIVE?DHT11

*** WARNING L16: UNCALLED SEGMENT, IGNORED FOR OVERLAY PROCESS
    SEGMENT: ?PR?DS1302INIT?DS1302

*** WARNING L16: UNCALLED SEGMENT, IGNORED FOR OVERLAY PROCESS
    SEGMENT: ?PR?DS1302READTIME?DS1302

*** WARNING L16: UNCALLED SEGMENT, IGNORED FOR OVERLAY PROCESS
    SEGMENT: ?PR?_FILL_PICTURE?OLED

*** WARNING L16: UNCALLED SEGMENT, IGNORED FOR OVERLAY PROCESS
    SEGMENT: ?PR?OLED_DISPLAY_ON?OLED

*** WARNING L16: UNCALLED SEGMENT, IGNORED FOR OVERLAY PROCESS
    SEGMENT: ?PR?OLED_DISPLAY_OFF?OLED

*** WARNING L16: UNCALLED SEGMENT, IGNORED FOR OVERLAY PROCESS
    SEGMENT: ?PR?OLED_ON?OLED

*** WARNING L16: UNCALLED SEGMENT, IGNORED FOR OVERLAY PROCESS
    SEGMENT: ?PR?_OLED_SHOWNUM?OLED

*** WARNING L16: UNCALLED SEGMENT, IGNORED FOR OVERLAY PROCESS
    SEGMENT: ?PR?_SENDSTRING?USART

Program Size: data=49.5 xdata=201 code=13294
LINK/LOCATE RUN COMPLETE.  10 WARNING(S),  0 ERROR(S)
