BL51 BANKED LINKER/LOCATER V6.22.2.0                                                    08/05/2019  14:25:26  PAGE 1


BL51 BANKED LINKER/LOCATER V6.22.2.0, INVOKED BY:
E:\KEIL_V5\C51\BIN\BL51.EXE .\OBJ\main.obj, .\OBJ\delay.obj, .\OBJ\led.obj, .\OBJ\DHT11.obj, .\OBJ\ds1302.obj, .\OBJ\key
>> .obj, .\OBJ\oled.obj, .\OBJ\usart.obj, .\OBJ\timer.obj, .\OBJ\gui.obj, .\OBJ\dlg_desktop.obj, .\OBJ\dlg_KeyDemo.obj, 
>> .\OBJ\dlg_LedDemo.obj, .\OBJ\dlg_mainmenu.obj, .\OBJ\oledfont.obj, .\OBJ\dlg_RTCDemo.obj, .\OBJ\dlg_DHTDemo.obj, .\OB
>> J\dlg_BuzzerTDemo.obj, .\OBJ\buzzer.obj TO .\OBJ\OLED PRINT (.\OLED.m51) RAMSIZE (256)


MEMORY MODEL: LARGE


INPUT MODULES INCLUDED:
  .\OBJ\main.obj (MAIN)
  .\OBJ\delay.obj (DELAY)
  .\OBJ\led.obj (LED)
  .\OBJ\DHT11.obj (DHT11)
  .\OBJ\ds1302.obj (DS1302)
  .\OBJ\key.obj (KEY)
  .\OBJ\oled.obj (OLED)
  .\OBJ\usart.obj (USART)
  .\OBJ\timer.obj (TIMER)
  .\OBJ\gui.obj (GUI)
  .\OBJ\dlg_desktop.obj (DLG_DESKTOP)
  .\OBJ\dlg_KeyDemo.obj (DLG_KEYDEMO)
  .\OBJ\dlg_LedDemo.obj (DLG_LEDDEMO)
  .\OBJ\dlg_mainmenu.obj (DLG_MAINMENU)
  .\OBJ\oledfont.obj (OLEDFONT)
  .\OBJ\dlg_RTCDemo.obj (DLG_RTCDEMO)
  .\OBJ\dlg_DHTDemo.obj (DLG_DHTDEMO)
  .\OBJ\dlg_BuzzerTDemo.obj (DLG_BUZZERTDEMO)
  .\OBJ\buzzer.obj (BUZZER)
  E:\KEIL_V5\C51\LIB\C51L.LIB (?C_STARTUP)
  E:\KEIL_V5\C51\LIB\C51L.LIB (?C?SCDIV)
  E:\KEIL_V5\C51\LIB\C51L.LIB (?C?CLDPTR)
  E:\KEIL_V5\C51\LIB\C51L.LIB (?C?CLDOPTR)
  E:\KEIL_V5\C51\LIB\C51L.LIB (?C?CSTPTR)
  E:\KEIL_V5\C51\LIB\C51L.LIB (?C?IMUL)
  E:\KEIL_V5\C51\LIB\C51L.LIB (?C?UIDIV)
  E:\KEIL_V5\C51\LIB\C51L.LIB (?C?ILDIX)
  E:\KEIL_V5\C51\LIB\C51L.LIB (?C?ILDOPTR)
  E:\KEIL_V5\C51\LIB\C51L.LIB (?C?IILDOPTR)
  E:\KEIL_V5\C51\LIB\C51L.LIB (?C?ISTOPTR)
  E:\KEIL_V5\C51\LIB\C51L.LIB (?C?ULCMP)
  E:\KEIL_V5\C51\LIB\C51L.LIB (?C?LSTPTR)
  E:\KEIL_V5\C51\LIB\C51L.LIB (?C?LSTOPTR)
  E:\KEIL_V5\C51\LIB\C51L.LIB (?C?LLDIDATA)
  E:\KEIL_V5\C51\LIB\C51L.LIB (?C?LLDIDATA0)
  E:\KEIL_V5\C51\LIB\C51L.LIB (?C?LLDPTR0)
  E:\KEIL_V5\C51\LIB\C51L.LIB (?C?LLDOPTR0)
  E:\KEIL_V5\C51\LIB\C51L.LIB (?C?LSTIDATA)
  E:\KEIL_V5\C51\LIB\C51L.LIB (?C?LSTXDATA)
  E:\KEIL_V5\C51\LIB\C51L.LIB (?C?PLDOPTR)
  E:\KEIL_V5\C51\LIB\C51L.LIB (PRINTF)
  E:\KEIL_V5\C51\LIB\C51L.LIB (?C?MEMSET)
  E:\KEIL_V5\C51\LIB\C51L.LIB (?C_INIT)
  E:\KEIL_V5\C51\LIB\C51L.LIB (?C?IILDX)
  E:\KEIL_V5\C51\LIB\C51L.LIB (?C?LLDXDATA0)
  E:\KEIL_V5\C51\LIB\C51L.LIB (?C?LLDPDATA0)
  E:\KEIL_V5\C51\LIB\C51L.LIB (?C?LLDCODE0)
BL51 BANKED LINKER/LOCATER V6.22.2.0                                                  08/05/2019  14:25:26  PAGE 2


  E:\KEIL_V5\C51\LIB\C51L.LIB (?C?LSTPDATA)
  E:\KEIL_V5\C51\LIB\C51L.LIB (?C?PLDIDATA)
  E:\KEIL_V5\C51\LIB\C51L.LIB (?C?PLDXDATA)
  E:\KEIL_V5\C51\LIB\C51L.LIB (?C?PLDIXDATA)
  E:\KEIL_V5\C51\LIB\C51L.LIB (?C?PSTXDATA)
  E:\KEIL_V5\C51\LIB\C51L.LIB (?C?PLDPDATA)
  E:\KEIL_V5\C51\LIB\C51L.LIB (?C?PLDCODE)
  E:\KEIL_V5\C51\LIB\C51L.LIB (?C?CCASE)


LINK MAP OF MODULE:  .\OBJ\OLED (MAIN)


            TYPE    BASE      LENGTH    RELOCATION   SEGMENT NAME
            -----------------------------------------------------

            * * * * * * *   D A T A   M E M O R Y   * * * * * * *
            REG     0000H     0008H     ABSOLUTE     "REG BANK 0"
            DATA    0008H     0005H     UNIT         _DATA_GROUP_
            IDATA   000DH     0010H     UNIT         ?ID?KEY
            IDATA   001DH     0001H     UNIT         ?ID?DLG_KEYDEMO
            IDATA   001EH     0001H     UNIT         ?ID?DLG_LEDDEMO
            IDATA   001FH     0001H     UNIT         ?ID?DLG_MAINMENU
            BIT     0020H.0   0001H.2   UNIT         _BIT_GROUP_
            BIT     0021H.2   0000H.2   UNIT         ?BI?USART
            BIT     0021H.4   0000H.2   UNIT         ?BI?DLG_RTCDEMO
            BIT     0021H.6   0000H.1   UNIT         ?BI?_OLED_SHOWNUM?OLED
                    0021H.7   0000H.1                *** GAP ***
            IDATA   0022H     000BH     UNIT         ?ID?GUI
            IDATA   002DH     0004H     UNIT         ?ID?TIMER
            IDATA   0031H     0001H     UNIT         ?ID?DLG_RTCDEMO
            IDATA   0032H     0001H     UNIT         ?ID?DLG_DHTDEMO
            IDATA   0033H     0001H     UNIT         ?ID?DLG_BUZZERTDEMO
            IDATA   0034H     0001H     UNIT         ?STACK

            * * * * * * *  X D A T A   M E M O R Y  * * * * * * *
            XDATA   0000H     004EH     UNIT         _XDATA_GROUP_
            XDATA   004EH     004BH     UNIT         ?XD?OLEDFONT
            XDATA   0099H     0014H     UNIT         ?XD?DLG_RTCDEMO
            XDATA   00ADH     000EH     UNIT         ?XD?DS1302
            XDATA   00BBH     000DH     UNIT         ?XD?GUI
            XDATA   00C8H     0009H     UNIT         ?XD?_OLED_SHOWNUM?OLED
            XDATA   00D1H     0006H     UNIT         ?XD?DLG_LEDDEMO
            XDATA   00D7H     0006H     UNIT         ?XD?DLG_DHTDEMO
            XDATA   00DDH     0003H     UNIT         ?XD?_SENDSTRING?USART
            XDATA   00E0H     0002H     UNIT         ?XD?DHT11
            XDATA   00E2H     0002H     UNIT         ?XD?_FILL_PICTURE?OLED
            XDATA   00E4H     0001H     UNIT         ?XD?OLED_ON?OLED
            XDATA   00E5H     0001H     UNIT         ?XD?_OLED_POW?OLED

            * * * * * * *   C O D E   M E M O R Y   * * * * * * *
            CODE    0000H     0003H     ABSOLUTE     
            CODE    0003H     001EH     UNIT         ?PR?_OLED_POW?OLED
            CODE    0021H     0001H     UNIT         ?PR?_GUI_DLGDEFAULTPROC?GUI
                    0022H     0001H                  *** GAP ***
            CODE    0023H     0003H     ABSOLUTE     
            CODE    0026H     0078H     UNIT         ?PR?_SENDSTRING?USART
BL51 BANKED LINKER/LOCATER V6.22.2.0                                                  08/05/2019  14:25:26  PAGE 3


            CODE    009EH     0005H     UNIT         ?PR?_GUI_DLGSETACTIVE?GUI
            CODE    00A3H     0003H     ABSOLUTE     
            CODE    00A6H     0AE2H     UNIT         ?CO?OLEDFONT
            CODE    0B88H     080FH     UNIT         ?CO?MAIN
            CODE    1397H     06D8H     UNIT         ?PR?_GUI_DLGRTCDEMOPROC?DLG_RTCDEMO
            CODE    1A6FH     038DH     UNIT         ?C?LIB_CODE
            CODE    1DFCH     0365H     UNIT         ?PR?PRINTF?PRINTF
            CODE    2161H     0162H     UNIT         ?PR?KEY_TASK?KEY
            CODE    22C3H     014BH     UNIT         ?PR?_OLED_SHOWCHAR?OLED
            CODE    240EH     012FH     UNIT         ?PR?_GUI_DRAWCONTROL?GUI
            CODE    253DH     011CH     UNIT         ?PR?_GUI_DLGDHTDEMOPROC?DLG_DHTDEMO
            CODE    2659H     0112H     UNIT         ?PR?GUI_TASK?GUI
            CODE    276BH     0109H     UNIT         ?PR?_OLED_SHOWCHINESE?OLED
            CODE    2874H     00FEH     UNIT         ?PR?_OLED_SHOWCHINESE2?OLED
            CODE    2972H     00E5H     UNIT         ?PR?_DUMPKEYINFO?DLG_KEYDEMO
            CODE    2A57H     00E3H     UNIT         ?PR?_OLED_SHOWNUM?OLED
            CODE    2B3AH     00E0H     UNIT         ?PR?OLED_INIT?OLED
            CODE    2C1AH     00D3H     UNIT         ?PR?DEC2BCD?DLG_RTCDEMO
            CODE    2CEDH     00CDH     UNIT         ?PR?_GUI_DLGBUZZERDEMOPROC?DLG_BUZZERTDEMO
            CODE    2DBAH     00B7H     UNIT         ?C_INITSEG
            CODE    2E71H     00A1H     UNIT         ?PR?GUI_DLGRTCDEMOOPEN?DLG_RTCDEMO
            CODE    2F12H     009CH     UNIT         ?PR?_GUI_SEARCHPREVCONTROL?GUI
            CODE    2FAEH     0096H     UNIT         ?PR?DHT11_RECEIVE?DHT11
            CODE    3044H     0095H     UNIT         ?PR?_FLASH2?DLG_LEDDEMO
            CODE    30D9H     0094H     UNIT         ?PR?BCD2DEC?DLG_RTCDEMO
            CODE    316DH     008CH     UNIT         ?C_C51STARTUP
            CODE    31F9H     008BH     UNIT         ?PR?HEXCONVDT2STR?DLG_RTCDEMO
            CODE    3284H     008AH     UNIT         ?CO?GUI
            CODE    330EH     008AH     UNIT         ?PR?_GUI_DLGMAINMENUPROC?DLG_MAINMENU
            CODE    3398H     0089H     UNIT         ?PR?_OLED_DRAWBMP?OLED
            CODE    3421H     0089H     UNIT         ?PR?_GUI_SEARCHNEXTCONTROL?GUI
            CODE    34AAH     0085H     UNIT         ?PR?_GUI_DLGLEDDEMOPROC?DLG_LEDDEMO
            CODE    352FH     007FH     UNIT         ?PR?_GUI_DLGKEYDEMOPROC?DLG_KEYDEMO
            CODE    35AEH     007EH     UNIT         ?CO?DLG_MAINMENU
            CODE    362CH     0078H     UNIT         ?PR?_GUI_DRAWALLCONTROLS?GUI
            CODE    36A4H     0071H     UNIT         ?CO?DLG_BUZZERTDEMO
            CODE    3715H     0069H     UNIT         ?PR?_KEY_GETKEYCODE?KEY
            CODE    377EH     0068H     UNIT         ?PR?_OLED_SHOWSTRING?OLED
            CODE    37E6H     0066H     UNIT         ?PR?GUI_DLGDHTDEMOOPEN?DLG_DHTDEMO
            CODE    384CH     0065H     UNIT         ?PR?_FIND_INDEX?OLED
            CODE    38B1H     0061H     UNIT         ?CO?DLG_RTCDEMO
            CODE    3912H     005DH     UNIT         ?PR?_FLASH3?DLG_LEDDEMO
            CODE    396FH     005CH     UNIT         ?PR?_DS1302READ?DS1302
            CODE    39CBH     0056H     UNIT         ?PR?MAIN?MAIN
            CODE    3A21H     0054H     UNIT         ?PR?_FLASH1?DLG_LEDDEMO
            CODE    3A75H     004FH     UNIT         ?PR?GUI_DLGLEDDEMOOPEN?DLG_LEDDEMO
            CODE    3AC4H     004DH     UNIT         ?CO?DLG_LEDDEMO
            CODE    3B11H     004AH     UNIT         ?PR?INITKEYDEMO?DLG_KEYDEMO
            CODE    3B5BH     0047H     UNIT         ?PR?_DS1302WRITE?DS1302
            CODE    3BA2H     0045H     UNIT         ?PR?INITRTCDEMO?DLG_RTCDEMO
            CODE    3BE7H     0043H     UNIT         ?PR?_USART_INIT?USART
            CODE    3C2AH     0043H     UNIT         ?PR?TIMER4_ISR?TIMER
            CODE    3C6DH     0041H     UNIT         ?PR?_FILL_PICTURE?OLED
            CODE    3CAEH     0041H     UNIT         ?PR?SHOWLOGO?DLG_DESKTOP
            CODE    3CEFH     003EH     UNIT         ?PR?DHT11_REC_BYTE?DHT11
            CODE    3D2DH     003CH     UNIT         ?PR?_GUI_GETMSGCODESTRING?GUI
            CODE    3D69H     003CH     UNIT         ?PR?GUI_DLGBUZZERDEMOOPEN?DLG_BUZZERTDEMO
BL51 BANKED LINKER/LOCATER V6.22.2.0                                                  08/05/2019  14:25:26  PAGE 4


            CODE    3DA5H     003AH     UNIT         ?PR?_OLED_SET_POS?OLED
            CODE    3DDFH     003AH     UNIT         ?PR?GUI_DLGKEYDEMOOPEN?DLG_KEYDEMO
            CODE    3E19H     0039H     UNIT         ?PR?GUI_DLGMAINMENUOPEN?DLG_MAINMENU
            CODE    3E52H     0038H     UNIT         ?PR?OLED_ON?OLED
            CODE    3E8AH     0037H     UNIT         ?PR?OLED_CLEAR?OLED
            CODE    3EC1H     0033H     UNIT         ?PR?INITDESKTOP?DLG_DESKTOP
            CODE    3EF4H     0033H     UNIT         ?PR?INITDHTDEMO?DLG_DHTDEMO
            CODE    3F27H     0033H     UNIT         ?PR?INITBUZZERDEMO?DLG_BUZZERTDEMO
            CODE    3F5AH     0032H     UNIT         ?PR?DS1302INIT?DS1302
            CODE    3F8CH     0031H     UNIT         ?PR?_KEY_INSERTKEYCODE?KEY
            CODE    3FBDH     0031H     UNIT         ?PR?_GUI_GETMSGTYPESTRING?GUI
            CODE    3FEEH     0030H     UNIT         ?PR?_WRITE_IIC_BYTE?OLED
            CODE    401EH     002EH     UNIT         ?PR?PLAY_TICK?BUZZER
            CODE    404CH     002DH     UNIT         ?PR?_OLED_WR_BYTE?OLED
            CODE    4079H     002DH     UNIT         ?PR?_LED_FLASH?DLG_LEDDEMO
            CODE    40A6H     002DH     UNIT         ?CO?DLG_DHTDEMO
            CODE    40D3H     0025H     UNIT         ?PR?DS1302READTIME?DS1302
            CODE    40F8H     0024H     UNIT         ?PR?_SENDDATA?USART
            CODE    411CH     0022H     UNIT         ?PR?PWMIO_INIT?MAIN
            CODE    413EH     001BH     UNIT         ?PR?DHT11_START?DHT11
            CODE    4159H     001BH     UNIT         ?PR?SCANKEYCODE?KEY
            CODE    4174H     0019H     UNIT         ?CO?DLG_KEYDEMO
            CODE    418DH     0018H     UNIT         ?PR?_DELAYXMS?DELAY
            CODE    41A5H     0017H     UNIT         ?PR?OLED_DISPLAY_ON?OLED
            CODE    41BCH     0017H     UNIT         ?PR?GUI_DLGDESKTOPOPEN?DLG_DESKTOP
            CODE    41D3H     0016H     UNIT         ?PR?_GUI_DLGDESKTOPPROC?DLG_DESKTOP
            CODE    41E9H     0013H     UNIT         ?PR?LED_INIT?LED
            CODE    41FCH     0011H     UNIT         ?PR?_DELAYXUS?DELAY
            CODE    420DH     0010H     UNIT         ?PR?IIC_WAIT_ACK?OLED
            CODE    421DH     0010H     UNIT         ?PR?UART1?USART
            CODE    422DH     0010H     UNIT         ?PR?TIMER4INIT?TIMER
            CODE    423DH     000EH     UNIT         ?CO?DS1302
            CODE    424BH     000EH     UNIT         ?PR?_WRITE_IIC_COMMAND?OLED
            CODE    4259H     000EH     UNIT         ?PR?_WRITE_IIC_DATA?OLED
            CODE    4267H     000EH     UNIT         ?PR?OLED_DISPLAY_OFF?OLED
            CODE    4275H     000DH     UNIT         ?PR?TIMER3INIT?TIMER
            CODE    4282H     000AH     UNIT         ?CO?OLED
            CODE    428CH     000AH     UNIT         ?PR?TIME_GETTICKS?TIMER
            CODE    4296H     0009H     UNIT         ?PR?LED_ALL_ON?LED
            CODE    429FH     0009H     UNIT         ?PR?LED_ALL_OFF?LED
            CODE    42A8H     0009H     UNIT         ?PR?KEY_INIT?KEY
            CODE    42B1H     0009H     UNIT         ?PR?IIC_START?OLED
            CODE    42BAH     0009H     UNIT         ?CO?DLG_DESKTOP
            CODE    42C3H     0007H     UNIT         ?PR?LED_R_ON?LED
            CODE    42CAH     0007H     UNIT         ?PR?LED_G_ON?LED
            CODE    42D1H     0007H     UNIT         ?PR?LED_B_ON?LED
            CODE    42D8H     0007H     UNIT         ?PR?LED_R_OFF?LED
            CODE    42DFH     0007H     UNIT         ?PR?LED_G_OFF?LED
            CODE    42E6H     0007H     UNIT         ?PR?LED_B_OFF?LED
            CODE    42EDH     0007H     UNIT         ?PR?IIC_STOP?OLED
            CODE    42F4H     0007H     UNIT         ?PR?_PUTCHAR?USART
            CODE    42FBH     0004H     UNIT         ?PR?INITLEDDEMO?DLG_LEDDEMO



OVERLAY MAP OF MODULE:   .\OBJ\OLED (MAIN)

BL51 BANKED LINKER/LOCATER V6.22.2.0                                                  08/05/2019  14:25:26  PAGE 5



SEGMENT                                             BIT_GROUP          DATA_GROUP          XDATA_GROUP
  +--> CALLED SEGMENT                            START    LENGTH     START    LENGTH     START    LENGTH
--------------------------------------------------------------------------------------------------------
?C_C51STARTUP                                    -----    -----      -----    -----      -----    -----
  +--> ?PR?MAIN?MAIN
  +--> ?C_INITSEG

?PR?MAIN?MAIN                                    -----    -----      -----    -----      -----    -----
  +--> ?PR?PWMIO_INIT?MAIN
  +--> ?PR?_USART_INIT?USART
  +--> ?PR?LED_INIT?LED
  +--> ?PR?KEY_INIT?KEY
  +--> ?PR?PLAY_TICK?BUZZER
  +--> ?PR?_DELAYXMS?DELAY
  +--> ?PR?OLED_INIT?OLED
  +--> ?PR?OLED_CLEAR?OLED
  +--> ?PR?TIMER4INIT?TIMER
  +--> ?CO?MAIN
  +--> ?PR?PRINTF?PRINTF
  +--> ?PR?GUI_DLGDESKTOPOPEN?DLG_DESKTOP
  +--> ?PR?KEY_TASK?KEY
  +--> ?PR?GUI_TASK?GUI

?PR?PLAY_TICK?BUZZER                             -----    -----      -----    -----      0005H    0002H
  +--> ?PR?_DELAYXUS?DELAY

?PR?OLED_INIT?OLED                               -----    -----      -----    -----      -----    -----
  +--> ?PR?_OLED_WR_BYTE?OLED

?PR?_OLED_WR_BYTE?OLED                           -----    -----      -----    -----      -----    -----
  +--> ?PR?_WRITE_IIC_DATA?OLED
  +--> ?PR?_WRITE_IIC_COMMAND?OLED

?PR?_WRITE_IIC_DATA?OLED                         -----    -----      -----    -----      -----    -----
  +--> ?PR?_WRITE_IIC_BYTE?OLED
  +--> ?PR?IIC_WAIT_ACK?OLED
  +--> ?PR?IIC_STOP?OLED

?PR?_WRITE_IIC_BYTE?OLED                         -----    -----      -----    -----      -----    -----
  +--> ?PR?IIC_START?OLED

?PR?IIC_WAIT_ACK?OLED                            -----    -----      -----    -----      -----    -----
  +--> ?PR?_WRITE_IIC_BYTE?OLED

?PR?_WRITE_IIC_COMMAND?OLED                      -----    -----      -----    -----      -----    -----
  +--> ?PR?_WRITE_IIC_BYTE?OLED
  +--> ?PR?IIC_WAIT_ACK?OLED
  +--> ?PR?IIC_STOP?OLED

?PR?OLED_CLEAR?OLED                              -----    -----      -----    -----      0011H    0001H
  +--> ?PR?_OLED_WR_BYTE?OLED

?PR?PRINTF?PRINTF                                0020H.1  0001H.1    0008H    0005H      0026H    0028H
  +--> ?PR?_PUTCHAR?USART

?PR?_PUTCHAR?USART                               -----    -----      -----    -----      -----    -----
BL51 BANKED LINKER/LOCATER V6.22.2.0                                                  08/05/2019  14:25:26  PAGE 6


  +--> ?PR?_SENDDATA?USART

?PR?GUI_DLGDESKTOPOPEN?DLG_DESKTOP               -----    -----      -----    -----      -----    -----
  +--> ?CO?DLG_DESKTOP
  +--> ?PR?_OLED_SHOWCHINESE2?OLED
  +--> ?PR?_GUI_DLGSETACTIVE?GUI
  +--> ?PR?INITDESKTOP?DLG_DESKTOP

?PR?_OLED_SHOWCHINESE2?OLED                      0020H.0  0000H.1    -----    -----      001CH    000AH
  +--> ?CO?OLED
  +--> ?PR?PRINTF?PRINTF
  +--> ?PR?_FIND_INDEX?OLED
  +--> ?PR?_OLED_SHOWCHINESE?OLED

?PR?_FIND_INDEX?OLED                             -----    -----      -----    -----      0026H    0002H

?PR?_OLED_SHOWCHINESE?OLED                       0020H.1  0000H.1    -----    -----      0026H    0005H
  +--> ?PR?_OLED_SET_POS?OLED
  +--> ?CO?OLEDFONT
  +--> ?PR?_OLED_WR_BYTE?OLED

?PR?_OLED_SET_POS?OLED                           -----    -----      -----    -----      -----    -----
  +--> ?PR?_OLED_WR_BYTE?OLED

?PR?INITDESKTOP?DLG_DESKTOP                      -----    -----      -----    -----      0000H    0003H
  +--> ?PR?TIME_GETTICKS?TIMER

?PR?KEY_TASK?KEY                                 -----    -----      -----    -----      0000H    0005H
  +--> ?PR?TIME_GETTICKS?TIMER
  +--> ?PR?SCANKEYCODE?KEY
  +--> ?PR?_KEY_INSERTKEYCODE?KEY
  +--> ?PR?PLAY_TICK?BUZZER

?PR?GUI_TASK?GUI                                 -----    -----      -----    -----      0000H    0008H
  +--> ?PR?TIME_GETTICKS?TIMER
  +--> ?PR?_KEY_GETKEYCODE?KEY
  +--> ?PR?_GUI_DLGDESKTOPPROC?DLG_DESKTOP
  +--> ?PR?_GUI_DLGMAINMENUPROC?DLG_MAINMENU
  +--> ?PR?_GUI_DLGKEYDEMOPROC?DLG_KEYDEMO
  +--> ?PR?_GUI_DLGLEDDEMOPROC?DLG_LEDDEMO
  +--> ?PR?_GUI_DLGRTCDEMOPROC?DLG_RTCDEMO
  +--> ?PR?_GUI_DLGBUZZERDEMOPROC?DLG_BUZZER...
  +--> ?PR?_GUI_DLGDHTDEMOPROC?DLG_DHTDEMO
  +--> ?CO?GUI
  +--> ?PR?PRINTF?PRINTF

?PR?_KEY_GETKEYCODE?KEY                          -----    -----      -----    -----      0008H    0006H

?PR?_GUI_DLGDESKTOPPROC?DLG_DESKTOP              -----    -----      -----    -----      0008H    0001H
  +--> ?PR?GUI_DLGMAINMENUOPEN?DLG_MAINMENU
  +--> ?PR?SHOWLOGO?DLG_DESKTOP

?PR?GUI_DLGMAINMENUOPEN?DLG_MAINMENU             -----    -----      -----    -----      -----    -----
  +--> ?PR?OLED_CLEAR?OLED
  +--> ?PR?_GUI_DLGSETACTIVE?GUI
  +--> ?CO?DLG_MAINMENU
  +--> ?PR?_OLED_SHOWSTRING?OLED
BL51 BANKED LINKER/LOCATER V6.22.2.0                                                  08/05/2019  14:25:26  PAGE 7


  +--> ?PR?_GUI_DRAWALLCONTROLS?GUI

?CO?DLG_MAINMENU                                 -----    -----      -----    -----      -----    -----
  +--> ?CO?OLEDFONT

?PR?_OLED_SHOWSTRING?OLED                        0020H.0  0000H.1    -----    -----      001CH    0007H
  +--> ?PR?_OLED_SHOWCHAR?OLED

?PR?_OLED_SHOWCHAR?OLED                          0020H.1  0000H.1    -----    -----      0023H    0005H
  +--> ?PR?_OLED_SET_POS?OLED
  +--> ?CO?OLEDFONT
  +--> ?PR?_OLED_WR_BYTE?OLED

?PR?_GUI_DRAWALLCONTROLS?GUI                     -----    -----      -----    -----      0011H    0005H
  +--> ?PR?_GUI_DRAWCONTROL?GUI

?PR?_GUI_DRAWCONTROL?GUI                         -----    -----      -----    -----      0018H    0004H
  +--> ?PR?_OLED_DRAWBMP?OLED
  +--> ?PR?_OLED_SHOWCHINESE2?OLED
  +--> ?PR?_OLED_SHOWSTRING?OLED

?PR?_OLED_DRAWBMP?OLED                           0020H.0  0000H.1    -----    -----      001CH    000BH
  +--> ?PR?_OLED_SET_POS?OLED
  +--> ?PR?_OLED_WR_BYTE?OLED

?PR?SHOWLOGO?DLG_DESKTOP                         -----    -----      -----    -----      0009H    0003H
  +--> ?PR?TIME_GETTICKS?TIMER
  +--> ?PR?GUI_DLGMAINMENUOPEN?DLG_MAINMENU

?PR?_GUI_DLGMAINMENUPROC?DLG_MAINMENU            -----    -----      -----    -----      0008H    0002H
  +--> ?CO?DLG_MAINMENU
  +--> ?PR?_GUI_SEARCHPREVCONTROL?GUI
  +--> ?PR?_GUI_SEARCHNEXTCONTROL?GUI
  +--> ?PR?GUI_DLGKEYDEMOOPEN?DLG_KEYDEMO
  +--> ?PR?GUI_DLGLEDDEMOOPEN?DLG_LEDDEMO
  +--> ?PR?GUI_DLGRTCDEMOOPEN?DLG_RTCDEMO
  +--> ?PR?GUI_DLGBUZZERDEMOOPEN?DLG_BUZZERT...
  +--> ?PR?GUI_DLGDHTDEMOOPEN?DLG_DHTDEMO
  +--> ?PR?_GUI_DLGDEFAULTPROC?GUI

?PR?_GUI_SEARCHPREVCONTROL?GUI                   -----    -----      -----    -----      0011H    0007H
  +--> ?PR?_GUI_DRAWCONTROL?GUI

?PR?_GUI_SEARCHNEXTCONTROL?GUI                   -----    -----      -----    -----      0011H    0007H
  +--> ?PR?_GUI_DRAWCONTROL?GUI

?PR?GUI_DLGKEYDEMOOPEN?DLG_KEYDEMO               -----    -----      -----    -----      -----    -----
  +--> ?PR?_GUI_DLGSETACTIVE?GUI
  +--> ?PR?OLED_CLEAR?OLED
  +--> ?CO?DLG_KEYDEMO
  +--> ?PR?_OLED_SHOWCHINESE2?OLED
  +--> ?PR?_GUI_DRAWALLCONTROLS?GUI
  +--> ?PR?INITKEYDEMO?DLG_KEYDEMO

?CO?DLG_KEYDEMO                                  -----    -----      -----    -----      -----    -----
  +--> ?CO?OLEDFONT

BL51 BANKED LINKER/LOCATER V6.22.2.0                                                  08/05/2019  14:25:26  PAGE 8


?PR?INITKEYDEMO?DLG_KEYDEMO                      -----    -----      -----    -----      000AH    0003H
  +--> ?PR?TIME_GETTICKS?TIMER

?PR?GUI_DLGLEDDEMOOPEN?DLG_LEDDEMO               -----    -----      -----    -----      -----    -----
  +--> ?PR?_GUI_DLGSETACTIVE?GUI
  +--> ?PR?OLED_CLEAR?OLED
  +--> ?CO?DLG_LEDDEMO
  +--> ?PR?_OLED_SHOWSTRING?OLED
  +--> ?PR?_OLED_SHOWCHINESE2?OLED
  +--> ?PR?_GUI_DRAWALLCONTROLS?GUI
  +--> ?PR?INITLEDDEMO?DLG_LEDDEMO

?CO?DLG_LEDDEMO                                  -----    -----      -----    -----      -----    -----
  +--> ?CO?OLEDFONT

?PR?INITLEDDEMO?DLG_LEDDEMO                      -----    -----      -----    -----      -----    -----
  +--> ?PR?LED_ALL_OFF?LED

?PR?LED_ALL_OFF?LED                              -----    -----      -----    -----      -----    -----
  +--> ?PR?LED_R_OFF?LED
  +--> ?PR?LED_G_OFF?LED
  +--> ?PR?LED_B_OFF?LED

?PR?GUI_DLGRTCDEMOOPEN?DLG_RTCDEMO               -----    -----      -----    -----      -----    -----
  +--> ?PR?_GUI_DLGSETACTIVE?GUI
  +--> ?PR?OLED_CLEAR?OLED
  +--> ?CO?DLG_RTCDEMO
  +--> ?PR?_OLED_SHOWSTRING?OLED
  +--> ?PR?_OLED_SHOWCHAR?OLED
  +--> ?PR?_GUI_DRAWALLCONTROLS?GUI
  +--> ?PR?INITRTCDEMO?DLG_RTCDEMO

?CO?DLG_RTCDEMO                                  -----    -----      -----    -----      -----    -----
  +--> ?CO?OLEDFONT

?PR?INITRTCDEMO?DLG_RTCDEMO                      -----    -----      -----    -----      000AH    0003H
  +--> ?PR?TIME_GETTICKS?TIMER

?PR?GUI_DLGBUZZERDEMOOPEN?DLG_BUZZERT...         -----    -----      -----    -----      -----    -----
  +--> ?PR?_GUI_DLGSETACTIVE?GUI
  +--> ?PR?OLED_CLEAR?OLED
  +--> ?CO?DLG_BUZZERTDEMO
  +--> ?PR?_OLED_SHOWSTRING?OLED
  +--> ?PR?_GUI_DRAWALLCONTROLS?GUI
  +--> ?PR?INITBUZZERDEMO?DLG_BUZZERTDEMO

?CO?DLG_BUZZERTDEMO                              -----    -----      -----    -----      -----    -----
  +--> ?CO?OLEDFONT

?PR?INITBUZZERDEMO?DLG_BUZZERTDEMO               -----    -----      -----    -----      000AH    0003H
  +--> ?PR?TIME_GETTICKS?TIMER

?PR?GUI_DLGDHTDEMOOPEN?DLG_DHTDEMO               -----    -----      -----    -----      -----    -----
  +--> ?PR?_GUI_DLGSETACTIVE?GUI
  +--> ?PR?OLED_CLEAR?OLED
  +--> ?CO?DLG_DHTDEMO
  +--> ?PR?_OLED_SHOWSTRING?OLED
BL51 BANKED LINKER/LOCATER V6.22.2.0                                                  08/05/2019  14:25:26  PAGE 9


  +--> ?PR?_GUI_DRAWALLCONTROLS?GUI
  +--> ?PR?INITDHTDEMO?DLG_DHTDEMO

?CO?DLG_DHTDEMO                                  -----    -----      -----    -----      -----    -----
  +--> ?CO?OLEDFONT

?PR?INITDHTDEMO?DLG_DHTDEMO                      -----    -----      -----    -----      000AH    0003H
  +--> ?PR?TIME_GETTICKS?TIMER

?PR?_GUI_DLGKEYDEMOPROC?DLG_KEYDEMO              -----    -----      -----    -----      0008H    0002H
  +--> ?PR?_DUMPKEYINFO?DLG_KEYDEMO
  +--> ?CO?DLG_KEYDEMO
  +--> ?PR?_GUI_SEARCHPREVCONTROL?GUI
  +--> ?PR?_GUI_SEARCHNEXTCONTROL?GUI
  +--> ?PR?GUI_DLGMAINMENUOPEN?DLG_MAINMENU
  +--> ?PR?_GUI_DLGDEFAULTPROC?GUI

?PR?_DUMPKEYINFO?DLG_KEYDEMO                     -----    -----      -----    -----      000AH    0004H
  +--> ?PR?_GUI_GETMSGCODESTRING?GUI
  +--> ?PR?_OLED_SHOWSTRING?OLED
  +--> ?PR?_GUI_GETMSGTYPESTRING?GUI

?PR?_GUI_GETMSGCODESTRING?GUI                    -----    -----      -----    -----      -----    -----
  +--> ?CO?GUI

?PR?_GUI_GETMSGTYPESTRING?GUI                    -----    -----      -----    -----      -----    -----
  +--> ?CO?GUI

?PR?_GUI_DLGLEDDEMOPROC?DLG_LEDDEMO              -----    -----      -----    -----      0008H    0002H
  +--> ?PR?_LED_FLASH?DLG_LEDDEMO
  +--> ?PR?LED_ALL_OFF?LED
  +--> ?CO?DLG_LEDDEMO
  +--> ?PR?_GUI_SEARCHPREVCONTROL?GUI
  +--> ?PR?_GUI_SEARCHNEXTCONTROL?GUI
  +--> ?PR?GUI_DLGMAINMENUOPEN?DLG_MAINMENU
  +--> ?PR?INITLEDDEMO?DLG_LEDDEMO
  +--> ?PR?_GUI_DLGDEFAULTPROC?GUI

?PR?_LED_FLASH?DLG_LEDDEMO                       -----    -----      -----    -----      -----    -----
  +--> ?PR?LED_ALL_OFF?LED
  +--> ?PR?_FLASH1?DLG_LEDDEMO
  +--> ?PR?_FLASH2?DLG_LEDDEMO
  +--> ?PR?_FLASH3?DLG_LEDDEMO

?PR?_FLASH1?DLG_LEDDEMO                          -----    -----      -----    -----      -----    -----
  +--> ?PR?LED_R_ON?LED
  +--> ?PR?LED_R_OFF?LED
  +--> ?PR?LED_G_ON?LED
  +--> ?PR?LED_G_OFF?LED
  +--> ?PR?LED_B_ON?LED
  +--> ?PR?LED_B_OFF?LED
  +--> ?PR?LED_ALL_OFF?LED

?PR?_FLASH2?DLG_LEDDEMO                          -----    -----      -----    -----      -----    -----
  +--> ?PR?LED_R_OFF?LED
  +--> ?PR?LED_G_OFF?LED
  +--> ?PR?LED_B_OFF?LED
BL51 BANKED LINKER/LOCATER V6.22.2.0                                                  08/05/2019  14:25:26  PAGE 10


  +--> ?PR?LED_ALL_OFF?LED

?PR?_FLASH3?DLG_LEDDEMO                          -----    -----      -----    -----      -----    -----
  +--> ?PR?LED_ALL_OFF?LED

?PR?_GUI_DLGRTCDEMOPROC?DLG_RTCDEMO              -----    -----      -----    -----      0008H    0009H
  +--> ?PR?TIME_GETTICKS?TIMER
  +--> ?PR?DS1302READTIME?DS1302
  +--> ?PR?HEXCONVDT2STR?DLG_RTCDEMO
  +--> ?CO?DLG_RTCDEMO
  +--> ?PR?_GUI_DRAWALLCONTROLS?GUI
  +--> ?PR?_OLED_SHOWCHAR?OLED
  +--> ?PR?_GUI_SEARCHNEXTCONTROL?GUI
  +--> ?PR?GUI_DLGMAINMENUOPEN?DLG_MAINMENU
  +--> ?PR?BCD2DEC?DLG_RTCDEMO
  +--> ?PR?DEC2BCD?DLG_RTCDEMO
  +--> ?PR?DS1302INIT?DS1302
  +--> ?PR?_GUI_DRAWCONTROL?GUI
  +--> ?PR?_GUI_DLGDEFAULTPROC?GUI

?PR?DS1302READTIME?DS1302                        -----    -----      -----    -----      -----    -----
  +--> ?CO?DS1302
  +--> ?PR?_DS1302READ?DS1302

?PR?DS1302INIT?DS1302                            -----    -----      -----    -----      -----    -----
  +--> ?PR?_DS1302WRITE?DS1302
  +--> ?CO?DS1302

?PR?_GUI_DLGBUZZERDEMOPROC?DLG_BUZZER...         -----    -----      -----    -----      0008H    0009H
  +--> ?PR?TIME_GETTICKS?TIMER
  +--> ?CO?DLG_BUZZERTDEMO
  +--> ?PR?_GUI_SEARCHPREVCONTROL?GUI
  +--> ?PR?_GUI_SEARCHNEXTCONTROL?GUI
  +--> ?PR?GUI_DLGMAINMENUOPEN?DLG_MAINMENU
  +--> ?PR?_GUI_DLGDEFAULTPROC?GUI

?PR?_GUI_DLGDHTDEMOPROC?DLG_DHTDEMO              -----    -----      -----    -----      0008H    0009H
  +--> ?PR?TIME_GETTICKS?TIMER
  +--> ?PR?GUI_DLGMAINMENUOPEN?DLG_MAINMENU
  +--> ?PR?DHT11_RECEIVE?DHT11
  +--> ?PR?_OLED_SHOWSTRING?OLED
  +--> ?PR?_GUI_DLGDEFAULTPROC?GUI

?PR?DHT11_RECEIVE?DHT11                          -----    -----      -----    -----      0011H    0009H
  +--> ?PR?DHT11_START?DHT11
  +--> ?PR?_DELAYXUS?DELAY
  +--> ?PR?DHT11_REC_BYTE?DHT11

?PR?DHT11_START?DHT11                            -----    -----      -----    -----      -----    -----
  +--> ?PR?_DELAYXUS?DELAY
  +--> ?PR?_DELAYXMS?DELAY

?PR?DHT11_REC_BYTE?DHT11                         -----    -----      -----    -----      001AH    0002H
  +--> ?PR?_DELAYXUS?DELAY



BL51 BANKED LINKER/LOCATER V6.22.2.0                                                  08/05/2019  14:25:26  PAGE 11


SYMBOL TABLE OF MODULE:  .\OBJ\OLED (MAIN)

  VALUE           TYPE          NAME
  ----------------------------------

  -------         MODULE        MAIN
  C:0000H         SYMBOL        _ICE_DUMMY_
  D:0092H         PUBLIC        P1M0
  D:0093H         PUBLIC        P0M1
  D:0096H         PUBLIC        P2M0
  D:0091H         PUBLIC        P1M1
  D:0080H         PUBLIC        P0
  D:00B2H         PUBLIC        P3M0
  D:0095H         PUBLIC        P2M1
  D:0090H         PUBLIC        P1
  D:00B4H         PUBLIC        P4M0
  D:00B1H         PUBLIC        P3M1
  D:00A0H         PUBLIC        P2
  D:00CAH         PUBLIC        P5M0
  D:00B3H         PUBLIC        P4M1
  D:00B0H         PUBLIC        P3
  D:00CCH         PUBLIC        P6M0
  D:00C9H         PUBLIC        P5M1
  D:00C0H         PUBLIC        P4
  D:00E2H         PUBLIC        P7M0
  D:00CBH         PUBLIC        P6M1
  D:00C8H         PUBLIC        P5
  B:00A8H.7       PUBLIC        EA
  D:00E1H         PUBLIC        P7M1
  D:00E8H         PUBLIC        P6
  D:00F8H         PUBLIC        P7
  B:00B0H.2       PUBLIC        OLED_DC
  D:00A8H         PUBLIC        IE
  C:0B97H         PUBLIC        BMP1
  C:0F97H         PUBLIC        BMP2
  D:00B8H         PUBLIC        IP
  B:0090H.6       PUBLIC        OLED_CS
  D:00D8H         PUBLIC        CCON
  C:411CH         PUBLIC        PWMIO_init
  C:39CBH         PUBLIC        main
  D:0098H         PUBLIC        SCON
  D:0088H         PUBLIC        TCON
  D:008EH         PUBLIC        AUXR
  D:00F0H         PUBLIC        B
  D:00E0H         PUBLIC        ACC
  D:00D0H         PUBLIC        PSW
  D:0094H         PUBLIC        P0M0
  -------         PROC          MAIN
  C:39CBH         LINE#         46
  C:39CBH         LINE#         47
  C:39CBH         LINE#         48
  C:39CEH         LINE#         49
  C:39D1H         LINE#         50
  C:39D6H         LINE#         53
  C:39D9H         LINE#         54
  C:39DCH         LINE#         56
  C:39DFH         LINE#         58
BL51 BANKED LINKER/LOCATER V6.22.2.0                                                  08/05/2019  14:25:26  PAGE 12


  C:39E1H         LINE#         59
  C:39E8H         LINE#         60
  C:39EAH         LINE#         62
  C:39F1H         LINE#         63
  C:39F4H         LINE#         64
  C:39F7H         LINE#         65
  C:39FEH         LINE#         67
  C:3A01H         LINE#         68
  C:3A0AH         LINE#         70
  C:3A0DH         LINE#         71
  C:3A14H         LINE#         73
  C:3A16H         LINE#         75
  C:3A19H         LINE#         77
  C:3A19H         LINE#         78
  C:3A19H         LINE#         79
  C:3A1CH         LINE#         81
  C:3A1FH         LINE#         82
  -------         ENDPROC       MAIN
  -------         PROC          PWMIO_INIT
  C:411CH         LINE#         85
  C:411CH         LINE#         86
  C:411CH         LINE#         93
  C:411FH         LINE#         94
  C:4121H         LINE#         95
  C:4123H         LINE#         96
  C:4125H         LINE#         97
  C:4127H         LINE#         98
  C:4129H         LINE#         99
  C:412BH         LINE#         100
  C:412DH         LINE#         101
  C:412FH         LINE#         102
  C:4131H         LINE#         103
  C:4133H         LINE#         104
  C:4135H         LINE#         105
  C:4137H         LINE#         106
  C:4139H         LINE#         107
  C:413BH         LINE#         108
  C:413DH         LINE#         109
  -------         ENDPROC       PWMIO_INIT
  -------         ENDMOD        MAIN

  -------         MODULE        DELAY
  C:0000H         SYMBOL        _ICE_DUMMY_
  C:418DH         PUBLIC        _delayxms
  C:41FCH         PUBLIC        _delayxus
  -------         PROC          _DELAYXUS
  D:0006H         SYMBOL        tus
  C:41FCH         LINE#         23
  C:41FCH         LINE#         24
  C:41FCH         LINE#         25
  C:4206H         LINE#         26
  C:4206H         LINE#         27
  C:4207H         LINE#         28
  C:4208H         LINE#         29
  C:4209H         LINE#         30
  C:420AH         LINE#         31
  C:420CH         LINE#         32
BL51 BANKED LINKER/LOCATER V6.22.2.0                                                  08/05/2019  14:25:26  PAGE 13


  -------         ENDPROC       _DELAYXUS
  -------         PROC          _DELAYXMS
  D:0006H         SYMBOL        tms
  -------         DO            
  D:0005H         SYMBOL        i
  D:0004H         SYMBOL        j
  -------         ENDDO         
  C:418DH         LINE#         34
  C:418DH         LINE#         35
  C:418DH         LINE#         37
  C:4197H         LINE#         38
  C:4197H         LINE#         39
  C:4198H         LINE#         40
  C:4199H         LINE#         41
  C:419AH         LINE#         42
  C:419CH         LINE#         43
  C:419EH         LINE#         45
  C:419EH         LINE#         46
  C:41A0H         LINE#         47
  C:41A0H         LINE#         48
  C:41A2H         LINE#         49
  C:41A4H         LINE#         50
  -------         ENDPROC       _DELAYXMS
  -------         ENDMOD        DELAY

  -------         MODULE        LED
  C:0000H         SYMBOL        _ICE_DUMMY_
  D:0080H         PUBLIC        P0
  D:0090H         PUBLIC        P1
  D:00A0H         PUBLIC        P2
  D:00B0H         PUBLIC        P3
  D:00C0H         PUBLIC        P4
  D:00C8H         PUBLIC        P5
  D:00E8H         PUBLIC        P6
  B:0080H.4       PUBLIC        LED1
  D:00F8H         PUBLIC        P7
  B:0080H.3       PUBLIC        LED2
  B:0080H.2       PUBLIC        LED3
  B:0080H.1       PUBLIC        LED4
  B:0080H.0       PUBLIC        LED5
  B:00A0H.7       PUBLIC        LED6
  B:00A0H.6       PUBLIC        LED7
  B:00A0H.5       PUBLIC        LED8
  D:00A8H         PUBLIC        IE
  B:00A0H.4       PUBLIC        LED9
  C:4296H         PUBLIC        led_all_on
  C:42E6H         PUBLIC        led_b_off
  D:00B8H         PUBLIC        IP
  C:42DFH         PUBLIC        led_g_off
  D:00D8H         PUBLIC        CCON
  C:42D8H         PUBLIC        led_r_off
  D:0098H         PUBLIC        SCON
  D:0088H         PUBLIC        TCON
  C:42D1H         PUBLIC        led_b_on
  C:42CAH         PUBLIC        led_g_on
  D:00F0H         PUBLIC        B
  C:42C3H         PUBLIC        led_r_on
BL51 BANKED LINKER/LOCATER V6.22.2.0                                                  08/05/2019  14:25:26  PAGE 14


  D:00E0H         PUBLIC        ACC
  C:41E9H         PUBLIC        led_init
  C:429FH         PUBLIC        led_all_off
  D:00D0H         PUBLIC        PSW
  -------         PROC          LED_INIT
  C:41E9H         LINE#         27
  C:41E9H         LINE#         28
  C:41E9H         LINE#         29
  C:41EBH         LINE#         30
  C:41EDH         LINE#         31
  C:41EFH         LINE#         32
  C:41F1H         LINE#         33
  C:41F3H         LINE#         34
  C:41F5H         LINE#         35
  C:41F7H         LINE#         36
  C:41F9H         LINE#         37
  C:41FBH         LINE#         38
  -------         ENDPROC       LED_INIT
  -------         PROC          LED_R_ON
  C:42C3H         LINE#         40
  C:42C3H         LINE#         41
  C:42C3H         LINE#         42
  C:42C5H         LINE#         43
  C:42C7H         LINE#         44
  C:42C9H         LINE#         45
  -------         ENDPROC       LED_R_ON
  -------         PROC          LED_G_ON
  C:42CAH         LINE#         46
  C:42CAH         LINE#         47
  C:42CAH         LINE#         48
  C:42CCH         LINE#         49
  C:42CEH         LINE#         50
  C:42D0H         LINE#         51
  -------         ENDPROC       LED_G_ON
  -------         PROC          LED_B_ON
  C:42D1H         LINE#         52
  C:42D1H         LINE#         53
  C:42D1H         LINE#         54
  C:42D3H         LINE#         55
  C:42D5H         LINE#         56
  C:42D7H         LINE#         57
  -------         ENDPROC       LED_B_ON
  -------         PROC          LED_R_OFF
  C:42D8H         LINE#         58
  C:42D8H         LINE#         59
  C:42D8H         LINE#         60
  C:42DAH         LINE#         61
  C:42DCH         LINE#         62
  C:42DEH         LINE#         63
  -------         ENDPROC       LED_R_OFF
  -------         PROC          LED_G_OFF
  C:42DFH         LINE#         64
  C:42DFH         LINE#         65
  C:42DFH         LINE#         66
  C:42E1H         LINE#         67
  C:42E3H         LINE#         68
  C:42E5H         LINE#         69
BL51 BANKED LINKER/LOCATER V6.22.2.0                                                  08/05/2019  14:25:26  PAGE 15


  -------         ENDPROC       LED_G_OFF
  -------         PROC          LED_B_OFF
  C:42E6H         LINE#         70
  C:42E6H         LINE#         71
  C:42E6H         LINE#         72
  C:42E8H         LINE#         73
  C:42EAH         LINE#         74
  C:42ECH         LINE#         75
  -------         ENDPROC       LED_B_OFF
  -------         PROC          LED_ALL_ON
  C:4296H         LINE#         77
  C:4296H         LINE#         78
  C:4296H         LINE#         79
  C:4299H         LINE#         80
  C:429CH         LINE#         81
  -------         ENDPROC       LED_ALL_ON
  -------         PROC          LED_ALL_OFF
  C:429FH         LINE#         83
  C:429FH         LINE#         84
  C:429FH         LINE#         85
  C:42A2H         LINE#         86
  C:42A5H         LINE#         87
  -------         ENDPROC       LED_ALL_OFF
  -------         ENDMOD        LED

  -------         MODULE        DHT11
  C:0000H         SYMBOL        _ICE_DUMMY_
  D:0080H         PUBLIC        P0
  D:0090H         PUBLIC        P1
  D:00A0H         PUBLIC        P2
  D:00B0H         PUBLIC        P3
  D:00C0H         PUBLIC        P4
  D:00C8H         PUBLIC        P5
  D:00E8H         PUBLIC        P6
  D:00F8H         PUBLIC        P7
  C:2FAEH         PUBLIC        DHT11_receive
  D:00A8H         PUBLIC        IE
  D:00B8H         PUBLIC        IP
  D:00D8H         PUBLIC        CCON
  D:0098H         PUBLIC        SCON
  D:0088H         PUBLIC        TCON
  B:0090H.2       PUBLIC        DHT11_IO
  D:00F0H         PUBLIC        B
  D:00E0H         PUBLIC        ACC
  X:00E0H         PUBLIC        DHT11_RT
  C:413EH         PUBLIC        DHT11_start
  C:3CEFH         PUBLIC        DHT11_rec_byte
  D:00D0H         PUBLIC        PSW
  -------         PROC          DHT11_START
  C:413EH         LINE#         29
  C:413EH         LINE#         30
  C:413EH         LINE#         31
  C:4140H         LINE#         32
  C:4147H         LINE#         33
  C:4149H         LINE#         34
  C:4150H         LINE#         35
  C:4152H         LINE#         36
BL51 BANKED LINKER/LOCATER V6.22.2.0                                                  08/05/2019  14:25:26  PAGE 16


  -------         ENDPROC       DHT11_START
  -------         PROC          DHT11_REC_BYTE
  -------         DO            
  X:001AH         SYMBOL        i
  X:001BH         SYMBOL        dat
  -------         ENDDO         
  C:3CEFH         LINE#         41
  C:3CEFH         LINE#         42
  C:3CEFH         LINE#         43
  C:3CF4H         LINE#         44
  C:3D05H         LINE#         45
  C:3D05H         LINE#         46
  C:3D08H         LINE#         47
  C:3D0FH         LINE#         48
  C:3D16H         LINE#         49
  C:3D19H         LINE#         50
  C:3D1CH         LINE#         51
  C:3D1FH         LINE#         52
  C:3D27H         LINE#         53
  C:3D2CH         LINE#         54
  -------         ENDPROC       DHT11_REC_BYTE
  -------         PROC          DHT11_RECEIVE
  -------         DO            
  X:0011H         SYMBOL        R_H
  X:0012H         SYMBOL        R_L
  X:0013H         SYMBOL        T_H
  X:0014H         SYMBOL        T_L
  X:0015H         SYMBOL        RH
  X:0016H         SYMBOL        RL
  X:0017H         SYMBOL        TH
  X:0018H         SYMBOL        TL
  X:0019H         SYMBOL        revise
  -------         ENDDO         
  C:2FAEH         LINE#         60
  C:2FAEH         LINE#         61
  C:2FAEH         LINE#         64
  C:2FB1H         LINE#         66
  C:2FB7H         LINE#         67
  C:2FB7H         LINE#         69
  C:2FBAH         LINE#         71
  C:2FC1H         LINE#         72
  C:2FC9H         LINE#         73
  C:2FD1H         LINE#         74
  C:2FD9H         LINE#         75
  C:2FE1H         LINE#         76
  C:2FE9H         LINE#         78
  C:2FF0H         LINE#         80
  C:301DH         LINE#         81
  C:301DH         LINE#         82
  C:3025H         LINE#         83
  C:302DH         LINE#         84
  C:3030H         LINE#         85
  C:3033H         LINE#         86
  C:3033H         LINE#         88
  C:303BH         LINE#         89
  C:3043H         LINE#         91
  C:3043H         LINE#         92
BL51 BANKED LINKER/LOCATER V6.22.2.0                                                  08/05/2019  14:25:26  PAGE 17


  -------         ENDPROC       DHT11_RECEIVE
  -------         ENDMOD        DHT11

  -------         MODULE        DS1302
  C:0000H         SYMBOL        _ICE_DUMMY_
  D:0080H         PUBLIC        P0
  D:0090H         PUBLIC        P1
  D:00A0H         PUBLIC        P2
  D:00B0H         PUBLIC        P3
  D:00C0H         PUBLIC        P4
  D:00C8H         PUBLIC        P5
  D:00E8H         PUBLIC        P6
  D:00F8H         PUBLIC        P7
  C:3B5BH         PUBLIC        _Ds1302Write
  D:00A8H         PUBLIC        IE
  C:40D3H         PUBLIC        Ds1302ReadTime
  X:00ADH         PUBLIC        Time
  C:3F5AH         PUBLIC        Ds1302Init
  D:00B8H         PUBLIC        IP
  B:0080H.7       PUBLIC        DS1302_CLK
  D:00D8H         PUBLIC        CCON
  X:00B4H         PUBLIC        OldTime
  D:0098H         PUBLIC        SCON
  D:0088H         PUBLIC        TCON
  B:0080H.6       PUBLIC        DS1302_RST
  D:00F0H         PUBLIC        B
  D:00E0H         PUBLIC        ACC
  C:4244H         PUBLIC        WRITE_RTC_ADDR
  B:0080H.5       PUBLIC        DS1302_IO
  C:423DH         PUBLIC        READ_RTC_ADDR
  D:00D0H         PUBLIC        PSW
  C:396FH         PUBLIC        _Ds1302Read
  -------         PROC          _DS1302WRITE
  D:0007H         SYMBOL        addr
  D:0005H         SYMBOL        dat
  -------         DO            
  D:0006H         SYMBOL        n
  -------         ENDDO         
  C:3B5BH         LINE#         40
  C:3B5BH         LINE#         41
  C:3B5BH         LINE#         43
  C:3B5DH         LINE#         44
  C:3B5EH         LINE#         46
  C:3B60H         LINE#         47
  C:3B61H         LINE#         48
  C:3B63H         LINE#         49
  C:3B64H         LINE#         51
  C:3B70H         LINE#         52
  C:3B70H         LINE#         53
  C:3B74H         LINE#         54
  C:3B78H         LINE#         55
  C:3B7AH         LINE#         56
  C:3B7BH         LINE#         57
  C:3B7DH         LINE#         58
  C:3B7EH         LINE#         59
  C:3B81H         LINE#         60
  C:3B8DH         LINE#         61
BL51 BANKED LINKER/LOCATER V6.22.2.0                                                  08/05/2019  14:25:26  PAGE 18


  C:3B8DH         LINE#         62
  C:3B91H         LINE#         63
  C:3B95H         LINE#         64
  C:3B97H         LINE#         65
  C:3B98H         LINE#         66
  C:3B9AH         LINE#         67
  C:3B9BH         LINE#         68
  C:3B9EH         LINE#         70
  C:3BA0H         LINE#         71
  C:3BA1H         LINE#         72
  -------         ENDPROC       _DS1302WRITE
  -------         PROC          _DS1302READ
  D:0007H         SYMBOL        addr
  -------         DO            
  D:0005H         SYMBOL        n
  D:0006H         SYMBOL        dat
  D:0007H         SYMBOL        dat1
  -------         ENDDO         
  C:396FH         LINE#         81
  C:396FH         LINE#         82
  C:396FH         LINE#         84
  C:3971H         LINE#         85
  C:3972H         LINE#         87
  C:3974H         LINE#         88
  C:3975H         LINE#         89
  C:3977H         LINE#         90
  C:3978H         LINE#         92
  C:3984H         LINE#         93
  C:3984H         LINE#         94
  C:3988H         LINE#         95
  C:398CH         LINE#         96
  C:398EH         LINE#         97
  C:398FH         LINE#         98
  C:3991H         LINE#         99
  C:3992H         LINE#         100
  C:3995H         LINE#         101
  C:3996H         LINE#         102
  C:39A2H         LINE#         103
  C:39A2H         LINE#         104
  C:39A7H         LINE#         105
  C:39B3H         LINE#         106
  C:39B5H         LINE#         107
  C:39B6H         LINE#         108
  C:39B8H         LINE#         109
  C:39B9H         LINE#         110
  C:39BCH         LINE#         112
  C:39BEH         LINE#         113
  C:39BFH         LINE#         114
  C:39C1H         LINE#         115
  C:39C2H         LINE#         116
  C:39C4H         LINE#         117
  C:39C5H         LINE#         118
  C:39C7H         LINE#         119
  C:39C8H         LINE#         120
  C:39CAH         LINE#         121
  -------         ENDPROC       _DS1302READ
  -------         PROC          DS1302INIT
BL51 BANKED LINKER/LOCATER V6.22.2.0                                                  08/05/2019  14:25:26  PAGE 19


  -------         DO            
  D:0004H         SYMBOL        n
  -------         ENDDO         
  C:3F5AH         LINE#         130
  C:3F5AH         LINE#         131
  C:3F5AH         LINE#         133
  C:3F61H         LINE#         134
  C:3F6DH         LINE#         135
  C:3F6DH         LINE#         136
  C:3F82H         LINE#         137
  C:3F85H         LINE#         138
  -------         ENDPROC       DS1302INIT
  -------         PROC          DS1302READTIME
  -------         DO            
  D:0003H         SYMBOL        n
  -------         ENDDO         
  C:40D3H         LINE#         150
  C:40D3H         LINE#         151
  C:40D3H         LINE#         153
  C:40DFH         LINE#         154
  C:40DFH         LINE#         155
  C:40F4H         LINE#         156
  C:40F7H         LINE#         158
  -------         ENDPROC       DS1302READTIME
  -------         ENDMOD        DS1302

  -------         MODULE        KEY
  C:0000H         SYMBOL        _ICE_DUMMY_
  D:0080H         PUBLIC        P0
  D:0090H         PUBLIC        P1
  D:00A0H         PUBLIC        P2
  D:00B0H         PUBLIC        P3
  D:00C0H         PUBLIC        P4
  D:00C8H         PUBLIC        P5
  B:00A8H.7       PUBLIC        EA
  D:00E8H         PUBLIC        P6
  D:00F8H         PUBLIC        P7
  D:00A8H         PUBLIC        IE
  I:0013H         SYMBOL        g_key_fifo
  D:00B8H         PUBLIC        IP
  B:00B0H.5       PUBLIC        KEY1
  B:00B0H.6       PUBLIC        KEY2
  B:00B0H.7       PUBLIC        KEY3
  B:00A0H.0       PUBLIC        KEY4
  D:00D8H         PUBLIC        CCON
  C:4159H         SYMBOL        ScanKeyCode
  D:0098H         PUBLIC        SCON
  D:0088H         PUBLIC        TCON
  C:2161H         PUBLIC        key_Task
  D:00F0H         PUBLIC        B
  D:00E0H         PUBLIC        ACC
  C:3F8CH         PUBLIC        _key_InsertKeyCode
  C:42A8H         PUBLIC        key_init
  C:3715H         PUBLIC        _key_GetKeyCode
  D:00D0H         PUBLIC        PSW
  -------         PROC          KEY_INIT
  C:42A8H         LINE#         42
BL51 BANKED LINKER/LOCATER V6.22.2.0                                                  08/05/2019  14:25:26  PAGE 20


  C:42A8H         LINE#         43
  C:42A8H         LINE#         44
  C:42AAH         LINE#         45
  C:42ACH         LINE#         46
  C:42AEH         LINE#         47
  C:42B0H         LINE#         48
  -------         ENDPROC       KEY_INIT
  -------         PROC          SCANKEYCODE
  C:4159H         LINE#         51
  C:4159H         LINE#         52
  C:4159H         LINE#         54
  C:415FH         LINE#         55
  C:4165H         LINE#         56
  C:416BH         LINE#         57
  C:4171H         LINE#         59
  C:4173H         LINE#         60
  -------         ENDPROC       SCANKEYCODE
  -------         PROC          KEY_TASK
  -------         DO            
  X:0000H         SYMBOL        key_code
  X:0001H         SYMBOL        ticks
  I:000DH         SYMBOL        oldticks
  I:0011H         SYMBOL        old_code
  I:0012H         SYMBOL        state
  -------         ENDDO         
  C:2161H         LINE#         62
  C:2161H         LINE#         63
  C:2161H         LINE#         65
  C:216AH         LINE#         68
  C:2183H         LINE#         69
  C:2183H         LINE#         70
  C:2183H         LINE#         71
  C:218AH         LINE#         72
  C:2191H         LINE#         73
  C:21A4H         LINE#         74
  C:21A8H         LINE#         75
  C:21A9H         LINE#         76
  C:21A9H         LINE#         77
  C:21D6H         LINE#         78
  C:21DEH         LINE#         79
  C:21E4H         LINE#         80
  C:21E4H         LINE#         81
  C:21EBH         LINE#         82
  C:21EDH         LINE#         83
  C:21F0H         LINE#         84
  C:21F2H         LINE#         85
  C:2205H         LINE#         86
  C:2209H         LINE#         87
  C:220AH         LINE#         89
  C:220AH         LINE#         90
  C:220AH         LINE#         91
  C:220AH         LINE#         92
  C:220DH         LINE#         93
  C:220DH         LINE#         94
  C:2215H         LINE#         95
  C:2219H         LINE#         96
  C:2219H         LINE#         97
BL51 BANKED LINKER/LOCATER V6.22.2.0                                                  08/05/2019  14:25:26  PAGE 21


  C:222AH         LINE#         98
  C:222EH         LINE#         99
  C:222FH         LINE#         101
  C:222FH         LINE#         102
  C:2259H         LINE#         103
  C:2259H         LINE#         104
  C:2262H         LINE#         105
  C:2264H         LINE#         106
  C:2267H         LINE#         107
  C:2269H         LINE#         108
  C:2269H         LINE#         109
  C:2269H         LINE#         110
  C:2269H         LINE#         111
  C:226BH         LINE#         112
  C:226BH         LINE#         113
  C:2295H         LINE#         114
  C:229DH         LINE#         115
  C:22A1H         LINE#         116
  C:22A1H         LINE#         117
  C:22AAH         LINE#         118
  C:22AEH         LINE#         119
  C:22AFH         LINE#         121
  C:22AFH         LINE#         122
  C:22C2H         LINE#         123
  C:22C2H         LINE#         124
  C:22C2H         LINE#         125
  C:22C2H         LINE#         126
  C:22C2H         LINE#         127
  C:22C2H         LINE#         128
  -------         ENDPROC       KEY_TASK
  -------         PROC          _KEY_GETKEYCODE
  X:0008H         SYMBOL        pcode
  X:000BH         SYMBOL        pstate
  -------         DO            
  D:0007H         SYMBOL        rear
  -------         ENDDO         
  C:3715H         LINE#         139
  C:3720H         LINE#         140
  C:3720H         LINE#         141
  C:3724H         LINE#         142
  C:3729H         LINE#         143
  C:3729H         LINE#         144
  C:3748H         LINE#         145
  C:3767H         LINE#         146
  C:3768H         LINE#         147
  C:3774H         LINE#         148
  C:3778H         LINE#         149
  C:377BH         LINE#         150
  C:377BH         LINE#         151
  C:377DH         LINE#         152
  -------         ENDPROC       _KEY_GETKEYCODE
  -------         PROC          _KEY_INSERTKEYCODE
  D:0007H         SYMBOL        keycode
  D:0005H         SYMBOL        state
  -------         DO            
  D:0004H         SYMBOL        top
  D:0006H         SYMBOL        next
BL51 BANKED LINKER/LOCATER V6.22.2.0                                                  08/05/2019  14:25:26  PAGE 22


  -------         ENDDO         
  C:3F8CH         LINE#         154
  C:3F8CH         LINE#         155
  C:3F8CH         LINE#         159
  C:3F90H         LINE#         160
  C:3F92H         LINE#         161
  C:3F9DH         LINE#         162
  C:3FA3H         LINE#         163
  C:3FA3H         LINE#         164
  C:3FA9H         LINE#         165
  C:3FB1H         LINE#         166
  C:3FB7H         LINE#         167
  C:3FBAH         LINE#         168
  C:3FBAH         LINE#         169
  C:3FBCH         LINE#         170
  -------         ENDPROC       _KEY_INSERTKEYCODE
  -------         ENDMOD        KEY

  -------         MODULE        OLED
  C:0000H         SYMBOL        _ICE_DUMMY_
  C:41A5H         PUBLIC        OLED_Display_On
  C:2874H         PUBLIC        _OLED_ShowCHinese2
  D:0080H         PUBLIC        P0
  D:0090H         PUBLIC        P1
  D:00A0H         PUBLIC        P2
  D:00B0H         PUBLIC        P3
  D:00C0H         PUBLIC        P4
  D:00C8H         PUBLIC        P5
  D:00E8H         PUBLIC        P6
  D:00F8H         PUBLIC        P7
  C:3C6DH         PUBLIC        _fill_picture
  D:00A8H         PUBLIC        IE
  D:00B8H         PUBLIC        IP
  C:2B3AH         PUBLIC        OLED_Init
  C:384CH         PUBLIC        _find_index
  C:4259H         PUBLIC        _Write_IIC_Data
  D:00D8H         PUBLIC        CCON
  C:377EH         PUBLIC        _OLED_ShowString
  C:4068H         PUBLIC        _OLED_WR_Byte
  C:22C3H         PUBLIC        _OLED_ShowChar
  D:0098H         PUBLIC        SCON
  B:00B0H.4       PUBLIC        OLED_SDIN
  D:0088H         PUBLIC        TCON
  C:3FF5H         PUBLIC        _Write_IIC_Byte
  C:4218H         PUBLIC        IIC_Wait_Ack
  D:00F0H         PUBLIC        B
  C:3E52H         PUBLIC        OLED_On
  C:42B1H         PUBLIC        IIC_Start
  C:3DADH         PUBLIC        _OLED_Set_Pos
  D:00E0H         PUBLIC        ACC
  C:276BH         PUBLIC        _OLED_ShowCHinese
  C:2A57H         PUBLIC        _OLED_ShowNum
  C:4267H         PUBLIC        OLED_Display_Off
  C:0003H         PUBLIC        _oled_pow
  C:42EDH         PUBLIC        IIC_Stop
  C:424BH         PUBLIC        _Write_IIC_Command
  B:00B0H.3       PUBLIC        OLED_SCL
BL51 BANKED LINKER/LOCATER V6.22.2.0                                                  08/05/2019  14:25:26  PAGE 23


  C:3E8AH         PUBLIC        OLED_Clear
  C:3398H         PUBLIC        _OLED_DrawBMP
  D:00D0H         PUBLIC        PSW
  -------         PROC          IIC_START
  C:42B1H         LINE#         42
  C:42B1H         LINE#         43
  C:42B1H         LINE#         45
  C:42B3H         LINE#         46
  C:42B5H         LINE#         47
  C:42B7H         LINE#         48
  C:42B9H         LINE#         49
  -------         ENDPROC       IIC_START
  -------         PROC          IIC_STOP
  C:42EDH         LINE#         54
  C:42EDH         LINE#         55
  C:42EDH         LINE#         56
  C:42EFH         LINE#         57
  C:42F1H         LINE#         58
  C:42F3H         LINE#         60
  -------         ENDPROC       IIC_STOP
  -------         PROC          L?0122
  -------         ENDPROC       L?0122
  -------         PROC          IIC_WAIT_ACK
  C:4218H         LINE#         62
  C:4218H         LINE#         63
  C:4218H         LINE#         64
  C:421AH         LINE#         65
  C:421CH         LINE#         66
  -------         ENDPROC       IIC_WAIT_ACK
  -------         PROC          L?0124
  -------         ENDPROC       L?0124
  -------         PROC          _WRITE_IIC_BYTE
  D:0007H         SYMBOL        IIC_Byte
  -------         DO            
  D:0006H         SYMBOL        i
  D:0005H         SYMBOL        m
  D:0007H         SYMBOL        da
  -------         ENDDO         
  C:3FF5H         LINE#         71
  C:3FF5H         LINE#         72
  C:3FF5H         LINE#         75
  C:3FF5H         LINE#         76
  C:3FF7H         LINE#         77
  C:4003H         LINE#         78
  C:4003H         LINE#         79
  C:4005H         LINE#         81
  C:4008H         LINE#         82
  C:400CH         LINE#         83
  C:400CH         LINE#         84
  C:400EH         LINE#         85
  C:4010H         LINE#         86
  C:4012H         LINE#         87
  C:4016H         LINE#         88
  C:4018H         LINE#         89
  C:401AH         LINE#         90
  C:401DH         LINE#         93
  -------         ENDPROC       _WRITE_IIC_BYTE
BL51 BANKED LINKER/LOCATER V6.22.2.0                                                  08/05/2019  14:25:26  PAGE 24


  -------         PROC          _WRITE_IIC_COMMAND
  D:0004H         SYMBOL        IIC_Command
  C:424BH         LINE#         97
  C:424BH         LINE#         98
  C:424BH         LINE#         99
  C:424BH         LINE#         100
  C:424EH         LINE#         101
  C:4251H         LINE#         102
  C:4253H         LINE#         103
  C:4253H         LINE#         104
  C:4253H         LINE#         105
  C:4256H         LINE#         106
  -------         ENDPROC       _WRITE_IIC_COMMAND
  -------         PROC          _WRITE_IIC_DATA
  D:0004H         SYMBOL        IIC_Data
  C:4259H         LINE#         111
  C:4259H         LINE#         112
  C:4259H         LINE#         113
  C:4259H         LINE#         114
  C:425CH         LINE#         115
  C:425FH         LINE#         116
  C:4261H         LINE#         117
  C:4261H         LINE#         118
  C:4261H         LINE#         119
  C:4264H         LINE#         120
  -------         ENDPROC       _WRITE_IIC_DATA
  C:404CH         SYMBOL        L?0118
  C:4056H         SYMBOL        L?0119
  C:405BH         SYMBOL        L?0120
  C:4064H         SYMBOL        L?0121
  -------         PROC          L?0117
  -------         ENDPROC       L?0117
  C:404CH         SYMBOL        L?0118
  C:4056H         SYMBOL        L?0119
  C:405BH         SYMBOL        L?0120
  C:4064H         SYMBOL        L?0121
  -------         PROC          _OLED_WR_BYTE
  D:0002H         SYMBOL        dat
  D:0004H         SYMBOL        cmd
  C:4068H         LINE#         122
  C:406CH         LINE#         123
  C:406CH         LINE#         124
  C:4070H         LINE#         125
  C:4070H         LINE#         127
  C:4073H         LINE#         129
  C:4073H         LINE#         131
  C:4073H         LINE#         132
  C:4078H         LINE#         134
  C:4078H         LINE#         137
  -------         ENDPROC       _OLED_WR_BYTE
  -------         PROC          _FILL_PICTURE
  X:00E2H         SYMBOL        fill_Data
  -------         DO            
  D:0001H         SYMBOL        m
  X:00E3H         SYMBOL        n
  -------         ENDDO         
  C:3C6DH         LINE#         142
BL51 BANKED LINKER/LOCATER V6.22.2.0                                                  08/05/2019  14:25:26  PAGE 25


  C:3C72H         LINE#         143
  C:3C72H         LINE#         145
  C:3C81H         LINE#         146
  C:3C81H         LINE#         147
  C:3C81H         LINE#         148
  C:3C81H         LINE#         149
  C:3C84H         LINE#         150
  C:3C96H         LINE#         151
  C:3C96H         LINE#         152
  C:3CA4H         LINE#         153
  C:3CAAH         LINE#         154
  C:3CADH         LINE#         155
  -------         ENDPROC       _FILL_PICTURE
  -------         PROC          L?0123
  -------         ENDPROC       L?0123
  -------         PROC          _OLED_SET_POS
  D:0001H         SYMBOL        x
  D:0005H         SYMBOL        y
  C:3DADH         LINE#         159
  C:3DAFH         LINE#         160
  C:3DAFH         LINE#         161
  C:3DBCH         LINE#         162
  C:3DCFH         LINE#         163
  -------         ENDPROC       _OLED_SET_POS
  -------         PROC          OLED_DISPLAY_ON
  C:41A5H         LINE#         166
  C:41A5H         LINE#         167
  C:41A5H         LINE#         168
  C:41AAH         LINE#         169
  C:41B3H         LINE#         170
  -------         ENDPROC       OLED_DISPLAY_ON
  -------         PROC          OLED_DISPLAY_OFF
  C:4267H         LINE#         173
  C:4267H         LINE#         174
  C:4267H         LINE#         175
  C:4269H         LINE#         176
  C:426CH         LINE#         177
  -------         ENDPROC       OLED_DISPLAY_OFF
  -------         PROC          OLED_CLEAR
  -------         DO            
  D:0001H         SYMBOL        i
  X:0011H         SYMBOL        n
  -------         ENDDO         
  C:3E8AH         LINE#         180
  C:3E8AH         LINE#         181
  C:3E8AH         LINE#         183
  C:3E99H         LINE#         184
  C:3E99H         LINE#         185
  C:3E99H         LINE#         186
  C:3E99H         LINE#         187
  C:3E9CH         LINE#         188
  C:3EBDH         LINE#         189
  C:3EC0H         LINE#         190
  -------         ENDPROC       OLED_CLEAR
  -------         PROC          OLED_ON
  -------         DO            
  D:0001H         SYMBOL        i
BL51 BANKED LINKER/LOCATER V6.22.2.0                                                  08/05/2019  14:25:26  PAGE 26


  X:00E4H         SYMBOL        n
  -------         ENDDO         
  C:3E52H         LINE#         191
  C:3E52H         LINE#         192
  C:3E52H         LINE#         194
  C:3E61H         LINE#         195
  C:3E61H         LINE#         196
  C:3E61H         LINE#         197
  C:3E61H         LINE#         198
  C:3E64H         LINE#         199
  C:3E86H         LINE#         200
  C:3E89H         LINE#         201
  -------         ENDPROC       OLED_ON
  -------         PROC          _OLED_SHOWCHAR
  X:0023H         SYMBOL        x
  X:0024H         SYMBOL        y
  D:0003H         SYMBOL        chr
  X:0026H         SYMBOL        Char_Size
  B:0020H.1       SYMBOL        mode
  -------         DO            
  X:0027H         SYMBOL        c
  D:0001H         SYMBOL        i
  -------         ENDDO         
  C:22C3H         LINE#         207
  C:22CEH         LINE#         208
  C:22CEH         LINE#         209
  C:22D4H         LINE#         210
  C:22D8H         LINE#         211
  C:22E2H         LINE#         212
  C:22E2H         LINE#         213
  C:22E7H         LINE#         214
  C:22ECH         LINE#         215
  C:22ECH         LINE#         216
  C:22F7H         LINE#         217
  C:22F7H         LINE#         218
  C:22FAH         LINE#         219
  C:2306H         LINE#         220
  C:2306H         LINE#         221
  C:2312H         LINE#         222
  C:232CH         LINE#         224
  C:234DH         LINE#         225
  C:2350H         LINE#         226
  C:235CH         LINE#         227
  C:236BH         LINE#         228
  C:236BH         LINE#         229
  C:2377H         LINE#         230
  C:2391H         LINE#         232
  C:23B2H         LINE#         233
  C:23B5H         LINE#         234
  C:23B5H         LINE#         236
  C:23B5H         LINE#         237
  C:23B8H         LINE#         238
  C:23C4H         LINE#         239
  C:23C4H         LINE#         240
  C:23D1H         LINE#         241
  C:23EAH         LINE#         243
  C:240AH         LINE#         244
BL51 BANKED LINKER/LOCATER V6.22.2.0                                                  08/05/2019  14:25:26  PAGE 27


  C:240DH         LINE#         246
  C:240DH         LINE#         247
  -------         ENDPROC       _OLED_SHOWCHAR
  -------         PROC          _OLED_POW
  X:00E5H         SYMBOL        m
  D:0001H         SYMBOL        n
  -------         DO            
  D:0006H         SYMBOL        result
  -------         ENDDO         
  C:0003H         LINE#         249
  C:000AH         LINE#         250
  C:000AH         LINE#         251
  C:000EH         LINE#         252
  C:0020H         LINE#         253
  C:0020H         LINE#         254
  -------         ENDPROC       _OLED_POW
  -------         PROC          _OLED_SHOWNUM
  X:00C8H         SYMBOL        x
  X:00C9H         SYMBOL        y
  X:00CAH         SYMBOL        num
  X:00CCH         SYMBOL        size2
  B:0021H.6       SYMBOL        mode
  -------         DO            
  X:00CDH         SYMBOL        t
  X:00CEH         SYMBOL        temp
  X:00CFH         SYMBOL        len
  X:00D0H         SYMBOL        enshow
  D:0002H         SYMBOL        numt
  -------         ENDDO         
  C:2A57H         LINE#         261
  C:2A65H         LINE#         262
  C:2A65H         LINE#         263
  C:2A6AH         LINE#         264
  C:2A6CH         LINE#         265
  C:2A6CH         LINE#         266
  C:2A70H         LINE#         267
  C:2A70H         LINE#         268
  C:2A76H         LINE#         269
  C:2A85H         LINE#         270
  C:2A87H         LINE#         271
  C:2A9DH         LINE#         272
  C:2A9DH         LINE#         273
  C:2AC4H         LINE#         274
  C:2AD9H         LINE#         275
  C:2AD9H         LINE#         276
  C:2ADDH         LINE#         277
  C:2ADDH         LINE#         278
  C:2AFCH         LINE#         279
  C:2AFEH         LINE#         280
  C:2AFEH         LINE#         281
  C:2B04H         LINE#         283
  C:2B04H         LINE#         284
  C:2B30H         LINE#         285
  C:2B39H         LINE#         286
  -------         ENDPROC       _OLED_SHOWNUM
  -------         PROC          _OLED_SHOWSTRING
  X:001CH         SYMBOL        x
BL51 BANKED LINKER/LOCATER V6.22.2.0                                                  08/05/2019  14:25:26  PAGE 28


  X:001DH         SYMBOL        y
  X:001EH         SYMBOL        chr
  X:0021H         SYMBOL        Char_Size
  B:0020H.0       SYMBOL        mode
  -------         DO            
  X:0022H         SYMBOL        j
  -------         ENDDO         
  C:377EH         LINE#         288
  C:378FH         LINE#         289
  C:378FH         LINE#         290
  C:3794H         LINE#         291
  C:37AEH         LINE#         292
  C:37AEH         LINE#         293
  C:37C5H         LINE#         294
  C:37CCH         LINE#         295
  C:37D6H         LINE#         296
  C:37D6H         LINE#         297
  C:37D8H         LINE#         298
  C:37DDH         LINE#         299
  C:37DDH         LINE#         300
  C:37E3H         LINE#         301
  C:37E5H         LINE#         302
  -------         ENDPROC       _OLED_SHOWSTRING
  -------         PROC          _OLED_SHOWCHINESE
  X:0026H         SYMBOL        x
  X:0027H         SYMBOL        y
  X:0028H         SYMBOL        no
  B:0020H.1       SYMBOL        mode
  -------         DO            
  X:0029H         SYMBOL        t
  X:002AH         SYMBOL        adder
  -------         ENDDO         
  C:276BH         LINE#         304
  C:2778H         LINE#         305
  C:2778H         LINE#         306
  C:277DH         LINE#         307
  C:2780H         LINE#         308
  C:2793H         LINE#         309
  C:2793H         LINE#         310
  C:2796H         LINE#         311
  C:27B9H         LINE#         313
  C:27E8H         LINE#         314
  C:27EEH         LINE#         315
  C:27F6H         LINE#         316
  C:2802H         LINE#         317
  C:2810H         LINE#         318
  C:2810H         LINE#         319
  C:2813H         LINE#         320
  C:2836H         LINE#         322
  C:2865H         LINE#         323
  C:286BH         LINE#         324
  C:2873H         LINE#         325
  -------         ENDPROC       _OLED_SHOWCHINESE
  -------         PROC          _FIND_INDEX
  X:0026H         SYMBOL        a
  -------         DO            
  D:0005H         SYMBOL        i
BL51 BANKED LINKER/LOCATER V6.22.2.0                                                  08/05/2019  14:25:26  PAGE 29


  D:0006H         SYMBOL        b
  -------         ENDDO         
  C:384CH         LINE#         327
  C:3854H         LINE#         328
  C:3854H         LINE#         331
  C:3860H         LINE#         332
  C:3860H         LINE#         333
  C:3878H         LINE#         334
  C:388DH         LINE#         335
  C:3899H         LINE#         336
  C:38ABH         LINE#         337
  C:38AEH         LINE#         338
  C:38B0H         LINE#         339
  -------         ENDPROC       _FIND_INDEX
  -------         PROC          _OLED_SHOWCHINESE2
  X:001CH         SYMBOL        x
  X:001DH         SYMBOL        y
  X:001EH         SYMBOL        chr
  B:0020H.0       SYMBOL        mode
  -------         DO            
  X:0021H         SYMBOL        hz16
  X:0023H         SYMBOL        i
  X:0024H         SYMBOL        ret
  X:0025H         SYMBOL        len
  -------         ENDDO         
  C:2874H         LINE#         341
  C:2885H         LINE#         342
  C:2885H         LINE#         343
  C:288AH         LINE#         344
  C:2893H         LINE#         345
  C:28AFH         LINE#         346
  C:28BAH         LINE#         347
  C:28C7H         LINE#         349
  C:28DCH         LINE#         350
  C:28DCH         LINE#         351
  C:28FFH         LINE#         352
  C:2923H         LINE#         353
  C:2930H         LINE#         354
  C:2936H         LINE#         355
  C:2950H         LINE#         356
  C:2968H         LINE#         357
  C:2971H         LINE#         358
  -------         ENDPROC       _OLED_SHOWCHINESE2
  -------         PROC          _OLED_DRAWBMP
  X:001CH         SYMBOL        x0
  D:0005H         SYMBOL        y0
  X:001EH         SYMBOL        x1
  X:001FH         SYMBOL        y1
  X:0020H         SYMBOL        BMP
  B:0020H.0       SYMBOL        mode
  -------         DO            
  X:0023H         SYMBOL        j
  X:0025H         SYMBOL        x
  X:0026H         SYMBOL        y
  -------         ENDDO         
  C:3398H         LINE#         360
  C:33A2H         LINE#         361
BL51 BANKED LINKER/LOCATER V6.22.2.0                                                  08/05/2019  14:25:26  PAGE 30


  C:33A2H         LINE#         362
  C:33A9H         LINE#         365
  C:33BCH         LINE#         366
  C:33BCH         LINE#         367
  C:33C4H         LINE#         368
  C:33D6H         LINE#         369
  C:33D6H         LINE#         370
  C:33E9H         LINE#         371
  C:33F9H         LINE#         373
  C:3410H         LINE#         374
  C:3418H         LINE#         375
  C:3420H         LINE#         376
  -------         ENDPROC       _OLED_DRAWBMP
  -------         PROC          OLED_INIT
  C:2B3AH         LINE#         379
  C:2B3AH         LINE#         380
  C:2B3AH         LINE#         382
  C:2B40H         LINE#         383
  C:2B40H         LINE#         384
  C:2B43H         LINE#         385
  C:2B4CH         LINE#         386
  C:2B55H         LINE#         387
  C:2B5EH         LINE#         388
  C:2B67H         LINE#         389
  C:2B70H         LINE#         390
  C:2B79H         LINE#         391
  C:2B82H         LINE#         392
  C:2B8BH         LINE#         393
  C:2B94H         LINE#         394
  C:2B9DH         LINE#         395
  C:2BA5H         LINE#         397
  C:2BAEH         LINE#         398
  C:2BB7H         LINE#         400
  C:2BC0H         LINE#         401
  C:2BC9H         LINE#         403
  C:2BD2H         LINE#         404
  C:2BDBH         LINE#         406
  C:2BE4H         LINE#         407
  C:2BEDH         LINE#         409
  C:2BF6H         LINE#         410
  C:2BFFH         LINE#         412
  C:2C08H         LINE#         413
  C:2C11H         LINE#         415
  -------         ENDPROC       OLED_INIT
  -------         ENDMOD        OLED

  -------         MODULE        USART
  C:0000H         SYMBOL        _ICE_DUMMY_
  D:0080H         PUBLIC        P0
  D:0090H         PUBLIC        P1
  D:00A0H         PUBLIC        P2
  D:00B0H         PUBLIC        P3
  D:00C0H         PUBLIC        P4
  D:00C8H         PUBLIC        P5
  B:00A8H.7       PUBLIC        EA
  D:00E8H         PUBLIC        P6
  D:00F8H         PUBLIC        P7
BL51 BANKED LINKER/LOCATER V6.22.2.0                                                  08/05/2019  14:25:26  PAGE 31


  C:0026H         PUBLIC        _SendString
  C:40F8H         PUBLIC        _SendData
  D:00A2H         PUBLIC        P_SW1
  D:00BAH         PUBLIC        P_SW2
  D:00A8H         PUBLIC        IE
  B:00A8H.4       PUBLIC        ES
  D:00B8H         PUBLIC        IP
  B:0098H.0       PUBLIC        RI
  B:0098H.1       PUBLIC        TI
  D:00D8H         PUBLIC        CCON
  D:0099H         PUBLIC        SBUF
  D:0098H         PUBLIC        SCON
  D:0089H         PUBLIC        TMOD
  D:0088H         PUBLIC        TCON
  D:00AFH         PUBLIC        IE2
  D:008EH         PUBLIC        AUXR
  D:00F0H         PUBLIC        B
  D:00E0H         PUBLIC        ACC
  C:3BE7H         PUBLIC        _usart_init
  D:008DH         PUBLIC        TH1
  D:00D6H         PUBLIC        T2H
  C:421DH         PUBLIC        Uart1
  D:008BH         PUBLIC        TL1
  D:00D7H         PUBLIC        T2L
  B:0088H.6       PUBLIC        TR1
  D:009BH         PUBLIC        S2BUF
  D:009AH         PUBLIC        S2CON
  B:0021H.2       PUBLIC        busy1
  B:0021H.3       PUBLIC        busy2
  D:00D0H         PUBLIC        PSW
  C:42F4H         PUBLIC        _putchar
  -------         PROC          _USART_INIT
  D:0007H         SYMBOL        usartNum
  C:3BE7H         LINE#         29
  C:3BE7H         LINE#         30
  C:3BE7H         LINE#         32
  C:3BF3H         LINE#         33
  C:3BF3H         LINE#         34
  C:3BF5H         LINE#         35
  C:3BF7H         LINE#         36
  C:3BF9H         LINE#         49
  C:3BFCH         LINE#         51
  C:3BFFH         LINE#         52
  C:3C02H         LINE#         53
  C:3C05H         LINE#         54
  C:3C08H         LINE#         55
  C:3C0AH         LINE#         56
  C:3C0CH         LINE#         57
  C:3C0EH         LINE#         58
  C:3C0FH         LINE#         59
  C:3C15H         LINE#         60
  C:3C15H         LINE#         61
  C:3C18H         LINE#         65
  C:3C1BH         LINE#         67
  C:3C1EH         LINE#         68
  C:3C21H         LINE#         69
  C:3C24H         LINE#         70
BL51 BANKED LINKER/LOCATER V6.22.2.0                                                  08/05/2019  14:25:26  PAGE 32


  C:3C27H         LINE#         71
  C:3C29H         LINE#         72
  C:3C29H         LINE#         74
  -------         ENDPROC       _USART_INIT
  -------         PROC          UART1
  C:421DH         LINE#         98
  C:421DH         LINE#         100
  C:4220H         LINE#         101
  C:4220H         LINE#         102
  C:4223H         LINE#         103
  C:4225H         LINE#         105
  C:4225H         LINE#         106
  C:4228H         LINE#         107
  C:4228H         LINE#         108
  C:422AH         LINE#         109
  C:422CH         LINE#         110
  C:422CH         LINE#         111
  -------         ENDPROC       UART1
  -------         PROC          _SENDDATA
  D:0007H         SYMBOL        dat
  D:0005H         SYMBOL        usartNum
  C:40F8H         LINE#         115
  C:40F8H         LINE#         116
  C:40F8H         LINE#         117
  C:4104H         LINE#         118
  C:4104H         LINE#         119
  C:4107H         LINE#         120
  C:4108H         LINE#         121
  C:410AH         LINE#         122
  C:410CH         LINE#         123
  C:410DH         LINE#         124
  C:4113H         LINE#         125
  C:4113H         LINE#         126
  C:4116H         LINE#         127
  C:4117H         LINE#         128
  C:4119H         LINE#         129
  C:411BH         LINE#         130
  C:411BH         LINE#         131
  -------         ENDPROC       _SENDDATA
  -------         PROC          _SENDSTRING
  X:00DDH         SYMBOL        s
  D:0006H         SYMBOL        usartNum
  C:0026H         LINE#         135
  C:0033H         LINE#         136
  C:0033H         LINE#         137
  C:003EH         LINE#         138
  C:003EH         LINE#         139
  C:004EH         LINE#         140
  C:004EH         LINE#         141
  C:0065H         LINE#         142
  C:0067H         LINE#         143
  C:0067H         LINE#         144
  C:0074H         LINE#         145
  C:0074H         LINE#         146
  C:0084H         LINE#         147
  C:0084H         LINE#         148
  C:009BH         LINE#         149
BL51 BANKED LINKER/LOCATER V6.22.2.0                                                  08/05/2019  14:25:26  PAGE 33


  C:009DH         LINE#         150
  C:009DH         LINE#         152
  -------         ENDPROC       _SENDSTRING
  -------         PROC          _PUTCHAR
  D:0006H         SYMBOL        c
  C:42F4H         LINE#         156
  C:42F6H         LINE#         157
  C:42F6H         LINE#         158
  -------         ENDPROC       _PUTCHAR
  -------         ENDMOD        USART

  -------         MODULE        TIMER
  C:0000H         SYMBOL        _ICE_DUMMY_
  D:0080H         PUBLIC        P0
  D:0090H         PUBLIC        P1
  D:00A0H         PUBLIC        P2
  D:00B0H         PUBLIC        P3
  D:00C0H         PUBLIC        P4
  D:00C8H         PUBLIC        P5
  B:00A8H.7       PUBLIC        EA
  D:00E8H         PUBLIC        P6
  D:00F8H         PUBLIC        P7
  D:00A8H         PUBLIC        IE
  D:00B8H         PUBLIC        IP
  D:00D8H         PUBLIC        CCON
[...]
  C:14A6H         LINE#         174
  C:14BBH         LINE#         176
  C:14BBH         LINE#         177
  C:14C1H         LINE#         178
  C:14C1H         LINE#         179
  C:14C6H         LINE#         180
  C:14C6H         LINE#         181
  C:14C9H         LINE#         183
  C:14C9H         LINE#         184
  C:14D0H         LINE#         185
  C:14D0H         LINE#         186
  C:14E0H         LINE#         187
  C:14E0H         LINE#         188
  C:14E4H         LINE#         189
  C:14E6H         LINE#         190
  C:14E9H         LINE#         191
  C:14ECH         LINE#         192
  C:14EEH         LINE#         194
  C:14FFH         LINE#         195
  C:1510H         LINE#         198
  C:1512H         LINE#         200
  C:1512H         LINE#         202
  C:1515H         LINE#         203
  C:1518H         LINE#         204
  C:1527H         LINE#         205
  C:1527H         LINE#         206
  C:1527H         LINE#         208
  C:1527H         LINE#         209
  C:153CH         LINE#         210
  C:153CH         LINE#         211
  C:1547H         LINE#         212
  C:1547H         LINE#         213
  C:1578H         LINE#         214
  C:1578H         LINE#         215
  C:1578H         LINE#         216
  C:1578H         LINE#         217
  C:1578H         LINE#         218
  C:1578H         LINE#         219
  C:15A3H         LINE#         220
  C:15BDH         LINE#         221
  C:15CDH         LINE#         222
  C:15D0H         LINE#         223
  C:15D0H         LINE#         224
  C:15FCH         LINE#         225
  C:1616H         LINE#         226
  C:1626H         LINE#         227
  C:1629H         LINE#         228
  C:1629H         LINE#         229
  C:1655H         LINE#         230
  C:166FH         LINE#         231
  C:167FH         LINE#         232
  C:1682H         LINE#         233
  C:1682H         LINE#         234
  C:16AEH         LINE#         235
  C:16C8H         LINE#         236
  C:16D8H         LINE#         237
BL51 BANKED LINKER/LOCATER V6.22.2.0                                                  08/05/2019  14:25:26  PAGE 51


  C:16DBH         LINE#         238
  C:16DBH         LINE#         239
  C:1707H         LINE#         240
  C:1721H         LINE#         241
  C:1731H         LINE#         242
  C:1734H         LINE#         243
  C:1734H         LINE#         244
  C:1760H         LINE#         245
  C:177AH         LINE#         246
  C:178AH         LINE#         247
  C:178CH         LINE#         248
  C:178CH         LINE#         249
  C:17B8H         LINE#         250
  C:17CBH         LINE#         251
  C:17CBH         LINE#         252
  C:17CBH         LINE#         253
  C:17CBH         LINE#         254
  C:17CBH         LINE#         255
  C:17E1H         LINE#         256
  C:17E1H         LINE#         257
  C:17ECH         LINE#         258
  C:17ECH         LINE#         259
  C:181DH         LINE#         260
  C:181DH         LINE#         261
  C:181DH         LINE#         262
  C:181DH         LINE#         263
  C:181DH         LINE#         264
  C:181DH         LINE#         265
  C:1843H         LINE#         266
  C:185DH         LINE#         267
  C:186DH         LINE#         268
  C:1870H         LINE#         269
  C:1870H         LINE#         270
  C:1897H         LINE#         271
  C:18B1H         LINE#         272
  C:18C1H         LINE#         273
  C:18C4H         LINE#         274
  C:18C4H         LINE#         275
  C:18EBH         LINE#         276
  C:1905H         LINE#         277
  C:1915H         LINE#         278
  C:1918H         LINE#         279
  C:1918H         LINE#         280
  C:193FH         LINE#         281
  C:1959H         LINE#         282
  C:1969H         LINE#         283
  C:196CH         LINE#         284
  C:196CH         LINE#         285
  C:1993H         LINE#         286
  C:19ADH         LINE#         287
  C:19BDH         LINE#         288
  C:19C0H         LINE#         289
  C:19C0H         LINE#         290
  C:19E7H         LINE#         291
  C:1A01H         LINE#         292
  C:1A11H         LINE#         293
  C:1A13H         LINE#         294
BL51 BANKED LINKER/LOCATER V6.22.2.0                                                  08/05/2019  14:25:26  PAGE 52


  C:1A13H         LINE#         295
  C:1A3AH         LINE#         296
  C:1A4DH         LINE#         297
  C:1A4DH         LINE#         298
  C:1A4DH         LINE#         299
  C:1A4DH         LINE#         300
  C:1A4DH         LINE#         301
  C:1A63H         LINE#         302
  C:1A63H         LINE#         303
  C:1A63H         LINE#         305
  C:1A63H         LINE#         306
  C:1A6EH         LINE#         307
  -------         ENDPROC       _GUI_DLGRTCDEMOPROC
  -------         PROC          GUI_DLGRTCDEMOOPEN
  C:2E71H         LINE#         314
  C:2E71H         LINE#         315
  C:2E71H         LINE#         316
  C:2E76H         LINE#         317
  C:2E85H         LINE#         318
  C:2E89H         LINE#         320
  C:2E8CH         LINE#         321
  C:2EA1H         LINE#         323
  C:2EB6H         LINE#         324
  C:2ECBH         LINE#         325
  C:2EE0H         LINE#         327
  C:2EF1H         LINE#         328
  C:2F02H         LINE#         330
  C:2F0FH         LINE#         331
  -------         ENDPROC       GUI_DLGRTCDEMOOPEN
  -------         ENDMOD        DLG_RTCDEMO

  -------         MODULE        DLG_DHTDEMO
  C:0000H         SYMBOL        _ICE_DUMMY_
  C:3EF4H         PUBLIC        InitDHTDemo
  D:0080H         PUBLIC        P0
  D:0090H         PUBLIC        P1
  D:00A0H         PUBLIC        P2
  D:00B0H         PUBLIC        P3
  D:00C0H         PUBLIC        P4
  D:00C8H         PUBLIC        P5
  B:00A8H.7       PUBLIC        EA
  D:00E8H         PUBLIC        P6
  D:00F8H         PUBLIC        P7
  X:00D7H         PUBLIC        humi_s
  X:00DAH         PUBLIC        temp_s
  D:00A8H         PUBLIC        IE
  D:00B8H         PUBLIC        IP
  D:00D8H         PUBLIC        CCON
  C:40C3H         SYMBOL        g_con_list
  D:0098H         PUBLIC        SCON
  D:0088H         PUBLIC        TCON
  C:37E6H         PUBLIC        gui_DlgDHTDemoOpen
  C:253DH         PUBLIC        _gui_DlgDHTDemoProc
  D:00F0H         PUBLIC        B
  D:00E0H         PUBLIC        ACC
  I:0032H         SYMBOL        g_con_active
  D:00D0H         PUBLIC        PSW
BL51 BANKED LINKER/LOCATER V6.22.2.0                                                  08/05/2019  14:25:26  PAGE 53


  -------         PROC          INITDHTDEMO
  -------         DO            
  X:000AH         SYMBOL        p
  -------         ENDDO         
  C:3EF4H         LINE#         19
  C:3EF4H         LINE#         20
  C:3EF4H         LINE#         21
  C:3F02H         LINE#         22
  C:3F16H         LINE#         23
  -------         ENDPROC       INITDHTDEMO
  -------         PROC          _GUI_DLGDHTDEMOPROC
  X:0008H         SYMBOL        msg_type
  X:0009H         SYMBOL        msg_code
  -------         DO            
  D:0005H         SYMBOL        DHT_temp
  X:000AH         SYMBOL        p
  X:000DH         SYMBOL        ticks
  -------         ENDDO         
  C:253DH         LINE#         26
  C:2545H         LINE#         27
  C:2545H         LINE#         29
  C:2555H         LINE#         30
  C:255EH         LINE#         31
  C:255EH         LINE#         33
  C:2568H         LINE#         34
  C:2568H         LINE#         36
  C:256BH         LINE#         38
  C:256BH         LINE#         39
  C:2576H         LINE#         40
  C:2576H         LINE#         42
  C:25ACH         LINE#         43
  C:25ACH         LINE#         44
  C:25C8H         LINE#         45
  C:25CAH         LINE#         46
  C:25CDH         LINE#         47
  C:25DFH         LINE#         48
  C:25EBH         LINE#         49
  C:25F6H         LINE#         50
  C:2608H         LINE#         51
  C:2614H         LINE#         52
  C:2621H         LINE#         53
  C:2636H         LINE#         54
  C:264BH         LINE#         55
  C:264DH         LINE#         56
  C:264DH         LINE#         59
  C:264DH         LINE#         60
  C:2658H         LINE#         61
  -------         ENDPROC       _GUI_DLGDHTDEMOPROC
  -------         PROC          GUI_DLGDHTDEMOOPEN
  C:37E6H         LINE#         63
  C:37E6H         LINE#         64
  C:37E6H         LINE#         65
  C:37EBH         LINE#         66
  C:37FAH         LINE#         68
  C:37FDH         LINE#         69
  C:3812H         LINE#         70
  C:3827H         LINE#         71
BL51 BANKED LINKER/LOCATER V6.22.2.0                                                  08/05/2019  14:25:26  PAGE 54


  C:383CH         LINE#         73
  C:3849H         LINE#         74
  -------         ENDPROC       GUI_DLGDHTDEMOOPEN
  -------         ENDMOD        DLG_DHTDEMO

  -------         MODULE        DLG_BUZZERTDEMO
  C:0000H         SYMBOL        _ICE_DUMMY_
  D:0080H         PUBLIC        P0
  D:0090H         PUBLIC        P1
  D:00A0H         PUBLIC        P2
  D:00B0H         PUBLIC        P3
  D:00C0H         PUBLIC        P4
  D:00C8H         PUBLIC        P5
  D:00E8H         PUBLIC        P6
  D:00F8H         PUBLIC        P7
  D:00A8H         PUBLIC        IE
  D:00B8H         PUBLIC        IP
  D:00D8H         PUBLIC        CCON
  C:3F27H         SYMBOL        InitBuzzerDemo
  C:36DDH         SYMBOL        g_con_list
  D:0098H         PUBLIC        SCON
  D:0088H         PUBLIC        TCON
  D:00F0H         PUBLIC        B
  D:00E0H         PUBLIC        ACC
  C:3D69H         PUBLIC        gui_DlgBuzzerDemoOpen
  C:2CEDH         PUBLIC        _gui_DlgBuzzerDemoProc
  I:0033H         SYMBOL        g_con_active
  D:00D0H         PUBLIC        PSW
  -------         PROC          INITBUZZERDEMO
  -------         DO            
  X:000AH         SYMBOL        p
  -------         ENDDO         
  C:3F27H         LINE#         22
  C:3F27H         LINE#         23
  C:3F27H         LINE#         24
  C:3F35H         LINE#         25
  C:3F49H         LINE#         26
  -------         ENDPROC       INITBUZZERDEMO
  -------         PROC          _GUI_DLGBUZZERDEMOPROC
  X:0008H         SYMBOL        msg_type
  X:0009H         SYMBOL        msg_code
  -------         DO            
  X:000AH         SYMBOL        p
  X:000DH         SYMBOL        ticks
  -------         ENDDO         
  C:2CEDH         LINE#         29
  C:2CF5H         LINE#         30
  C:2CF5H         LINE#         31
  C:2D05H         LINE#         32
  C:2D0EH         LINE#         33
  C:2D0EH         LINE#         35
  C:2D14H         LINE#         36
  C:2D14H         LINE#         37
  C:2D1AH         LINE#         38
  C:2D1AH         LINE#         39
  C:2D2FH         LINE#         41
  C:2D2FH         LINE#         42
BL51 BANKED LINKER/LOCATER V6.22.2.0                                                  08/05/2019  14:25:26  PAGE 55


  C:2D37H         LINE#         43
  C:2D37H         LINE#         44
  C:2D4CH         LINE#         46
  C:2D4CH         LINE#         47
  C:2D54H         LINE#         48
  C:2D54H         LINE#         49
  C:2D57H         LINE#         51
  C:2D57H         LINE#         52
  C:2D57H         LINE#         53
  C:2D5FH         LINE#         54
  C:2D5FH         LINE#         56
  C:2D92H         LINE#         57
  C:2D92H         LINE#         58
  C:2DAEH         LINE#         59
  C:2DAEH         LINE#         60
  C:2DAEH         LINE#         61
  C:2DB9H         LINE#         62
  -------         ENDPROC       _GUI_DLGBUZZERDEMOPROC
  -------         PROC          GUI_DLGBUZZERDEMOOPEN
  C:3D69H         LINE#         64
  C:3D69H         LINE#         65
  C:3D69H         LINE#         66
  C:3D6EH         LINE#         67
  C:3D7DH         LINE#         69
  C:3D80H         LINE#         70
  C:3D95H         LINE#         72
  C:3DA2H         LINE#         73
  -------         ENDPROC       GUI_DLGBUZZERDEMOOPEN
  -------         ENDMOD        DLG_BUZZERTDEMO

  -------         MODULE        BUZZER
  C:0000H         SYMBOL        _ICE_DUMMY_
  D:0080H         PUBLIC        P0
  D:0090H         PUBLIC        P1
  D:00A0H         PUBLIC        P2
  D:00B0H         PUBLIC        P3
  D:00C0H         PUBLIC        P4
  D:00C8H         PUBLIC        P5
  D:00E8H         PUBLIC        P6
  D:00F8H         PUBLIC        P7
  D:00A8H         PUBLIC        IE
  D:00B8H         PUBLIC        IP
  D:00D8H         PUBLIC        CCON
  D:0098H         PUBLIC        SCON
  D:0088H         PUBLIC        TCON
  D:00F0H         PUBLIC        B
  C:401EH         PUBLIC        play_tick
  D:00E0H         PUBLIC        ACC
  D:00D0H         PUBLIC        PSW
  B:00A0H.3       PUBLIC        Beep
  -------         PROC          PLAY_TICK
  -------         DO            
  X:0005H         SYMBOL        tick_num
  -------         ENDDO         
  C:401EH         LINE#         23
  C:401EH         LINE#         24
  C:401EH         LINE#         26
BL51 BANKED LINKER/LOCATER V6.22.2.0                                                  08/05/2019  14:25:26  PAGE 56


  C:4025H         LINE#         27
  C:4025H         LINE#         28
  C:4027H         LINE#         29
  C:402EH         LINE#         30
  C:404BH         LINE#         31
  -------         ENDPROC       PLAY_TICK
  -------         ENDMOD        BUZZER

  -------         MODULE        ?C?SCDIV
  C:1A6FH         PUBLIC        ?C?SCDIV
  -------         ENDMOD        ?C?SCDIV

  -------         MODULE        ?C?CLDPTR
  C:1A91H         PUBLIC        ?C?CLDPTR
  -------         ENDMOD        ?C?CLDPTR

  -------         MODULE        ?C?CLDOPTR
  C:1AAAH         PUBLIC        ?C?CLDOPTR
  -------         ENDMOD        ?C?CLDOPTR

  -------         MODULE        ?C?CSTPTR
  C:1AD7H         PUBLIC        ?C?CSTPTR
  -------         ENDMOD        ?C?CSTPTR

  -------         MODULE        ?C?IMUL
  C:1AE9H         PUBLIC        ?C?IMUL
  -------         ENDMOD        ?C?IMUL

  -------         MODULE        ?C?UIDIV
  C:1AFBH         PUBLIC        ?C?UIDIV
  -------         ENDMOD        ?C?UIDIV

  -------         MODULE        ?C?ILDIX
  C:1B50H         PUBLIC        ?C?ILDIX
  -------         ENDMOD        ?C?ILDIX

  -------         MODULE        ?C?ILDOPTR
  C:1B66H         PUBLIC        ?C?ILDOPTR
  -------         ENDMOD        ?C?ILDOPTR

  -------         MODULE        ?C?IILDOPTR
  C:1B9EH         PUBLIC        ?C?IILDOPTR
  -------         ENDMOD        ?C?IILDOPTR

  -------         MODULE        ?C?ISTOPTR
  C:1BEBH         PUBLIC        ?C?ISTOPTR
  -------         ENDMOD        ?C?ISTOPTR

  -------         MODULE        ?C?ULCMP
  C:1C18H         PUBLIC        ?C?ULCMP
  -------         ENDMOD        ?C?ULCMP

  -------         MODULE        ?C?LSTPTR
  C:1C29H         PUBLIC        ?C?LSTPTR
  -------         ENDMOD        ?C?LSTPTR

  -------         MODULE        ?C?LSTOPTR
BL51 BANKED LINKER/LOCATER V6.22.2.0                                                  08/05/2019  14:25:26  PAGE 57


  C:1C43H         PUBLIC        ?C?LSTOPTR
  -------         ENDMOD        ?C?LSTOPTR

  -------         MODULE        ?C?LLDIDATA
  C:1C67H         PUBLIC        ?C?LLDIDATA
  -------         ENDMOD        ?C?LLDIDATA

  -------         MODULE        ?C?LLDIDATA0
  C:1C73H         PUBLIC        ?C?LLDIDATA0
  -------         ENDMOD        ?C?LLDIDATA0

  -------         MODULE        ?C?LLDPTR0
  C:1C80H         PUBLIC        ?C?LLDPTR0
  -------         ENDMOD        ?C?LLDPTR0

  -------         MODULE        ?C?LLDOPTR0
  C:1CA0H         PUBLIC        ?C?LLDOPTR0
  -------         ENDMOD        ?C?LLDOPTR0

  -------         MODULE        ?C?LSTIDATA
  C:1CD0H         PUBLIC        ?C?LSTIDATA
  -------         ENDMOD        ?C?LSTIDATA

  -------         MODULE        ?C?LSTXDATA
  C:1CDCH         PUBLIC        ?C?LSTXDATA
  -------         ENDMOD        ?C?LSTXDATA

  -------         MODULE        ?C?PLDOPTR
  C:1CE8H         PUBLIC        ?C?PLDOPTR
  -------         ENDMOD        ?C?PLDOPTR

  -------         MODULE        PRINTF
  X:0026H         PUBLIC        ?_PRINTF517?BYTE
  X:0026H         PUBLIC        ?_PRINTF?BYTE
  X:0026H         PUBLIC        ?_SPRINTF517?BYTE
  X:0026H         PUBLIC        ?_SPRINTF?BYTE
  C:1E67H         PUBLIC        _PRINTF
  C:1E67H         PUBLIC        _PRINTF517
  C:1E61H         PUBLIC        _SPRINTF
  C:1E61H         PUBLIC        _SPRINTF517
  -------         ENDMOD        PRINTF

  -------         MODULE        ?C?MEMSET
  C:1D18H         PUBLIC        ?C?MEMSET
  -------         ENDMOD        ?C?MEMSET

  -------         MODULE        ?C?IILDX
  C:1D44H         PUBLIC        ?C?IILDX
  -------         ENDMOD        ?C?IILDX

  -------         MODULE        ?C?LLDXDATA0
  C:1D5AH         PUBLIC        ?C?LLDXDATA0
  -------         ENDMOD        ?C?LLDXDATA0

  -------         MODULE        ?C?LLDPDATA0
  C:1D66H         PUBLIC        ?C?LLDPDATA0
  -------         ENDMOD        ?C?LLDPDATA0
BL51 BANKED LINKER/LOCATER V6.22.2.0                                                  08/05/2019  14:25:26  PAGE 58



  -------         MODULE        ?C?LLDCODE0
  C:1D73H         PUBLIC        ?C?LLDCODE0
  -------         ENDMOD        ?C?LLDCODE0

  -------         MODULE        ?C?LSTPDATA
  C:1D83H         PUBLIC        ?C?LSTPDATA
  -------         ENDMOD        ?C?LSTPDATA

  -------         MODULE        ?C?PLDIDATA
  C:1D8FH         PUBLIC        ?C?PLDIDATA
  -------         ENDMOD        ?C?PLDIDATA

  -------         MODULE        ?C?PLDXDATA
  C:1D98H         PUBLIC        ?C?PLDXDATA
  -------         ENDMOD        ?C?PLDXDATA

  -------         MODULE        ?C?PLDIXDATA
  C:1DA1H         PUBLIC        ?C?PLDIXDATA
  -------         ENDMOD        ?C?PLDIXDATA

  -------         MODULE        ?C?PSTXDATA
  C:1DB8H         PUBLIC        ?C?PSTXDATA
  -------         ENDMOD        ?C?PSTXDATA

  -------         MODULE        ?C?PLDPDATA
  C:1DC1H         PUBLIC        ?C?PLDPDATA
  -------         ENDMOD        ?C?PLDPDATA

  -------         MODULE        ?C?PLDCODE
  C:1DCAH         PUBLIC        ?C?PLDCODE
  -------         ENDMOD        ?C?PLDCODE

  -------         MODULE        ?C?CCASE
  C:1DD6H         PUBLIC        ?C?CCASE
  -------         ENDMOD        ?C?CCASE

*** WARNING L16: UNCALLED SEGMENT, IGNORED FOR OVERLAY PROCESS
    SEGMENT: ?PR?LED_ALL_ON?LED

*** WARNING L16: UNCALLED SEGMENT, IGNORED FOR OVERLAY PROCESS
    SEGMENT: ?PR?_FILL_PICTURE?OLED

*** WARNING L16: UNCALLED SEGMENT, IGNORED FOR OVERLAY PROCESS
    SEGMENT: ?PR?OLED_DISPLAY_ON?OLED

*** WARNING L16: UNCALLED SEGMENT, IGNORED FOR OVERLAY PROCESS
    SEGMENT: ?PR?OLED_DISPLAY_OFF?OLED

*** WARNING L16: UNCALLED SEGMENT, IGNORED FOR OVERLAY PROCESS
    SEGMENT: ?PR?OLED_ON?OLED

*** WARNING L16: UNCALLED SEGMENT, IGNORED FOR OVERLAY PROCESS
    SEGMENT: ?PR?_OLED_SHOWNUM?OLED

*** WARNING L16: UNCALLED SEGMENT, IGNORED FOR OVERLAY PROCESS
    SEGMENT: ?PR?_SENDSTRING?USART
BL51 BANKED LINKER/LOCATER V6.22.2.0                                                  08/05/2019  14:25:26  PAGE 59



*** WARNING L16: UNCALLED SEGMENT, IGNORED FOR OVERLAY PROCESS
    SEGMENT: ?PR?TIMER3INIT?TIMER

Program Size: data=52.7 xdata=230 code=17150
LINK/LOCATE RUN COMPLETE.  8 WARNING(S),  0 ERROR(S)
